# raw CPAP telemetry
T,482997,6.95,1.09,0
# telem on
T,483017,6.96,0.05,0
T,483037,6.87,-0.74,0
T,483057,6.92,-0.52,0
T,483077,6.89,-0.90,0
T,483097,6.87,-1.32,0
T,483117,6.89,-1.59,0
T,483137,6.94,-1.23,0
T,483157,6.88,-0.90,0
T,483177,6.92,-0.12,0
T,483197,6.89,0.37,0
T,483217,6.92,0.46,0
T,483237,6.88,1.97,0
T,483257,6.86,2.14,0
T,483277,6.89,1.48,0
T,483297,6.89,0.67,0
T,483317,6.93,1.04,0
T,483337,6.87,0.62,0
T,483357,6.91,0.17,0
T,483377,6.92,0.76,0
T,483397,6.90,0.84,0
T,483417,6.93,0.72,0
T,483437,6.90,0.53,0
T,483457,6.91,-0.11,0
T,483477,6.92,0.18,0
T,483497,6.91,-0.22,0
T,483517,6.98,-0.00,0
T,483537,6.88,-0.36,0
T,483557,6.93,-0.44,0
T,483577,6.88,-0.74,0
T,483597,6.90,-1.26,0
T,483617,6.91,-1.88,0
T,483637,6.90,-2.06,0
T,483657,6.86,-1.83,0
T,483677,6.89,-1.34,0
T,483697,6.89,-0.73,0
T,483717,6.89,-0.79,0
T,483737,6.88,-1.01,0
T,483757,6.90,-0.73,0
T,483777,6.96,-0.63,0
T,483797,6.89,-0.50,0
T,483817,6.90,-0.55,0
T,483837,6.94,0.55,0
T,483857,6.92,0.65,0
T,483877,6.88,1.33,0
T,483897,6.87,1.08,0
T,483917,6.90,1.95,0
T,483937,6.85,1.16,0
T,483957,6.88,0.74,0
T,483977,6.87,0.62,0
T,483997,6.84,1.03,0
T,484017,6.92,0.80,0
T,484037,6.86,0.01,0
T,484057,6.89,-0.27,0
T,484077,6.93,-0.93,0
T,484097,6.84,-1.33,0
T,484117,6.86,-1.37,0
T,484137,6.84,-0.90,0
T,484157,6.91,0.76,0
T,484177,6.93,1.04,0
T,484197,6.96,0.57,0
T,484217,6.92,0.39,0
T,484237,6.93,1.17,0
T,484257,6.92,0.81,0
T,484277,6.90,0.45,0
T,484297,6.93,-0.04,0
T,484317,6.95,-0.35,0
T,484337,6.97,-0.78,0
T,484357,6.92,-0.67,0
T,484377,6.92,-0.27,0
T,484397,6.88,-0.25,0
T,484417,6.90,0.17,0
T,484437,6.87,0.86,0
T,484457,6.92,1.48,0
T,484477,6.85,1.05,0
T,484497,6.93,0.93,0
T,484517,6.94,1.22,0
T,484537,6.91,1.62,0
T,484557,6.97,1.58,0
T,484577,7.00,1.62,0
T,484597,6.97,2.52,0
T,484617,6.85,2.47,0
T,484637,6.94,2.45,0
T,484657,6.88,2.49,0
T,484677,6.92,2.13,0
T,484697,6.93,1.86,0
T,484717,6.90,1.48,0
T,484737,6.91,1.39,0
T,484757,6.89,0.95,0
T,484777,6.85,2.30,0
T,484797,6.97,2.18,0
T,484817,6.90,2.75,0
T,484837,6.97,3.50,0
T,484857,6.87,3.79,0
T,484877,6.94,4.13,0
T,484897,6.93,3.15,0
T,484917,6.86,3.48,0
T,484937,6.88,2.75,0
T,484957,6.89,3.34,0
T,484977,6.92,2.35,0
T,484997,6.90,1.67,0
T,485017,6.83,0.71,0
T,485037,6.96,0.85,0
T,485057,6.88,1.15,0
T,485077,6.97,1.39,0
T,485097,6.90,1.30,0
T,485117,6.93,0.68,0
T,485137,6.84,0.57,0
T,485157,6.94,0.33,0
T,485177,6.88,1.86,0
T,485197,6.98,1.96,0
T,485217,6.86,2.36,0
T,485237,6.87,1.82,0
T,485257,6.85,2.32,0
T,485277,6.95,2.41,0
T,485297,6.93,2.23,0
T,485317,6.92,1.49,0
T,485337,6.89,2.27,0
T,485357,6.93,1.22,0
T,485377,6.95,0.94,0
T,485397,6.88,0.62,0
T,485417,6.85,0.12,0
T,485437,6.89,-0.60,0
T,485457,6.94,-0.89,0
T,485477,6.92,0.00,0
T,485497,6.89,0.25,0
T,485517,6.85,-0.34,0
T,485537,6.87,0.74,0
T,485557,6.91,0.35,0
T,485577,6.87,0.06,0
T,485597,6.89,0.13,0
T,485617,6.89,0.25,0
T,485637,6.94,0.00,0
T,485657,6.84,-0.12,0
T,485677,6.91,0.15,0
T,485697,6.84,-0.37,0
T,485717,6.86,0.03,0
T,485737,6.89,0.10,0
T,485757,6.86,0.41,0
T,485777,6.91,0.58,0
T,485797,6.88,0.32,0
T,485817,6.90,0.07,0
T,485837,7.03,-0.17,0
T,485857,6.99,-0.45,0
T,485877,6.95,-1.05,0
T,485897,6.90,-0.94,0
T,485917,6.91,-1.11,0
T,485937,6.97,-1.28,0
T,485957,6.97,-1.66,0
T,485977,6.96,-1.50,0
T,485997,6.93,-1.25,0
T,486017,6.96,-0.98,0
T,486037,6.90,-1.32,0
T,486057,6.96,-1.51,0
T,486077,6.96,-0.85,0
T,486097,6.89,-0.11,0
T,486117,6.93,0.20,0
T,486137,7.02,-0.08,0
T,486157,6.94,0.05,0
T,486177,6.90,-0.22,0
T,486197,6.87,-0.61,0
T,486217,6.87,-1.14,0
T,486237,6.88,-0.96,0
T,486257,6.95,-0.93,0
T,486277,6.90,-0.68,0
T,486297,6.93,-0.29,0
T,486317,6.91,-0.29,0
T,486337,6.87,-0.33,0
T,486357,6.93,-0.28,0
T,486377,6.82,0.39,0
T,486397,6.89,0.12,0
T,486417,6.91,-0.32,0
T,486437,6.88,-0.32,0
T,486457,6.94,0.14,0
T,486477,6.94,0.81,0
T,486497,6.98,0.63,0
T,486517,6.86,0.56,0
T,486537,6.90,0.55,0
T,486557,6.90,0.39,0
T,486577,6.89,0.40,0
T,486597,6.93,0.91,0
T,486617,6.89,3.96,0
T,486637,6.91,3.37,0
T,486657,6.90,3.87,0
T,486677,6.84,2.87,0
T,486697,6.92,2.50,0
T,486717,6.92,1.76,0
T,486737,6.94,1.26,0
T,486757,6.90,1.71,0
T,486777,6.91,0.98,0
T,486797,6.94,1.89,0
T,486817,6.93,1.33,0
T,486837,6.92,0.73,0
T,486857,6.89,0.28,0
T,486877,6.94,-0.11,0
T,486897,6.90,-0.13,0
T,486917,6.89,0.29,0
T,486937,6.94,0.33,0
T,486957,6.92,0.43,0
T,486977,6.93,0.05,0
T,486997,6.91,-0.59,0
T,487017,6.89,-1.07,0
T,487037,6.89,-1.17,0
T,487057,6.87,-1.22,0
T,487077,6.83,-1.32,0
T,487097,6.88,0.17,0
T,487117,6.83,1.89,0
T,487137,6.95,1.79,0
T,487157,6.91,1.81,0
T,487177,6.91,1.32,0
T,487197,6.93,0.59,0
T,487217,6.95,-0.18,0
T,487237,6.98,-0.25,0
T,487257,6.93,-0.62,0
T,487277,6.91,0.51,0
T,487297,6.90,0.39,0
T,487317,6.89,0.24,0
T,487337,6.91,-0.37,0
T,487357,6.90,0.03,0
T,487377,6.89,0.30,0
T,487397,6.90,-0.08,0
T,487417,6.94,-0.12,0
T,487437,6.88,-0.20,0
T,487457,6.90,0.57,0
T,487477,6.86,0.69,0
T,487497,6.91,0.29,0
T,487517,6.85,0.54,0
T,487537,6.90,0.02,0
T,487557,6.92,0.02,0
T,487577,6.93,-0.37,0
T,487597,6.93,-0.51,0
T,487617,6.85,-1.15,0
T,487637,6.90,0.03,0
T,487657,6.91,0.68,0
T,487677,6.84,0.51,0
T,487697,6.95,-0.06,0
T,487717,6.94,-0.37,0
T,487737,6.88,-0.16,0
T,487757,6.92,0.64,0
T,487777,6.88,0.49,0
T,487797,6.94,0.91,0
T,487817,6.88,0.03,0
T,487837,6.84,0.89,0
T,487857,6.90,0.40,0
T,487877,6.88,-0.08,0
T,487897,6.89,0.18,0
T,487917,6.79,1.32,0
T,487937,6.91,1.70,0
T,487957,6.90,1.26,0
T,487977,6.91,1.07,0
T,487997,6.90,0.59,0
T,488017,6.89,0.05,0
T,488037,6.93,-0.40,0
T,488057,6.90,-0.77,0
T,488077,6.89,-0.42,0
T,488097,6.93,0.33,0
T,488117,6.91,1.10,0
T,488137,6.89,1.14,0
T,488157,6.85,1.04,0
T,488177,6.86,0.34,0
T,488197,6.94,0.68,0
T,488217,6.88,0.75,0
T,488237,6.90,0.88,0
T,488257,6.99,0.92,0
T,488277,6.87,1.81,0
T,488297,6.85,2.42,0
T,488317,6.90,2.17,0
T,488337,6.89,1.67,0
T,488357,6.94,0.93,0
T,488377,6.88,0.65,0
T,488397,6.92,0.10,0
T,488417,6.91,0.31,0
T,488437,6.90,0.05,0
T,488457,6.92,0.23,0
T,488477,6.86,0.98,0
T,488497,6.93,0.62,0
T,488517,6.91,0.54,0
T,488537,6.86,-0.01,0
T,488557,6.87,-0.09,0
T,488577,6.89,-0.21,0
T,488597,6.92,-0.69,0
T,488617,6.89,-1.03,0
T,488637,6.90,-1.48,0
T,488657,6.90,-0.98,0
T,488677,6.87,-0.71,0
T,488697,6.91,-0.11,0
T,488717,6.89,-0.21,0
T,488737,6.87,-0.32,0
T,488757,6.94,-0.43,0
T,488777,6.86,-0.78,0
T,488797,6.89,-0.76,0
T,488817,6.85,-0.92,0
T,488837,6.89,0.93,0
T,488857,6.87,1.18,0
T,488877,6.91,0.90,0
T,488897,6.86,0.54,0
T,488917,6.91,2.13,0
T,488937,6.93,2.48,0
T,488957,6.95,1.70,0
T,488977,6.93,0.96,0
T,488997,6.89,0.21,0
T,489017,6.87,0.49,0
T,489037,6.88,0.12,0
T,489057,6.92,0.48,0
T,489077,6.91,-0.03,0
T,489097,6.87,0.24,0
T,489117,6.91,0.24,0
T,489137,6.93,0.14,0
T,489157,6.88,0.22,0
T,489177,6.90,1.35,0
T,489197,6.99,2.39,0
T,489217,6.88,2.43,0
T,489237,6.86,2.10,0
T,489257,6.91,1.91,0
T,489277,6.92,1.91,0
T,489297,6.98,1.59,0
T,489317,6.94,1.05,0
T,489337,6.88,1.29,0
T,489357,6.93,0.47,0
T,489377,6.92,2.07,0
T,489397,6.90,2.74,0
T,489417,6.92,2.78,0
T,489437,6.94,2.63,0
T,489457,6.97,2.16,0
T,489477,6.90,3.23,0
T,489497,6.91,2.68,0
T,489517,6.98,2.66,0
T,489537,6.97,2.13,0
T,489557,6.89,2.18,0
T,489577,6.91,1.93,0
T,489597,6.94,1.03,0
T,489617,6.90,0.83,0
T,489637,6.92,0.30,0
T,489657,6.81,0.40,0
T,489677,6.91,1.08,0
T,489697,6.97,0.85,0
T,489717,6.91,0.50,0
T,489737,6.87,0.13,0
T,489757,6.87,-0.62,0
T,489777,6.87,-0.38,0
T,489797,6.97,-0.34,0
T,489817,6.93,0.63,0
T,489837,6.92,0.52,0
T,489857,6.89,0.69,0
T,489877,6.95,-0.37,0
T,489897,6.84,-0.74,0
T,489917,6.96,-0.34,0
T,489937,6.93,-0.62,0
T,489957,6.86,0.06,0
T,489977,6.88,0.02,0
T,489997,6.88,0.30,0
R,490006,17500,16494,6.88
[490.006] I [BLR] set speed 17500 rpm, ramp=0 ms
T,490017,6.94,0.31,0
T,490037,7.17,-0.41,0
T,490057,7.34,-0.21,0
T,490077,7.37,-0.83,0
T,490097,7.49,-1.51,0
T,490117,7.58,-1.87,0
T,490137,7.59,-2.29,0
T,490157,7.76,-1.29,0
T,490177,7.68,-2.48,0
T,490197,7.78,-2.27,0
T,490217,7.71,-2.47,0
T,490237,7.74,-1.21,0
T,490257,7.83,-0.80,0
T,490277,7.81,-0.86,0
T,490297,7.75,-0.85,0
T,490317,7.70,-1.17,0
T,490337,7.84,-0.39,0
T,490357,7.74,-0.92,0
T,490377,7.88,-0.09,0
T,490397,7.87,-0.50,0
T,490417,7.83,-1.05,0
T,490437,7.78,-1.44,0
T,490457,7.79,-1.57,0
T,490477,7.81,-1.70,0
T,490497,7.78,-2.25,0
T,490517,7.87,-2.52,0
T,490537,7.80,-2.79,0
T,490557,7.87,-2.62,0
T,490577,7.73,-3.12,0
T,490597,7.73,-3.14,0
T,490617,7.84,-3.11,0
T,490637,7.73,-3.29,0
T,490657,7.81,-3.00,0
T,490677,7.79,-3.48,0
T,490697,7.78,-4.13,0
T,490717,7.71,-3.92,0
T,490737,7.76,-4.00,0
T,490757,7.76,-3.69,0
T,490777,7.84,-3.83,0
T,490797,7.85,-3.79,0
T,490817,7.85,-3.96,0
T,490837,7.82,-3.74,0
T,490857,7.79,-3.90,0
T,490877,7.74,-3.49,0
T,490897,7.75,-2.78,0
T,490917,7.88,-1.71,0
T,490937,7.83,-1.47,0
T,490957,7.84,-1.98,0
T,490977,7.82,-2.11,0
T,490997,7.81,-2.56,0
T,491017,7.86,-2.70,0
T,491037,7.78,-2.85,0
T,491057,7.76,-2.30,0
T,491077,7.84,-2.57,0
T,491097,7.79,-2.78,0
T,491117,7.84,-2.21,0
T,491137,7.79,-1.90,0
T,491157,7.84,-1.47,0
T,491177,7.76,-1.53,0
T,491197,7.82,-0.08,0
T,491217,7.75,-0.79,0
T,491237,7.86,0.06,0
T,491257,7.79,-0.27,0
T,491277,7.86,-0.40,0
T,491297,7.74,-0.91,0
T,491317,7.78,-0.50,0
T,491337,7.79,-1.35,0
T,491357,7.75,-2.11,0
T,491377,7.80,-2.84,0
T,491397,7.87,-3.19,0
T,491417,7.75,-3.48,0
T,491437,7.85,-3.35,0
T,491457,7.74,-3.19,0
T,491477,7.78,-3.88,0
T,491497,7.82,-3.85,0
T,491517,7.79,-3.32,0
T,491537,7.89,-2.97,0
T,491557,7.77,-1.30,0
T,491577,7.76,-0.84,0
T,491597,7.83,-0.31,0
T,491617,7.81,-0.74,0
T,491637,7.81,-1.41,0
T,491657,7.76,-1.56,0
T,491677,7.86,-1.83,0
T,491697,7.75,-1.02,0
T,491717,7.79,-0.70,0
T,491737,7.71,-1.26,0
T,491757,7.80,-1.52,0
T,491777,7.82,-0.71,0
T,491797,7.79,-0.74,0
T,491817,7.74,-1.34,0
T,491837,7.77,-1.60,0
T,491857,7.67,-2.18,0
T,491877,7.79,-2.29,0
T,491897,7.80,-2.27,0
T,491917,7.83,-2.32,0
T,491937,7.83,-2.35,0
T,491957,7.76,-2.81,0
T,491977,7.81,-1.87,0
T,491997,7.80,-2.27,0
T,492017,7.79,-1.09,0
T,492037,7.66,-1.91,0
T,492057,7.74,-1.86,0
T,492077,7.72,-1.98,0
T,492097,7.79,-0.89,0
T,492117,7.76,-0.80,0
T,492137,7.76,-1.55,0
T,492157,7.81,-1.05,0
T,492177,7.72,-1.64,0
T,492197,7.79,-1.72,0
T,492217,7.73,-1.96,0
T,492237,7.75,-1.83,0
T,492257,7.72,0.35,0
T,492277,7.84,0.35,0
T,492297,7.80,0.67,0
T,492317,7.75,0.07,0
T,492337,7.67,0.82,0
T,492357,7.82,0.47,0
T,492377,7.78,0.97,0
T,492397,7.87,1.56,0
T,492417,7.76,0.76,0
T,492437,7.85,0.17,0
T,492457,7.73,-0.45,0
T,492477,7.78,-0.66,0
T,492497,7.82,-1.67,0
T,492517,7.78,0.14,0
T,492537,7.72,-0.59,0
T,492557,7.81,-0.67,0
T,492577,7.78,-1.55,0
T,492597,7.72,-1.42,0
T,492617,7.79,-1.87,0
T,492637,7.76,-0.82,0
T,492657,7.74,-0.60,0
T,492677,7.76,0.62,0
T,492697,7.72,0.58,0
T,492717,7.73,-0.58,0
T,492737,7.79,-1.18,0
T,492757,7.80,-1.86,0
T,492777,7.77,-1.08,0
T,492797,7.82,-1.20,0
T,492817,7.81,-0.54,0
T,492837,7.82,-1.28,0
T,492857,7.83,-0.80,0
T,492877,7.77,-0.79,0
T,492897,7.83,-1.36,0
T,492917,7.78,-1.28,0
T,492937,7.87,0.19,0
T,492957,7.86,0.76,0
T,492977,7.83,0.18,0
T,492997,7.79,0.26,0
T,493017,7.73,-0.59,0
T,493037,7.73,-1.25,0
T,493057,7.70,-1.86,0
T,493077,7.74,-2.06,0
T,493097,7.79,-2.01,0
T,493117,7.82,-1.57,0
T,493137,7.88,-0.27,0
T,493157,7.82,0.07,0
T,493177,7.71,1.25,0
T,493197,7.76,1.39,0
T,493217,7.80,0.27,0
T,493237,7.83,-0.28,0
T,493257,7.76,-0.88,0
T,493277,7.73,-1.58,0
T,493297,7.75,-1.99,0
T,493317,7.75,-2.24,0
T,493337,7.72,-0.96,0
T,493357,7.77,-0.57,0
T,493377,7.76,0.43,0
T,493397,7.78,-0.42,0
T,493417,7.76,2.02,0
T,493437,7.79,1.44,0
T,493457,7.77,0.90,0
T,493477,7.79,0.11,0
T,493497,7.74,0.42,0
T,493517,7.84,0.27,0
T,493537,7.75,-0.03,0
T,493557,7.81,-0.97,0
T,493577,7.71,-1.45,0
T,493597,7.75,-1.73,0
T,493617,7.78,-1.88,0
T,493637,7.80,-2.35,0
T,493657,7.78,-1.88,0
T,493677,7.72,-1.91,0
T,493697,7.81,-1.98,0
T,493717,7.84,-1.80,0
T,493737,7.82,-1.97,0
T,493757,7.78,-1.03,0
T,493777,7.81,-1.92,0
T,493797,7.76,-2.06,0
T,493817,7.72,-2.56,0
T,493837,7.83,-2.73,0
T,493857,7.76,-2.41,0
T,493877,7.83,-2.95,0
T,493897,7.82,-1.90,0
T,493917,7.79,-1.55,0
T,493937,7.70,-1.30,0
T,493957,7.78,-1.35,0
T,493977,7.86,0.10,0
T,493997,7.73,-0.82,0
T,494017,7.76,-1.25,0
T,494037,7.74,-1.74,0
T,494057,7.69,-1.63,0
T,494077,7.80,-1.83,0
T,494097,7.85,-2.18,0
T,494117,7.76,-1.97,0
T,494137,7.75,-1.80,0
T,494157,7.71,-2.06,0
T,494177,7.71,-2.36,0
T,494197,7.73,-2.95,0
T,494217,7.76,-3.37,0
T,494237,7.79,-3.54,0
T,494257,7.79,-2.56,0
T,494277,7.74,-2.36,0
T,494297,7.79,-2.05,0
T,494317,7.74,-2.12,0
T,494337,7.74,-2.73,0
T,494357,7.80,-1.71,0
T,494377,7.76,-2.64,0
T,494397,7.84,-2.87,0
T,494417,7.78,-2.67,0
T,494437,7.81,-3.02,0
T,494457,7.78,-2.43,0
T,494477,7.76,-1.61,0
T,494497,7.82,-1.14,0
T,494517,7.80,-0.76,0
T,494537,7.79,-0.62,0
T,494557,7.71,-1.16,0
T,494577,7.76,-0.95,0
T,494597,7.76,-0.86,0
T,494617,7.73,-0.21,0
T,494637,7.72,-0.05,0
T,494657,7.74,-0.89,0
T,494677,7.78,-0.58,0
T,494697,7.83,-0.50,0
T,494717,7.75,-0.26,0
T,494737,7.75,0.62,0
T,494757,7.77,1.39,0
T,494777,7.82,1.63,0
T,494797,7.76,1.21,0
T,494817,7.75,1.31,0
T,494837,7.75,0.62,0
T,494857,7.74,1.16,0
T,494877,7.71,0.22,0
T,494897,7.78,0.42,0
T,494917,7.85,0.07,0
T,494937,7.78,0.23,0
T,494957,7.84,-0.08,0
T,494977,7.69,-1.07,0
T,494997,7.79,-1.39,0
T,495017,7.77,-1.59,0
T,495037,7.83,-1.54,0
T,495057,7.77,-2.06,0
T,495077,7.85,-1.89,0
T,495097,7.79,-1.56,0
T,495117,7.78,-1.69,0
T,495137,7.78,-1.84,0
T,495157,7.69,-1.18,0
T,495177,7.83,-0.56,0
T,495197,7.78,-1.25,0
T,495217,7.77,-1.48,0
T,495237,7.74,-1.80,0
T,495257,7.78,-1.87,0
T,495277,7.70,-2.52,0
T,495297,7.79,-2.92,0
T,495317,7.81,-2.97,0
T,495337,7.78,-2.94,0
T,495357,7.81,-2.79,0
T,495377,7.86,-3.00,0
T,495397,7.86,-2.84,0
T,495417,7.76,-2.93,0
T,495437,7.89,-3.28,0
T,495457,7.78,-3.42,0
T,495477,7.72,-3.11,0
T,495497,7.72,-2.90,0
T,495517,7.84,-3.02,0
T,495537,7.87,-2.59,0
T,495557,7.80,-2.98,0
T,495577,7.78,-1.89,0
T,495597,7.86,-1.24,0
T,495617,7.82,-0.57,0
T,495637,7.79,1.06,0
T,495657,7.83,-0.06,0
T,495677,7.76,0.89,0
T,495697,7.76,0.79,0
T,495717,7.83,0.66,0
T,495737,7.76,0.06,0
T,495757,7.73,0.75,0
T,495777,7.80,1.54,0
T,495797,7.77,1.72,0
T,495817,7.81,2.36,0
T,495837,7.73,1.13,0
T,495857,7.74,1.36,0
T,495877,7.74,1.57,0
T,495897,7.79,1.19,0
T,495917,7.84,0.06,0
T,495937,7.77,0.02,0
T,495957,7.79,-0.28,0
T,495977,7.77,-0.27,0
T,495997,7.79,-0.01,0
T,496017,7.76,-0.22,0
T,496037,7.72,0.15,0
T,496057,7.82,-0.20,0
T,496077,7.88,0.48,0
T,496097,7.83,1.48,0
T,496117,7.77,2.12,0
T,496137,7.80,1.10,0
T,496157,7.79,0.50,0
T,496177,7.81,1.97,0
T,496197,7.70,1.60,0
T,496217,7.80,0.77,0
T,496237,7.68,0.17,0
T,496257,7.81,0.63,0
T,496277,7.73,-0.44,0
T,496297,7.79,-0.97,0
T,496317,7.72,-1.49,0
T,496337,7.79,-2.59,0
T,496357,7.83,-2.36,0
T,496377,7.83,-1.91,0
T,496397,7.78,-0.14,0
T,496417,7.80,-0.47,0
T,496437,7.79,-0.97,0
T,496457,7.74,-1.72,0
T,496477,7.79,-2.38,0
T,496497,7.84,-2.28,0
T,496517,7.76,-2.60,0
T,496537,7.82,-2.24,0
T,496557,7.79,-1.91,0
T,496577,7.78,-1.14,0
T,496597,7.71,-1.41,0
T,496617,7.76,-1.54,0
R,496621,18500,17484,7.76
T,496637,7.90,-1.83,0
[496.621] I [BLR] set speed 18500 rpm, ramp=0 ms
T,496657,8.09,-0.64,0
T,496677,8.22,-0.68,0
T,496697,8.28,-0.66,0
T,496717,8.47,-1.14,0
T,496737,8.47,-1.30,0
T,496757,8.58,-1.53,0
T,496777,8.61,-2.46,0
T,496797,8.74,-3.08,0
T,496817,8.72,-3.87,0
T,496837,8.72,-3.80,0
T,496857,8.61,-3.74,0
T,496877,8.60,-3.49,0
T,496897,8.84,-2.61,0
T,496917,8.80,-2.81,0
T,496937,8.75,-3.07,0
T,496957,8.64,-3.46,0
T,496977,8.70,-2.92,0
T,496997,8.76,-3.64,0
T,497017,8.77,-3.25,0
T,497037,8.74,-3.49,0
T,497057,8.64,-3.65,0
T,497077,8.73,-2.75,0
T,497097,8.67,-3.20,0
T,497117,8.71,-2.71,0
T,497137,8.77,-2.88,0
T,497157,8.73,-2.67,0
T,497177,8.62,-3.09,0
T,497197,8.82,-2.63,0
T,497217,8.73,-2.92,0
T,497237,8.70,-3.40,0
T,497257,8.76,-3.55,0
T,497277,8.77,-4.64,0
T,497297,8.69,-4.68,0
T,497317,8.64,-4.58,0
T,497337,8.74,-3.75,0
T,497357,8.81,-3.53,0
T,497377,8.75,-4.09,0
T,497397,8.75,-4.44,0
T,497417,8.73,-4.97,0
T,497437,8.77,-3.91,0
T,497457,8.66,-4.00,0
T,497477,8.76,-3.10,0
T,497497,8.79,-2.77,0
T,497517,8.70,-3.43,0
T,497537,8.73,-3.08,0
T,497557,8.69,-2.81,0
T,497577,8.74,-1.73,0
T,497597,8.81,-2.22,0
T,497617,8.64,-1.97,0
T,497637,8.68,-1.67,0
T,497657,8.71,-2.08,0
T,497677,8.78,-2.21,0
T,497697,8.71,-3.71,0
T,497717,8.76,-3.35,0
T,497737,8.78,-3.99,0
T,497757,8.78,-3.04,0
T,497777,8.73,-3.45,0
T,497797,8.68,-2.74,0
T,497817,8.70,-2.66,0
T,497837,8.76,-2.12,0
T,497857,8.74,-1.93,0
T,497877,8.72,-1.68,0
T,497897,8.70,-1.58,0
T,497917,8.73,-3.23,0
T,497937,8.80,-4.03,0
T,497957,8.72,-4.46,0
T,497977,8.69,-3.99,0
T,497997,8.70,-3.74,0
T,498017,8.73,-3.41,0
T,498037,8.81,-3.32,0
T,498057,8.77,-3.88,0
T,498077,8.69,-3.84,0
T,498097,8.75,-4.24,0
T,498117,8.66,-3.63,0
T,498137,8.73,-3.51,0
T,498157,8.76,-2.91,0
T,498177,8.75,-3.58,0
T,498197,8.64,-3.54,0
T,498217,8.72,-3.95,0
T,498237,8.73,-3.13,0
T,498257,8.78,-3.13,0
T,498277,8.71,-3.20,0
T,498297,8.74,-2.18,0
T,498317,8.68,-2.72,0
T,498337,8.63,-2.88,0
T,498357,8.72,-2.89,0
T,498377,8.69,-1.98,0
T,498397,8.73,-3.00,0
T,498417,8.82,-2.32,0
T,498437,8.66,-2.16,0
T,498457,8.70,-2.07,0
T,498477,8.75,-2.40,0
T,498497,8.81,-2.76,0
T,498517,8.74,-2.92,0
T,498537,8.68,-3.71,0
T,498557,8.65,-3.88,0
T,498577,8.58,-3.66,0
T,498597,8.85,-2.76,0
T,498617,8.81,-3.10,0
T,498637,8.71,-3.71,0
T,498657,8.68,-3.83,0
T,498677,8.70,-3.61,0
T,498697,8.71,-2.11,0
T,498717,8.75,-1.59,0
T,498737,8.66,-1.73,0
T,498757,8.67,-2.44,0
T,498777,8.62,-2.27,0
T,498797,8.71,-3.09,0
T,498817,8.65,-3.34,0
T,498837,8.73,-3.78,0
T,498857,8.73,-4.05,0
T,498877,8.70,-3.76,0
T,498897,8.63,-3.60,0
T,498917,8.64,-3.69,0
T,498937,8.66,-4.46,0
T,498957,8.79,-4.36,0
T,498977,8.66,-4.77,0
T,498997,8.63,-3.73,0
T,499017,8.67,-3.04,0
T,499037,8.66,-2.97,0
T,499057,8.63,-3.48,0
T,499077,8.75,-3.52,0
T,499097,8.72,-4.02,0
T,499117,8.73,-4.63,0
T,499137,8.68,-4.58,0
T,499157,8.61,-4.59,0
T,499177,8.71,-4.19,0
T,499197,8.73,-4.74,0
T,499217,8.59,-4.19,0
T,499237,8.67,-3.99,0
T,499257,8.70,-3.62,0
T,499277,8.70,-3.84,0
T,499297,8.68,-3.49,0
T,499317,8.72,-3.60,0
T,499337,8.78,-4.65,0
T,499357,8.86,-4.09,0
T,499377,8.69,-3.70,0
T,499397,8.69,-3.75,0
T,499417,8.74,-4.31,0
T,499437,8.73,-4.42,0
T,499457,8.72,-4.73,0
T,499477,8.73,-5.51,0
T,499497,8.71,-5.84,0
T,499517,8.79,-5.61,0
T,499537,8.78,-5.65,0
T,499557,8.81,-5.23,0
T,499577,8.75,-4.21,0
T,499597,8.66,-3.43,0
T,499617,8.71,-1.73,0
T,499637,8.65,-1.65,0
T,499657,8.76,-2.28,0
T,499677,8.75,-1.62,0
T,499697,8.66,-0.92,0
T,499717,8.79,-0.79,0
T,499737,8.73,-1.63,0
T,499757,8.73,-1.42,0
T,499777,8.76,-1.76,0
T,499797,8.65,-2.65,0
T,499817,8.69,-2.18,0
T,499837,8.72,-2.41,0
T,499857,8.64,-2.67,0
T,499877,8.68,-2.70,0
T,499897,8.65,-1.33,0
T,499917,8.61,-1.93,0
T,499937,8.65,-1.64,0
T,499957,8.64,0.37,0
T,499977,8.70,0.41,0
T,499997,8.72,-0.17,0
T,500017,8.73,-0.07,0
T,500037,8.70,0.25,0
T,500057,8.77,0.33,0
T,500077,8.71,-0.15,0
T,500097,8.75,-1.28,0
T,500117,8.69,-1.83,0
T,500137,8.73,-2.50,0
T,500157,8.77,-2.55,0
T,500177,8.75,-1.00,0
T,500197,8.69,-1.41,0
T,500217,8.74,0.24,0
T,500237,8.75,-0.30,0
T,500257,8.75,-1.54,0
T,500277,8.63,-2.49,0
T,500297,8.65,-2.16,0
T,500317,8.60,-2.38,0
T,500337,8.76,-2.74,0
T,500357,8.80,-2.56,0
T,500377,8.67,-3.66,0
T,500397,8.71,-2.28,0
T,500417,8.74,-1.69,0
T,500437,8.63,-0.95,0
T,500457,8.67,0.43,0
T,500477,8.76,0.75,0
T,500497,8.69,0.87,0
T,500517,8.70,-0.50,0
T,500537,8.61,-0.61,0
T,500557,8.60,-1.24,0
T,500577,8.74,-1.74,0
T,500597,8.78,-2.27,0
T,500617,8.75,-2.84,0
T,500637,8.61,-1.17,0
T,500657,8.61,-1.95,0
T,500677,8.69,-1.91,0
T,500697,8.77,-2.20,0
T,500717,8.75,-2.99,0
T,500737,8.72,-3.35,0
T,500757,8.67,-4.17,0
T,500777,8.64,-3.97,0
T,500797,8.65,-4.04,0
T,500817,8.78,-4.09,0
T,500837,8.75,-3.49,0
T,500857,8.73,-3.21,0
T,500877,8.80,-3.12,0
T,500897,8.65,-3.31,0
T,500917,8.66,-3.56,0
T,500937,8.69,-4.21,0
T,500957,8.72,-4.27,0
T,500977,8.72,-4.88,0
T,500997,8.61,-3.69,0
T,501017,8.65,-3.51,0
T,501037,8.69,-2.83,0
T,501057,8.69,-2.26,0
T,501077,8.75,-2.19,0
T,501097,8.71,-2.46,0
T,501117,8.65,-2.31,0
T,501137,8.76,-1.33,0
T,501157,8.60,-2.18,0
T,501177,8.81,-2.23,0
T,501197,8.74,-3.01,0
T,501217,8.67,-3.11,0
T,501237,8.69,-3.54,0
T,501257,8.68,-3.56,0
T,501277,8.66,-3.00,0
T,501297,8.73,-3.69,0
T,501317,8.78,-3.41,0
T,501337,8.71,-3.26,0
T,501357,8.64,-0.90,0
T,501377,8.70,-0.47,0
T,501397,8.70,-1.19,0
T,501417,8.78,-2.18,0
T,501437,8.75,-3.78,0
T,501457,8.61,-3.66,0
T,501477,8.66,-3.91,0
T,501497,8.71,-3.73,0
T,501517,8.80,-2.36,0
T,501537,8.70,-0.98,0
T,501557,8.79,0.07,0
T,501577,8.62,-0.66,0
T,501597,8.69,-0.24,0
T,501617,8.61,-0.93,0
T,501637,8.69,-1.11,0
T,501657,8.68,-1.55,0
T,501677,8.70,-1.70,0
T,501697,8.67,-2.40,0
T,501717,8.64,-1.65,0
T,501737,8.69,-1.70,0
T,501757,8.78,-1.21,0
T,501777,8.80,-1.24,0
T,501797,8.75,-2.20,0
T,501817,8.69,-2.12,0
T,501837,8.63,-2.52,0
T,501857,8.75,-2.10,0
T,501877,8.76,-2.10,0
T,501897,8.63,-1.86,0
T,501917,8.76,-2.01,0
T,501937,8.74,-1.81,0
T,501957,8.74,-1.67,0
T,501977,8.71,-1.66,0
T,501997,8.70,-2.36,0
T,502017,8.74,-2.62,0
T,502037,8.75,-3.41,0
T,502057,8.74,-3.84,0
T,502077,8.72,-4.17,0
T,502097,8.72,-4.25,0
T,502117,8.62,-4.26,0
T,502137,8.73,-3.85,0
T,502157,8.72,-3.86,0
T,502177,8.72,-3.76,0
T,502197,8.64,-4.36,0
T,502217,8.77,-4.25,0
T,502237,8.76,-4.05,0
T,502257,8.71,-4.06,0
T,502277,8.67,-4.18,0
T,502297,8.70,-4.35,0
T,502317,8.71,-4.42,0
T,502337,8.77,-2.99,0
T,502357,8.70,-3.38,0
T,502377,8.82,-2.72,0
T,502397,8.72,-3.60,0
T,502417,8.75,-3.61,0
T,502437,8.76,-4.16,0
T,502457,8.70,-4.34,0
T,502477,8.72,-4.57,0
T,502497,8.68,-4.19,0
T,502517,8.73,-3.66,0
T,502537,8.75,-3.22,0
T,502557,8.62,-1.50,0
T,502577,8.67,-0.81,0
T,502597,8.70,-0.24,0
T,502617,8.69,-1.59,0
T,502637,8.66,-1.46,0
T,502657,8.76,-1.61,0
T,502677,8.75,-1.50,0
T,502697,8.74,-1.68,0
T,502717,8.73,-1.39,0
T,502737,8.78,-1.06,0
T,502757,8.60,-1.13,0
T,502777,8.58,-1.57,0
T,502797,8.73,-2.14,0
T,502817,8.69,-0.06,0
T,502837,8.74,-0.70,0
T,502857,8.77,-1.57,0
T,502877,8.65,-2.02,0
T,502897,8.65,-2.61,0
T,502917,8.75,-1.52,0
T,502937,8.79,-1.04,0
T,502957,8.90,-0.88,0
T,502977,8.74,-0.54,0
T,502997,8.57,-1.21,0
T,503017,8.71,-1.66,0
T,503037,8.63,-1.86,0
T,503057,8.66,-2.16,0
T,503077,8.67,-1.64,0
T,503097,8.71,-2.10,0
T,503117,8.72,-1.72,0
T,503137,8.61,0.02,0
T,503157,8.68,0.73,0
T,503177,8.73,0.51,0
T,503197,8.69,-0.30,0
T,503217,8.63,-1.24,0
T,503237,8.70,-2.21,0
T,503257,8.66,-2.14,0
T,503277,8.73,-2.29,0
T,503297,8.80,-0.48,0
T,503317,8.79,0.12,0
T,503337,8.70,-0.35,0
T,503357,8.70,-0.94,0
T,503377,8.60,-1.08,0
T,503397,8.67,-1.46,0
T,503417,8.70,-2.69,0
T,503437,8.66,-2.71,0
T,503457,8.67,-2.88,0
T,503477,8.59,-2.22,0
T,503497,8.70,-1.46,0
T,503517,8.66,-0.93,0
T,503537,8.63,-1.58,0
T,503557,8.74,-2.26,0
T,503577,8.68,-1.86,0
T,503597,8.73,-0.51,0
T,503617,8.62,0.78,0
T,503637,8.69,-0.12,0
T,503657,8.72,-0.00,0
T,503677,8.67,-0.60,0
T,503697,8.69,-0.45,0
T,503717,8.66,-0.27,0
T,503737,8.71,-1.19,0
T,503757,8.78,-0.93,0
T,503777,8.80,-1.54,0
T,503797,8.77,-1.97,0
T,503817,8.71,-2.63,0
T,503837,8.59,-2.82,0
T,503857,8.73,-1.94,0
T,503877,8.72,0.31,0
T,503897,8.70,0.37,0
T,503917,8.66,-0.53,0
T,503937,8.65,-0.66,0
T,503957,8.77,-0.61,0
T,503977,8.71,1.22,0
T,503997,8.79,1.99,0
T,504017,8.68,2.84,0
T,504037,8.82,1.40,0
T,504057,8.68,1.69,0
T,504077,8.71,1.94,0
T,504097,8.65,1.33,0
T,504117,8.67,0.16,0
T,504137,8.73,0.52,0
T,504157,8.78,0.71,0
T,504177,8.67,0.06,0
T,504197,8.58,0.46,0
T,504217,8.71,-0.12,0
T,504237,8.70,-0.21,0
T,504257,8.65,-0.87,0
T,504277,8.74,-2.00,0
T,504297,8.71,-2.71,0
T,504317,8.66,-3.88,0
T,504337,8.67,-4.10,0
T,504357,8.71,-4.14,0
T,504377,8.69,-4.69,0
T,504397,8.78,-4.82,0
T,504417,8.69,-4.77,0
T,504437,8.75,-3.66,0
T,504457,8.69,-3.31,0
T,504477,8.71,-1.33,0
T,504497,8.77,-1.82,0
T,504517,8.70,-2.31,0
T,504537,8.67,-2.42,0
T,504557,8.73,-2.29,0
T,504577,8.69,-1.96,0
T,504597,8.71,-2.58,0
T,504617,8.66,-3.35,0
T,504637,8.72,-3.44,0
T,504657,8.61,-2.96,0
T,504677,8.74,-2.70,0
T,504697,8.68,-2.31,0
T,504717,8.62,-2.29,0
T,504737,8.71,-1.96,0
T,504757,8.64,-1.81,0
T,504777,8.73,-1.97,0
T,504797,8.69,-1.93,0
T,504817,8.73,-0.84,0
T,504837,8.59,0.98,0
T,504857,8.79,0.82,0
T,504877,8.73,0.70,0
T,504897,8.64,1.32,0
T,504917,8.71,0.96,0
T,504937,8.67,0.49,0
T,504957,8.73,0.04,0
T,504977,8.79,-0.12,0
T,504997,8.68,-0.92,0
T,505017,8.75,-1.45,0
T,505037,8.68,-2.10,0
T,505057,8.71,-1.73,0
T,505077,8.66,-2.21,0
T,505097,8.69,-1.90,0
T,505117,8.67,-1.54,0
T,505137,8.70,-2.45,0
T,505157,8.69,-2.57,0
T,505177,8.72,-2.45,0
T,505197,8.65,-2.37,0
T,505217,8.74,-3.09,0
T,505237,8.70,-2.24,0
T,505257,8.86,-2.63,0
T,505277,8.82,-1.96,0
T,505297,8.73,-1.98,0
T,505317,8.71,-1.34,0
T,505337,8.75,-0.80,0
T,505357,8.64,-1.39,0
T,505377,8.70,-1.13,0
T,505397,8.71,-1.21,0
T,505417,8.75,-1.35,0
T,505437,8.77,-1.74,0
T,505457,8.77,-2.31,0
T,505477,8.66,-2.11,0
T,505497,8.71,-1.18,0
T,505517,8.69,0.22,0
T,505537,8.80,-0.29,0
T,505557,8.83,0.04,0
T,505577,8.71,-0.73,0
T,505597,8.59,-1.08,0
T,505617,8.66,-1.06,0
T,505637,8.67,-1.79,0
T,505657,8.70,-1.71,0
T,505677,8.73,-1.23,0
T,505697,8.67,-1.16,0
T,505717,8.65,-0.68,0
T,505737,8.67,-1.16,0
T,505757,8.63,-1.34,0
T,505777,8.73,-0.42,0
T,505797,8.78,-0.48,0
T,505817,8.75,-1.58,0
T,505837,8.67,-2.25,0
T,505857,8.60,-3.03,0
T,505877,8.78,-2.26,0
T,505897,8.66,-2.33,0
T,505917,8.71,-2.40,0
T,505937,8.77,-3.02,0
T,505957,8.70,-1.92,0
T,505977,8.71,-1.04,0
T,505997,8.66,-1.77,0
T,506017,8.77,-1.90,0
T,506037,8.83,-2.37,0
T,506057,8.71,-1.62,0
T,506077,8.67,-1.51,0
T,506097,8.68,-0.82,0
T,506117,8.66,-0.75,0
T,506137,8.74,-0.69,0
T,506157,8.69,-0.58,0
T,506177,8.70,-1.34,0
T,506197,8.67,0.06,0
T,506217,8.69,-0.33,0
T,506237,8.71,0.32,0
T,506257,8.77,0.64,0
T,506277,8.64,0.15,0
T,506297,8.67,-0.47,0
T,506317,8.70,-1.61,0
T,506337,8.66,-0.83,0
T,506357,8.71,-1.40,0
T,506377,8.71,-1.18,0
T,506397,8.72,-0.43,0
T,506417,8.71,-1.36,0
T,506437,8.77,-1.38,0
T,506457,8.70,0.12,0
T,506477,8.63,2.37,0
T,506497,8.67,2.51,0
T,506517,8.68,1.92,0
T,506537,8.71,1.18,0
T,506557,8.73,1.40,0
T,506577,8.72,0.47,0
T,506597,8.63,-0.66,0
T,506617,8.73,-0.95,0
T,506637,8.79,-1.26,0
T,506657,8.78,-1.46,0
T,506677,8.70,-1.87,0
T,506697,8.77,0.31,0
T,506717,8.67,-0.22,0
T,506737,8.82,-0.17,0
T,506757,8.70,-0.92,0
T,506777,8.69,-0.41,0
T,506797,8.71,-0.78,0
T,506817,8.72,-0.19,0
T,506837,8.80,0.84,0
T,506857,8.76,0.78,0
T,506877,8.78,0.72,0
T,506897,8.66,0.97,0
T,506917,8.61,1.50,0
T,506937,8.70,0.93,0
T,506957,8.68,0.76,0
T,506977,8.77,-0.59,0
T,506997,8.71,-0.29,0
T,507017,8.59,-0.47,0
T,507037,8.75,-0.84,0
T,507057,8.65,-1.38,0
T,507077,8.69,-1.92,0
T,507097,8.67,-1.67,0
T,507117,8.77,-2.39,0
T,507137,8.68,-2.56,0
T,507157,8.64,-2.58,0
T,507177,8.70,-1.86,0
T,507197,8.70,-1.65,0
T,507217,8.81,-1.92,0
T,507237,8.71,-2.18,0
T,507257,8.81,-2.54,0
T,507277,8.78,-0.91,0
T,507297,8.60,-1.01,0
T,507317,8.66,-0.24,0
T,507337,8.64,-0.43,0
T,507357,8.81,-1.16,0
T,507377,8.74,-1.61,0
T,507397,8.67,-0.66,0
T,507417,8.61,0.89,0
T,507437,8.77,1.02,0
T,507457,8.71,2.19,0
T,507477,8.67,1.48,0
T,507497,8.65,1.82,0
T,507517,8.72,0.83,0
T,507537,8.67,2.41,0
T,507557,8.71,3.10,0
T,507577,8.68,4.01,0
T,507597,8.65,3.06,0
T,507617,8.73,2.94,0
T,507637,8.76,2.04,0
T,507657,8.78,2.30,0
R,507664,17500,18510,8.57
[507.664] I [BLR] set speed 17500 rpm, ramp=0 ms
T,507677,8.65,2.44,0
T,507697,8.38,1.13,0
T,507717,8.30,1.00,0
T,507737,8.18,0.45,0
T,507757,8.04,1.61,0
T,507777,8.00,1.45,0
T,507797,7.97,2.48,0
T,507817,7.90,3.02,0
T,507837,7.86,2.11,0
T,507857,7.84,2.38,0
T,507877,7.87,2.23,0
T,507897,7.81,2.42,0
T,507917,7.83,1.68,0
T,507937,7.81,3.90,0
T,507957,7.81,3.45,0
T,507977,7.80,4.25,0
T,507997,7.74,3.69,0
T,508017,7.75,4.98,0
T,508037,7.78,4.45,0
T,508057,7.70,4.46,0
T,508077,7.74,3.61,0
T,508097,7.70,4.24,0
T,508117,7.76,3.90,0
T,508137,7.77,4.05,0
T,508157,7.69,3.41,0
T,508177,7.74,2.24,0
T,508197,7.75,1.60,0
T,508217,7.79,0.51,0
T,508237,7.80,1.93,0
T,508257,7.78,1.81,0
T,508277,7.68,2.86,0
T,508297,7.70,2.44,0
T,508317,7.67,1.97,0
T,508337,7.75,2.58,0
T,508357,7.67,1.84,0
T,508377,7.72,1.87,0
T,508397,7.71,1.09,0
T,508417,7.65,0.72,0
T,508437,7.74,0.41,0
T,508457,7.84,0.70,0
T,508477,7.73,-0.10,0
T,508497,7.66,-0.55,0
T,508517,7.74,-0.32,0
T,508537,7.78,-0.63,0
T,508557,7.69,0.87,0
T,508577,7.65,0.35,0
T,508597,7.79,-0.06,0
T,508617,7.80,-0.65,0
T,508637,7.79,-0.94,0
T,508657,7.75,-0.56,0
T,508677,7.80,-0.31,0
T,508697,7.76,-0.11,0
T,508717,7.84,-0.22,0
T,508737,7.70,0.28,0
T,508757,7.79,-0.05,0
T,508777,7.82,0.15,0
T,508797,7.73,0.75,0
T,508817,7.81,0.37,0
T,508837,7.81,0.93,0
T,508857,7.70,0.92,0
T,508877,7.81,0.40,0
T,508897,7.79,0.01,0
T,508917,7.80,1.17,0
T,508937,7.72,1.83,0
T,508957,7.69,1.80,0
T,508977,7.73,1.93,0
T,508997,7.70,1.45,0
T,509017,7.74,3.27,0
T,509037,7.73,3.10,0
T,509057,7.81,2.41,0
T,509077,7.73,1.44,0
T,509097,7.79,1.46,0
T,509117,7.72,0.85,0
T,509137,7.83,0.51,0
T,509157,7.79,1.05,0
T,509177,7.79,0.80,0
T,509197,7.76,0.64,0
T,509217,7.71,0.77,0
T,509237,7.68,-0.03,0
T,509257,7.84,-0.58,0
T,509277,7.80,-0.46,0
T,509297,7.76,-0.28,0
T,509317,7.67,-0.63,0
T,509337,7.73,-0.47,0
T,509357,7.77,-0.86,0
T,509377,7.86,0.44,0
T,509397,7.76,0.45,0
T,509417,7.71,1.45,0
T,509437,7.69,1.46,0
T,509457,7.78,3.02,0
T,509477,7.89,3.09,0
T,509497,7.84,2.51,0
T,509517,7.80,2.67,0
T,509537,7.74,2.41,0
T,509557,7.67,2.44,0
T,509577,7.76,1.79,0
T,509597,7.73,1.53,0
T,509617,7.73,1.46,0
T,509637,7.77,3.56,0
T,509657,7.75,4.79,0
T,509677,7.78,5.98,0
T,509697,7.80,5.45,0
T,509717,7.83,5.96,0
T,509737,7.80,4.68,0
T,509757,7.84,3.85,0
T,509777,7.70,3.00,0
T,509797,7.76,1.77,0
T,509817,7.83,2.74,0
T,509837,7.72,2.00,0
T,509857,7.84,2.59,0
T,509877,7.83,1.93,0
T,509897,7.82,2.51,0
T,509917,7.86,1.69,0
T,509937,7.82,3.13,0
T,509957,7.80,2.41,0
T,509977,7.74,2.77,0
T,509997,7.80,1.56,0
T,510017,7.80,2.44,0
T,510037,7.80,2.57,0
T,510057,7.67,1.47,0
T,510077,7.76,1.26,0
T,510097,7.75,0.55,0
T,510117,7.75,1.59,0
T,510137,7.81,1.22,0
T,510157,7.71,1.90,0
T,510177,7.82,1.25,0
T,510197,7.87,0.62,0
T,510217,7.82,0.28,0
T,510237,7.78,1.18,0
T,510257,7.81,1.13,0
T,510277,7.75,0.51,0
T,510297,7.80,-0.04,0
T,510317,7.75,-0.56,0
T,510337,7.77,-0.36,0
T,510357,7.75,-0.54,0
T,510377,7.82,1.11,0
T,510397,7.79,1.38,0
T,510417,7.79,0.60,0
T,510437,7.79,0.19,0
T,510457,7.76,-0.30,0
T,510477,7.74,1.57,0
T,510497,7.75,1.61,0
T,510517,7.79,2.73,0
T,510537,7.82,2.39,0
T,510557,7.71,2.80,0
T,510577,7.79,3.00,0
T,510597,7.73,3.24,0
T,510617,7.79,2.98,0
T,510637,7.72,2.67,0
T,510657,7.78,3.65,0
T,510677,7.80,3.06,0
T,510697,7.80,3.05,0
T,510717,7.77,3.81,0
T,510737,7.78,5.29,0
T,510757,7.82,5.89,0
T,510777,7.75,5.84,0
T,510797,7.77,6.24,0
T,510817,7.76,4.91,0
T,510837,7.74,4.27,0
T,510857,7.78,3.46,0
T,510877,7.77,4.64,0
T,510897,7.71,3.47,0
T,510917,7.74,2.19,0
T,510937,7.71,1.91,0
T,510957,7.76,1.32,0
T,510977,7.76,1.18,0
T,510997,7.66,0.59,0
T,511017,7.74,1.46,0
T,511037,7.71,0.47,0
T,511057,7.81,0.94,0
T,511077,7.76,1.61,0
T,511097,7.76,2.37,0
T,511117,7.79,1.87,0
T,511137,7.71,1.31,0
T,511157,7.82,2.70,0
T,511177,7.75,1.98,0
T,511197,7.80,1.51,0
T,511217,7.73,0.74,0
T,511237,7.75,1.92,0
T,511257,7.74,1.50,0
T,511277,7.85,1.54,0
T,511297,7.80,2.03,0
T,511317,7.79,1.38,0
T,511337,7.80,2.28,0
T,511357,7.81,2.08,0
T,511377,7.76,2.50,0
T,511397,7.75,1.56,0
T,511417,7.82,1.06,0
T,511437,7.79,1.37,0
T,511457,7.80,0.81,0
T,511477,7.76,0.95,0
T,511497,7.72,0.76,0
T,511517,7.70,0.87,0
T,511537,7.78,0.72,0
T,511557,7.84,1.05,0
T,511577,7.83,1.81,0
T,511597,7.72,1.85,0
T,511617,7.78,1.61,0
T,511637,7.77,1.18,0
T,511657,7.80,0.95,0
T,511677,7.75,0.75,0
T,511697,7.77,0.95,0
T,511717,7.78,1.67,0
T,511737,7.76,3.43,0
T,511757,7.71,4.10,0
T,511777,7.79,4.38,0
T,511797,7.84,3.68,0
T,511817,7.85,2.97,0
T,511837,7.81,2.39,0
T,511857,7.88,1.63,0
T,511877,7.69,2.03,0
T,511897,7.80,1.19,0
T,511917,7.78,2.27,0
T,511937,7.85,2.04,0
T,511957,7.79,2.69,0
T,511977,7.75,2.88,0
T,511997,7.86,2.12,0
T,512017,7.76,1.20,0
T,512037,7.76,0.67,0
T,512057,7.84,2.47,0
T,512077,7.81,1.96,0
T,512097,7.85,3.21,0
T,512117,7.78,3.16,0
T,512137,7.79,3.17,0
T,512157,7.72,2.06,0
T,512177,7.75,1.55,0
T,512197,7.81,1.48,0
T,512217,7.85,2.07,0
T,512237,7.77,3.12,0
T,512257,7.81,1.98,0
T,512277,7.82,1.92,0
R,512291,20500,17502,7.80
T,512297,7.88,1.32,0
[512.291] I [BLR] set speed 20500 rpm, ramp=0 ms
T,512317,8.27,1.32,0
T,512337,8.69,0.19,0
T,512357,8.86,0.80,0
T,512377,9.24,-0.69,0
T,512397,9.36,-1.25,0
T,512417,9.58,-2.18,0
T,512437,9.60,-2.55,0
T,512457,9.66,-3.90,0
T,512477,9.88,-4.36,0
T,512497,9.80,-4.82,0
T,512517,9.94,-5.71,0
T,512537,9.88,-7.02,0
T,512557,9.93,-7.64,0
T,512577,9.94,-6.68,0
T,512597,10.02,-7.19,0
T,512617,10.03,-7.42,0
T,512637,10.12,-7.42,0
T,512657,10.09,-7.34,0
T,512677,10.14,-6.51,0
T,512697,10.19,-6.40,0
T,512717,10.01,-6.08,0
T,512737,10.14,-5.80,0
T,512757,10.23,-6.46,0
T,512777,10.26,-7.33,0
T,512797,10.31,-5.48,0
T,512817,10.18,-5.54,0
T,512837,10.11,-6.30,0
T,512857,10.30,-5.61,0
T,512877,10.23,-5.73,0
T,512897,10.23,-6.17,0
T,512917,10.23,-7.37,0
T,512937,10.37,-7.67,0
T,512957,10.26,-8.06,0
T,512977,10.21,-7.47,0
T,512997,10.45,-7.96,0
T,513017,10.43,-7.40,0
T,513037,10.19,-7.48,0
T,513057,10.32,-6.98,0
T,513077,10.30,-6.84,0
T,513097,10.25,-7.61,0
T,513117,10.35,-7.43,0
T,513137,10.47,-7.28,0
T,513157,10.37,-7.32,0
T,513177,10.37,-7.15,0
T,513197,10.47,-7.30,0
T,513217,10.42,-7.24,0
T,513237,10.40,-7.44,0
T,513257,10.42,-6.32,0
T,513277,10.44,-6.32,0
T,513297,10.47,-5.80,0
T,513317,10.43,-6.08,0
T,513337,10.41,-7.13,0
T,513357,10.43,-7.64,0
T,513377,10.40,-7.78,0
T,513397,10.31,-7.85,0
T,513417,10.46,-7.85,0
T,513437,10.44,-7.79,0
T,513457,10.37,-7.82,0
T,513477,10.50,-7.46,0
T,513497,10.38,-7.45,0
T,513517,10.47,-7.80,0
T,513537,10.42,-7.75,0
T,513557,10.51,-7.80,0
T,513577,10.51,-8.27,0
T,513597,10.45,-8.50,0
T,513617,10.42,-8.10,0
T,513637,10.64,-8.06,0
T,513657,10.60,-7.94,0
T,513677,10.55,-8.11,0
T,513697,10.44,-8.32,0
T,513717,10.50,-8.70,0
T,513737,10.65,-8.80,0
T,513757,10.61,-6.58,0
T,513777,10.54,-6.55,0
T,513797,10.66,-5.94,0
T,513817,10.52,-6.14,0
T,513837,10.55,-6.53,0
T,513857,10.51,-6.19,0
T,513877,10.61,-6.92,0
T,513897,10.63,-7.51,0
T,513917,10.70,-7.88,0
T,513937,10.63,-8.07,0
T,513957,10.55,-8.44,0
T,513977,10.54,-9.14,0
T,513997,10.59,-9.39,0
T,514017,10.76,-9.63,0
T,514037,10.61,-9.61,0
T,514057,10.48,-8.92,0
T,514077,10.61,-8.57,0
T,514097,10.55,-7.91,0
T,514117,10.63,-6.34,0
T,514137,10.65,-6.64,0
T,514157,10.61,-6.77,0
T,514177,10.56,-7.06,0
T,514197,10.67,-7.34,0
T,514217,10.69,-7.08,0
T,514237,10.63,-7.78,0
T,514257,10.66,-7.20,0
T,514277,10.62,-7.54,0
T,514297,10.56,-7.93,0
T,514317,10.74,-7.89,0
T,514337,10.64,-7.62,0
T,514357,10.53,-7.69,0
T,514377,10.50,-7.74,0
T,514397,10.57,-7.54,0
T,514417,10.74,-7.95,0
T,514437,10.75,-8.86,0
T,514457,10.70,-9.22,0
T,514477,10.72,-9.45,0
T,514497,10.58,-8.62,0
T,514517,10.70,-8.25,0
T,514537,10.63,-5.74,0
T,514557,10.82,-6.89,0
T,514577,10.81,-7.01,0
T,514597,10.71,-7.22,0
T,514617,10.56,-5.87,0
T,514637,10.68,-5.91,0
T,514657,10.64,-6.95,0
T,514677,10.72,-6.78,0
T,514697,10.75,-6.77,0
T,514717,10.65,-6.15,0
T,514737,10.61,-6.70,0
T,514757,10.64,-6.72,0
T,514777,10.71,-7.12,0
T,514797,10.57,-7.86,0
T,514817,10.70,-7.38,0
T,514837,10.58,-7.45,0
T,514857,10.61,-7.57,0
T,514877,10.69,-8.13,0
T,514897,10.69,-8.39,0
T,514917,10.61,-8.72,0
T,514937,10.60,-8.76,0
T,514957,10.60,-8.84,0
T,514977,10.72,-8.84,0
T,514997,10.62,-8.07,0
T,515017,10.84,-7.02,0
T,515037,10.69,-6.52,0
T,515057,10.63,-7.02,0
T,515077,10.69,-5.56,0
T,515097,10.63,-5.68,0
T,515117,10.73,-5.42,0
T,515137,10.67,-5.95,0
T,515157,10.61,-6.12,0
T,515177,10.69,-6.47,0
T,515197,10.64,-7.01,0
T,515217,10.72,-7.32,0
T,515237,10.60,-8.32,0
T,515257,10.74,-7.49,0
T,515277,10.71,-7.28,0
T,515297,10.72,-6.69,0
T,515317,10.54,-6.77,0
T,515337,10.69,-6.08,0
T,515357,10.79,-4.97,0
T,515377,10.69,-5.76,0
T,515397,10.67,-6.15,0
T,515417,10.69,-6.83,0
T,515437,10.74,-5.03,0
T,515457,10.71,-4.29,0
T,515477,10.81,-3.26,0
T,515497,10.75,-3.85,0
T,515517,10.70,-5.21,0
T,515537,10.72,-5.07,0
T,515557,10.75,-5.72,0
T,515577,10.77,-6.18,0
T,515597,10.80,-6.17,0
T,515617,10.71,-5.35,0
T,515637,10.68,-5.54,0
T,515657,10.62,-5.98,0
T,515677,10.57,-6.16,0
T,515697,10.58,-6.34,0
T,515717,10.77,-3.48,0
T,515737,10.79,-4.63,0
T,515757,10.68,-4.90,0
T,515777,10.60,-4.98,0
T,515797,10.66,-4.56,0
T,515817,10.68,-3.57,0
T,515837,10.71,-3.21,0
T,515857,10.76,-4.01,0
T,515877,10.73,-4.21,0
T,515897,10.65,-4.47,0
T,515917,10.64,-5.45,0
T,515937,10.70,-4.27,0
T,515957,10.75,-4.91,0
T,515977,10.88,-5.53,0
T,515997,10.62,-7.02,0
T,516017,10.57,-6.65,0
T,516037,10.60,-5.33,0
T,516057,10.81,-4.83,0
T,516077,10.72,-5.53,0
T,516097,10.72,-6.59,0
T,516117,10.68,-6.83,0
T,516137,10.65,-7.38,0
T,516157,10.61,-7.70,0
T,516177,10.77,-7.77,0
T,516197,10.82,-7.45,0
T,516217,10.68,-7.75,0
T,516237,10.72,-8.18,0
T,516257,10.65,-8.30,0
T,516277,10.67,-8.58,0
T,516297,10.74,-6.94,0
T,516317,10.82,-6.94,0
T,516337,10.70,-6.89,0
T,516357,10.70,-6.72,0
T,516377,10.70,-5.53,0
T,516397,10.60,-5.83,0
T,516417,10.83,-5.18,0
T,516437,10.89,-4.61,0
T,516457,10.81,-3.57,0
T,516477,10.66,-3.81,0
T,516497,10.65,-4.18,0
R,516501,22500,20502,10.65
[516.501] I [BLR] set speed 22500 rpm, ramp=0 ms
T,516517,10.93,-4.89,0
T,516537,11.38,-5.18,0
T,516557,11.81,-5.60,0
T,516577,12.20,-7.34,0
T,516597,12.34,-7.91,0
T,516617,12.47,-7.89,0
T,516637,12.68,-7.70,0
T,516657,12.65,-7.86,0
T,516677,12.87,-8.44,0
T,516697,12.89,-9.38,0
T,516717,12.84,-10.16,0
T,516737,12.97,-10.41,0
T,516757,13.16,-11.14,0
T,516777,12.89,-13.14,0
T,516797,12.99,-14.59,0
T,516817,13.11,-14.75,0
T,516837,12.95,-13.78,0
T,516857,12.93,-13.41,0
T,516877,12.94,-12.90,0
T,516897,12.79,-12.04,0
T,516917,12.76,-10.66,0
T,516937,13.11,-10.87,0
T,516957,13.33,-11.13,0
T,516977,13.12,-12.31,0
T,516997,12.92,-13.56,0
T,517017,12.75,-14.56,0
T,517037,13.07,-15.09,0
T,517057,13.12,-15.39,0
T,517077,13.09,-15.67,0
T,517097,13.08,-15.17,0
T,517117,12.92,-15.16,0
T,517137,13.11,-15.30,0
T,517157,12.83,-15.59,0
T,517177,13.08,-15.14,0
T,517197,13.03,-14.45,0
T,517217,13.08,-14.56,0
T,517237,12.87,-14.49,0
T,517257,13.07,-14.36,0
T,517277,13.01,-14.89,0
T,517297,12.88,-15.43,0
T,517317,12.87,-14.72,0
T,517337,13.01,-14.48,0
T,517357,12.92,-14.94,0
T,517377,13.04,-14.28,0
T,517397,13.06,-13.64,0
T,517417,12.90,-13.51,0
T,517437,12.88,-13.04,0
T,517457,13.08,-12.64,0
T,517477,12.96,-13.09,0
T,517497,12.89,-13.48,0
T,517517,12.92,-13.93,0
T,517537,13.17,-14.87,0
T,517557,12.93,-14.32,0
T,517577,12.86,-14.26,0
T,517597,12.95,-14.50,0
T,517617,12.95,-14.37,0
T,517637,13.00,-13.98,0
T,517657,13.01,-13.80,0
T,517677,12.88,-14.12,0
T,517697,13.20,-13.48,0
T,517717,12.93,-14.14,0
T,517737,12.84,-13.19,0
T,517757,13.03,-13.88,0
T,517777,12.99,-13.37,0
T,517797,12.97,-13.41,0
T,517817,12.80,-12.56,0
T,517837,13.06,-12.33,0
T,517857,12.91,-12.05,0
T,517877,13.00,-12.16,0
T,517897,13.05,-12.34,0
T,517917,12.92,-12.05,0
T,517937,12.80,-12.19,0
T,517957,13.04,-11.53,0
T,517977,12.97,-11.76,0
T,517997,12.96,-11.21,0
T,518017,12.98,-11.76,0
T,518037,12.94,-12.36,0
T,518057,12.94,-12.02,0
T,518077,12.90,-12.11,0
T,518097,12.95,-11.78,0
T,518117,13.06,-11.63,0
T,518137,12.94,-11.11,0
T,518157,12.95,-10.64,0
T,518177,13.01,-9.47,0
T,518197,12.99,-9.15,0
T,518217,12.94,-8.87,0
T,518237,13.05,-9.26,0
T,518257,13.07,-10.23,0
T,518277,12.98,-10.50,0
T,518297,13.00,-11.25,0
T,518317,12.97,-10.73,0
T,518337,12.84,-10.81,0
T,518357,12.86,-10.12,0
T,518377,12.98,-10.40,0
T,518397,13.10,-11.24,0
T,518417,12.99,-11.38,0
T,518437,12.96,-11.23,0
T,518457,13.04,-10.78,0
T,518477,13.03,-9.81,0
T,518497,12.91,-9.51,0
T,518517,13.00,-9.29,0
T,518537,13.10,-8.57,0
T,518557,12.95,-8.81,0
T,518577,13.00,-9.08,0
T,518597,12.96,-9.24,0
T,518617,13.00,-10.21,0
T,518637,12.82,-11.26,0
T,518657,12.99,-11.23,0
T,518677,12.97,-11.44,0
T,518697,12.98,-10.76,0
T,518717,13.04,-10.98,0
T,518737,12.93,-11.42,0
T,518757,13.01,-11.88,0
T,518777,13.09,-12.10,0
T,518797,12.93,-11.42,0
T,518817,12.97,-11.59,0
T,518837,12.85,-11.53,0
T,518857,12.97,-12.10,0
T,518877,13.01,-12.20,0
T,518897,12.97,-11.58,0
T,518917,13.06,-11.13,0
T,518937,13.05,-10.23,0
T,518957,12.85,-10.47,0
T,518977,13.05,-9.61,0
T,518997,12.83,-10.20,0
T,519017,12.92,-9.45,0
T,519037,12.93,-9.59,0
T,519057,12.95,-9.84,0
T,519077,12.94,-10.11,0
T,519097,12.90,-10.69,0
T,519117,13.00,-9.89,0
T,519137,13.09,-10.53,0
T,519157,12.99,-9.57,0
T,519177,13.08,-10.26,0
T,519197,12.87,-11.02,0
T,519217,12.94,-11.58,0
T,519237,13.09,-10.39,0
T,519257,12.83,-9.52,0
T,519277,13.13,-9.72,0
T,519297,13.19,-10.24,0
T,519317,12.85,-10.95,0
T,519337,12.98,-10.13,0
T,519357,12.98,-9.74,0
T,519377,13.07,-8.48,0
T,519397,13.01,-8.46,0
T,519417,12.91,-8.37,0
T,519437,12.98,-8.94,0
T,519457,12.89,-9.57,0
T,519477,13.02,-9.87,0
T,519497,12.98,-9.82,0
T,519517,12.90,-9.55,0
T,519537,12.86,-9.05,0
T,519557,12.94,-6.30,0
T,519577,13.00,-6.57,0
T,519597,12.97,-6.39,0
T,519617,12.95,-6.88,0
T,519637,12.99,-6.87,0
T,519657,12.91,-8.46,0
T,519677,13.07,-9.82,0
T,519697,12.90,-9.71,0
T,519717,13.04,-8.17,0
T,519737,12.85,-7.85,0
T,519757,13.05,-8.05,0
T,519777,12.88,-8.34,0
T,519797,12.97,-8.97,0
T,519817,13.03,-8.41,0
T,519837,12.98,-8.25,0
T,519857,13.01,-6.67,0
T,519877,13.11,-6.16,0
T,519897,13.00,-6.89,0
R,519914,16500,22500,12.97
T,519917,12.95,-7.62,0
[519.914] I [BLR] set speed 16500 rpm, ramp=0 ms
T,519937,12.20,-8.30,0
T,519957,11.38,-7.51,0
T,519977,10.75,-6.24,0
T,519997,10.26,-1.22,0
T,520017,9.85,2.08,0
T,520037,9.56,4.79,0
T,520057,9.36,7.41,0
T,520077,9.21,9.18,0
T,520097,9.12,8.54,0
T,520117,9.10,8.87,0
T,520137,8.92,10.64,0
T,520157,8.86,10.79,0
T,520177,8.82,11.64,0
T,520197,8.68,11.82,0
T,520217,8.71,11.75,0
T,520237,8.65,11.32,0
T,520257,8.59,12.29,0
T,520277,8.55,13.67,0
T,520297,8.51,13.79,0
T,520317,8.47,13.46,0
T,520337,8.48,13.53,0
T,520357,8.38,13.39,0
T,520377,8.41,11.66,0
T,520397,8.41,12.75,0
T,520417,8.37,13.75,0
T,520437,8.33,14.84,0
T,520457,8.26,14.89,0
T,520477,8.23,14.50,0
T,520497,8.20,15.38,0
T,520517,8.20,14.30,0
T,520537,8.18,15.00,0
T,520557,8.14,15.86,0
T,520577,8.10,15.37,0
T,520597,8.08,14.87,0
T,520617,8.07,14.31,0
T,520637,7.99,15.37,0
T,520657,8.00,15.94,0
T,520677,8.00,15.92,0
T,520697,7.93,16.59,0
T,520717,7.88,16.26,0
T,520737,7.85,15.11,0
T,520757,7.82,16.04,0
T,520777,7.84,17.05,0
T,520797,7.80,18.13,0
T,520817,7.81,19.02,0
T,520837,7.76,19.37,0
T,520857,7.80,19.51,0
T,520877,7.76,19.14,0
T,520897,7.65,19.23,0
T,520917,7.66,17.39,0
T,520937,7.62,15.53,0
T,520957,7.62,13.23,0
T,520977,7.57,12.15,0
T,520997,7.56,11.11,0
T,521017,7.56,10.78,0
T,521037,7.52,11.27,0
T,521057,7.49,11.30,0
T,521077,7.50,13.62,0
T,521097,7.49,15.07,0
T,521117,7.47,15.19,0
T,521137,7.49,14.35,0
T,521157,7.41,13.83,0
T,521177,7.44,14.88,0
T,521197,7.39,15.88,0
T,521217,7.39,15.83,0
T,521237,7.41,15.69,0
T,521257,7.29,14.08,0
T,521277,7.33,13.42,0
T,521297,7.36,14.60,0
T,521317,7.25,14.49,0
T,521337,7.34,15.35,0
T,521357,7.28,14.04,0
T,521377,7.27,14.72,0
T,521397,7.23,13.32,0
T,521417,7.20,12.53,0
T,521437,7.24,13.45,0
T,521457,7.20,12.82,0
T,521477,7.11,12.90,0
T,521497,7.21,11.44,0
T,521517,7.21,11.48,0
T,521537,7.20,10.76,0
T,521557,7.15,9.25,0
T,521577,7.10,8.09,0
T,521597,7.19,6.81,0
T,521617,7.17,5.88,0
T,521637,7.12,5.50,0
T,521657,7.16,5.87,0
T,521677,7.13,5.16,0
T,521697,7.10,4.85,0
T,521717,7.02,4.99,0
T,521737,7.16,4.70,0
T,521757,7.03,4.67,0
T,521777,7.12,4.46,0
T,521797,7.15,4.63,0
T,521817,7.08,4.35,0
T,521837,7.10,4.42,0
T,521857,7.08,4.76,0
T,521877,7.08,8.26,0
T,521897,7.02,9.45,0
T,521917,7.08,9.63,0
T,521937,7.06,8.99,0
T,521957,6.97,10.03,0
T,521977,7.08,9.39,0
T,521997,7.05,8.19,0
T,522017,7.05,7.12,0
T,522037,7.05,6.23,0
T,522057,6.99,5.61,0
T,522077,7.07,4.83,0
T,522097,7.04,4.27,0
T,522117,7.02,3.72,0
T,522137,6.99,4.88,0
T,522157,7.09,4.87,0
T,522177,6.97,7.77,0
T,522197,7.05,7.63,0
T,522217,7.09,8.78,0
T,522237,7.06,8.27,0
T,522257,6.98,8.56,0
T,522277,6.96,8.30,0
T,522297,7.06,8.55,0
T,522317,7.02,8.91,0
T,522337,6.96,7.96,0
T,522357,7.01,7.00,0
T,522377,6.98,6.33,0
T,522397,7.00,5.99,0
T,522417,6.99,5.58,0
T,522437,6.95,5.35,0
T,522457,6.93,7.23,0
T,522477,7.00,6.63,0
T,522497,6.91,8.10,0
T,522517,6.97,8.09,0
T,522537,6.98,7.40,0
T,522557,6.93,8.15,0
T,522577,6.96,7.65,0
T,522597,6.93,10.13,0
T,522617,7.03,9.23,0
T,522637,6.98,8.65,0
T,522657,7.02,8.24,0
T,522677,6.95,7.61,0
T,522697,6.96,7.45,0
T,522717,6.94,7.59,0
T,522737,6.94,7.76,0
T,522757,6.99,7.73,0
T,522777,6.96,7.11,0
T,522797,6.98,6.32,0
T,522817,6.91,7.23,0
T,522837,6.97,7.25,0
T,522857,6.93,7.16,0
T,522877,6.99,6.44,0
T,522897,6.92,5.92,0
T,522917,6.95,5.71,0
T,522937,6.94,5.32,0
T,522957,6.91,5.15,0
T,522977,6.85,4.89,0
T,522997,7.01,4.90,0
T,523017,6.97,4.41,0
T,523037,6.92,5.41,0
T,523057,6.93,5.19,0
T,523077,6.91,4.72,0
T,523097,6.92,4.55,0
T,523117,6.94,4.42,0
T,523137,7.01,4.29,0
T,523157,6.94,4.31,0
T,523177,6.94,6.05,0
T,523197,6.86,6.81,0
T,523217,6.93,6.62,0
T,523237,6.89,7.33,0
T,523257,6.97,6.48,0
T,523277,6.93,7.32,0
T,523297,6.96,6.83,0
T,523317,6.89,6.19,0
T,523337,6.95,6.02,0
T,523357,6.96,5.75,0
T,523377,6.89,5.65,0
T,523397,6.90,5.19,0
T,523417,6.91,5.06,0
T,523437,6.89,4.75,0
T,523457,6.94,5.19,0
T,523477,6.87,5.06,0
T,523497,6.85,5.72,0
T,523517,6.87,6.01,0
T,523537,6.91,5.56,0
T,523557,6.87,4.96,0
T,523577,6.92,4.46,0
T,523597,6.87,4.61,0
T,523617,6.89,4.10,0
T,523637,6.99,4.63,0
T,523657,6.92,3.92,0
T,523677,6.92,4.08,0
T,523697,6.99,4.09,0
T,523717,6.89,4.05,0
T,523737,6.91,4.73,0
T,523757,6.91,5.03,0
T,523777,6.92,4.66,0
T,523797,6.91,4.45,0
T,523817,6.93,4.47,0
T,523837,6.96,4.00,0
T,523857,6.88,4.90,0
T,523877,6.94,5.00,0
T,523897,6.93,4.75,0
T,523917,6.86,5.07,0
T,523937,6.84,4.89,0
T,523957,6.92,4.07,0
T,523977,6.91,3.90,0
T,523997,6.92,4.86,0
T,524017,6.92,5.21,0
T,524037,6.94,4.58,0
T,524057,6.94,4.57,0
T,524077,6.92,4.17,0
T,524097,6.85,5.05,0
T,524117,6.93,4.94,0
T,524137,6.93,6.62,0
T,524157,6.91,6.54,0
T,524177,6.91,6.23,0
T,524197,6.93,5.28,0
T,524217,6.97,5.21,0
T,524237,6.97,5.92,0
T,524257,6.96,5.70,0
T,524277,6.88,7.54,0
T,524297,6.87,6.38,0
T,524317,6.98,5.53,0
T,524337,6.99,5.51,0
T,524357,6.88,5.52,0
T,524377,6.92,6.01,0
T,524397,6.87,5.90,0
T,524417,6.86,5.41,0
T,524437,6.84,4.91,0
T,524457,6.94,6.43,0
T,524477,6.86,5.94,0
T,524497,6.97,7.53,0
T,524517,6.88,9.54,0
T,524537,6.83,9.08,0
T,524557,6.91,9.02,0
T,524577,6.89,9.12,0
T,524597,6.84,10.65,0
T,524617,6.85,10.51,0
T,524637,6.92,9.23,0
T,524657,6.93,7.90,0
T,524677,6.94,7.01,0
T,524697,6.94,7.23,0
T,524717,6.84,6.39,0
T,524737,6.90,6.36,0
T,524757,6.89,6.04,0
T,524777,6.90,5.92,0
T,524797,7.01,5.12,0
T,524817,6.95,4.47,0
T,524837,6.86,4.03,0
T,524857,6.92,4.48,0
T,524877,6.87,5.29,0
T,524897,6.86,5.70,0
T,524917,6.92,5.45,0
T,524937,6.93,4.79,0
T,524957,6.92,4.57,0
T,524977,6.90,4.13,0
T,524997,6.89,4.09,0
T,525017,6.88,3.66,0
T,525037,6.88,4.65,0
T,525057,6.95,4.91,0
T,525077,6.88,5.01,0
T,525097,6.84,4.65,0
T,525117,6.96,4.42,0
T,525137,6.87,6.65,0
T,525157,6.89,6.55,0
T,525177,6.95,9.36,0
T,525197,6.91,9.08,0
T,525217,6.97,8.10,0
T,525237,6.89,7.19,0
T,525257,6.88,5.99,0
T,525277,6.82,6.67,0
T,525297,6.88,6.57,0
T,525317,6.87,6.62,0
T,525337,6.87,5.80,0
T,525357,6.82,6.17,0
T,525377,6.86,5.48,0
T,525397,6.91,5.51,0
T,525417,6.94,5.15,0
T,525437,6.86,4.92,0
T,525457,6.91,7.46,0
T,525477,6.88,6.61,0
T,525497,6.90,6.40,0
T,525517,6.94,5.85,0
T,525537,7.00,4.98,0
T,525557,6.88,4.20,0
T,525577,6.89,3.83,0
T,525597,6.93,3.55,0
T,525617,6.89,3.13,0
T,525637,6.93,3.32,0
T,525657,6.95,3.14,0
T,525677,6.93,6.15,0
T,525697,6.92,6.70,0
T,525717,6.90,6.62,0
T,525737,6.89,5.58,0
T,525757,6.95,5.03,0
T,525777,6.96,4.77,0
T,525797,6.90,5.62,0
T,525817,6.87,5.63,0
T,525837,6.92,4.64,0
T,525857,6.83,3.99,0
T,525877,6.93,3.75,0
T,525897,6.91,3.94,0
T,525917,6.82,3.49,0
T,525937,6.97,3.26,0
T,525957,6.83,3.73,0
T,525977,6.95,3.32,0
T,525997,6.87,3.32,0
T,526017,6.93,3.21,0
T,526037,6.89,3.34,0
T,526057,6.92,4.22,0
T,526077,6.87,4.23,0
T,526097,6.89,4.13,0
T,526117,6.83,3.65,0
T,526137,6.86,5.14,0
T,526157,6.95,4.76,0
T,526177,7.00,4.52,0
T,526197,6.84,4.12,0
T,526217,6.93,3.85,0
T,526237,6.87,3.80,0
T,526257,6.90,4.21,0
T,526277,6.87,4.46,0
T,526297,6.87,3.35,0
T,526317,6.93,3.10,0
T,526337,7.00,2.67,0
T,526357,6.89,2.24,0
T,526377,6.86,2.37,0
T,526397,6.89,3.57,0
T,526417,6.91,3.10,0
T,526437,6.90,2.98,0
T,526457,6.93,2.77,0
T,526477,6.94,4.23,0
T,526497,6.97,4.56,0
T,526517,6.90,4.25,0
T,526537,6.89,4.19,0
T,526557,6.88,4.26,0
T,526577,6.90,4.15,0
T,526597,6.86,3.76,0
T,526617,6.92,3.16,0
T,526637,6.89,3.28,0
T,526657,6.82,3.79,0
T,526677,6.85,4.39,0
T,526697,6.91,3.50,0
T,526717,6.88,3.17,0
T,526737,6.81,3.26,0
T,526757,6.87,3.82,0
T,526777,6.94,3.65,0
T,526797,6.96,3.85,0
T,526817,6.91,3.64,0
T,526837,6.90,5.25,0
T,526857,6.94,4.89,0
T,526877,6.89,4.25,0
T,526897,6.91,3.54,0
T,526917,6.83,3.24,0
T,526937,6.85,3.69,0
T,526957,6.86,4.14,0
T,526977,6.93,3.93,0
T,526997,6.96,3.94,0
T,527017,6.94,4.10,0
T,527037,6.91,5.24,0
T,527057,6.88,5.12,0
T,527077,6.98,4.84,0
T,527097,6.90,4.32,0
T,527117,6.90,4.33,0
T,527137,6.90,3.75,0
T,527157,6.88,3.60,0
T,527177,6.90,3.83,0
T,527197,6.90,4.61,0
T,527217,6.98,5.09,0
T,527237,6.87,4.22,0
T,527257,6.93,4.50,0
T,527277,7.00,3.73,0
T,527297,6.85,2.66,0
T,527317,6.90,2.42,0
T,527337,6.87,2.39,0
R,527356,17500,16512,6.90
T,527357,6.90,2.46,0
[527.356] I [BLR] set speed 17500 rpm, ramp=0 ms
T,527377,7.05,2.59,0
T,527397,7.23,2.24,0
T,527417,7.40,2.15,0
T,527437,7.51,2.13,0
T,527457,7.54,1.45,0
T,527477,7.57,1.16,0
T,527497,7.74,1.30,0
T,527517,7.70,1.86,0
T,527537,7.74,2.02,0
T,527557,7.72,1.95,0
T,527577,7.79,1.52,0
T,527597,7.84,1.65,0
T,527617,7.72,2.01,0
T,527637,7.75,2.46,0
T,527657,7.75,2.89,0
T,527677,7.76,2.48,0
T,527697,7.83,1.91,0
T,527717,7.79,1.64,0
T,527737,7.77,1.47,0
T,527757,7.83,2.24,0
T,527777,7.83,1.48,0
T,527797,7.87,1.33,0
T,527817,7.82,0.72,0
T,527837,7.86,1.08,0
T,527857,7.84,1.25,0
T,527877,7.80,2.46,0
T,527897,7.79,2.19,0
T,527917,7.77,1.84,0
T,527937,7.85,1.09,0
T,527957,7.77,0.31,0
T,527977,7.80,0.81,0
T,527997,7.76,1.08,0
T,528017,7.81,0.90,0
T,528037,7.86,0.34,0
T,528057,7.89,0.30,0
T,528077,7.77,0.25,0
T,528097,7.84,0.13,0
T,528117,7.89,-0.10,0
T,528137,7.85,-0.47,0
T,528157,7.75,0.37,0
T,528177,7.87,-0.28,0
T,528197,7.77,-0.78,0
T,528217,7.76,-1.40,0
T,528237,7.76,-1.00,0
T,528257,7.88,-0.44,0
T,528277,7.83,-0.19,0
T,528297,7.81,-0.40,0
T,528317,7.75,-0.58,0
T,528337,7.70,-0.41,0
T,528357,7.87,-0.77,0
T,528377,7.82,0.10,0
T,528397,7.79,-0.24,0
T,528417,7.72,-0.62,0
T,528437,7.80,-0.38,0
T,528457,7.71,-0.49,0
T,528477,7.77,0.05,0
T,528497,7.86,0.38,0
T,528517,7.74,1.05,0
T,528537,7.77,0.68,0
T,528557,7.72,0.65,0
T,528577,7.81,0.21,0
T,528597,7.75,0.04,0
T,528617,7.79,-0.18,0
T,528637,7.74,0.08,0
T,528657,7.80,0.21,0
T,528677,7.81,0.97,0
T,528697,7.78,1.90,0
T,528717,7.75,1.28,0
T,528737,7.82,1.64,0
T,528757,7.85,1.48,0
T,528777,7.80,1.63,0
T,528797,7.74,2.44,0
T,528817,7.79,2.10,0
T,528837,7.89,1.69,0
T,528857,7.80,1.05,0
T,528877,7.71,0.86,0
T,528897,7.87,0.60,0
T,528917,7.75,0.56,0
T,528937,7.87,0.30,0
T,528957,7.79,1.50,0
T,528977,7.76,1.49,0
T,528997,7.74,1.19,0
T,529017,7.76,2.73,0
T,529037,7.86,2.87,0
T,529057,7.80,3.20,0
T,529077,7.81,3.05,0
T,529097,7.71,2.39,0
T,529117,7.72,2.13,0
T,529137,7.73,1.59,0
T,529157,7.69,1.51,0
T,529177,7.74,1.05,0
T,529197,7.75,1.92,0
T,529217,7.81,1.31,0
T,529237,7.76,1.28,0
T,529257,7.78,1.51,0
T,529277,7.76,0.95,0
T,529297,7.79,0.47,0
T,529317,7.77,-0.03,0
T,529337,7.86,-0.16,0
T,529357,7.73,-0.75,0
T,529377,7.73,-0.95,0
T,529397,7.80,-1.35,0
T,529417,7.76,-1.68,0
T,529437,7.73,-2.16,0
T,529457,7.83,-1.89,0
T,529477,7.69,-1.69,0
T,529497,7.79,-1.37,0
T,529517,7.77,0.46,0
T,529537,7.80,0.61,0
T,529557,7.76,1.85,0
T,529577,7.77,1.27,0
T,529597,7.81,2.59,0
T,529617,7.76,3.72,0
T,529637,7.77,3.80,0
T,529657,7.78,3.29,0
T,529677,7.73,2.25,0
T,529697,7.76,2.17,0
T,529717,7.73,2.00,0
T,529737,7.80,3.10,0
T,529757,7.85,2.27,0
T,529777,7.71,1.93,0
T,529797,7.66,1.79,0
T,529817,7.79,3.13,0
T,529837,7.81,2.69,0
T,529857,7.76,3.06,0
T,529877,7.80,2.68,0
T,529897,7.74,2.61,0
T,529917,7.73,1.80,0
T,529937,7.79,0.77,0
T,529957,7.81,0.57,0
T,529977,7.68,0.59,0
T,529997,7.75,0.41,0
T,530017,7.80,0.72,0
T,530037,7.73,0.73,0
T,530057,7.73,0.21,0
T,530077,7.76,-0.97,0
T,530097,7.82,-1.38,0
T,530117,7.77,-1.09,0
T,530137,7.78,-1.50,0
T,530157,7.76,-1.70,0
T,530177,7.85,-1.70,0
T,530197,7.70,-1.48,0
T,530217,7.72,-1.10,0
T,530237,7.79,-1.16,0
T,530257,7.73,-0.85,0
T,530277,7.77,-0.79,0
T,530297,7.83,-0.63,0
T,530317,7.81,-0.88,0
T,530337,7.68,-0.42,0
T,530357,7.81,0.08,0
T,530377,7.74,0.42,0
T,530397,7.72,0.57,0
T,530417,7.77,0.60,0
T,530437,7.76,2.59,0
T,530457,7.77,2.34,0
T,530477,7.84,2.52,0
T,530497,7.74,2.07,0
T,530517,7.84,2.64,0
T,530537,7.71,1.85,0
T,530557,7.74,1.08,0
T,530577,7.81,0.14,0
T,530597,7.88,-0.63,0
T,530617,7.79,-1.15,0
T,530637,7.75,-1.36,0
T,530657,7.75,-1.63,0
T,530677,7.74,-1.44,0
T,530697,7.76,-0.82,0
T,530717,7.80,-0.60,0
T,530737,7.88,-0.33,0
T,530757,7.77,1.24,0
T,530777,7.77,0.73,0
T,530797,7.88,0.28,0
T,530817,7.74,-0.18,0
T,530837,7.76,-0.19,0
T,530857,7.77,0.01,0
T,530877,7.75,-0.25,0
T,530897,7.80,-0.42,0
T,530917,7.76,-1.11,0
T,530937,7.71,-1.15,0
T,530957,7.80,-1.25,0
T,530977,7.73,-1.33,0
T,530997,7.80,-1.01,0
T,531017,7.79,-0.87,0
T,531037,7.75,-0.72,0
T,531057,7.80,-0.52,0
T,531077,7.70,-0.48,0
T,531097,7.78,-0.29,0
T,531117,7.81,-0.35,0
T,531137,7.70,1.08,0
T,531157,7.77,0.82,0
T,531177,7.81,0.14,0
T,531197,7.77,-0.39,0
T,531217,7.82,-0.76,0
T,531237,7.77,-0.95,0
T,531257,7.74,-1.20,0
T,531277,7.82,-1.48,0
T,531297,7.80,-1.12,0
T,531317,7.77,-0.37,0
T,531337,7.80,0.17,0
T,531357,7.80,0.18,0
T,531377,7.72,0.97,0
T,531397,7.75,0.73,0
T,531417,7.78,2.03,0
T,531437,7.81,1.65,0
T,531457,7.91,1.62,0
T,531477,7.77,1.37,0
T,531497,7.75,0.88,0
T,531517,7.73,0.57,0
T,531537,7.73,-0.02,0
T,531557,7.80,-0.06,0
T,531577,7.76,-0.24,0
T,531597,7.79,-0.02,0
T,531617,7.74,-0.29,0
T,531637,7.78,0.52,0
T,531657,7.79,0.30,0
T,531677,7.76,-0.01,0
T,531697,7.76,-0.13,0
T,531717,7.88,-0.13,0
T,531737,7.81,-0.43,0
T,531757,7.70,-1.14,0
T,531777,7.73,-1.11,0
T,531797,7.75,-1.00,0
T,531817,7.70,-1.10,0
T,531837,7.75,-1.00,0
T,531857,7.75,-0.61,0
T,531877,7.82,0.59,0
T,531897,7.75,0.01,0
T,531917,7.88,0.10,0
T,531937,7.72,-0.46,0
T,531957,7.74,-0.60,0
T,531977,7.79,0.44,0
T,531997,7.75,1.62,0
T,532017,7.78,2.90,0
T,532037,7.75,2.26,0
T,532057,7.68,1.86,0
T,532077,7.83,1.64,0
T,532097,7.81,2.39,0
T,532117,7.82,1.94,0
T,532137,7.76,1.22,0
T,532157,7.65,0.74,0
T,532177,7.78,0.10,0
T,532197,7.79,1.14,0
T,532217,7.76,0.74,0
T,532237,7.75,0.99,0
T,532257,7.76,0.78,0
T,532277,7.77,0.60,0
T,532297,7.76,0.35,0
T,532317,7.80,0.31,0
T,532337,7.79,0.44,0
T,532357,7.82,-0.09,0
T,532377,7.81,-0.32,0
T,532397,7.83,-0.97,0
T,532417,7.80,-1.61,0
T,532437,7.76,-1.32,0
T,532457,7.78,-1.55,0
T,532477,7.79,-1.34,0
T,532497,7.78,-1.54,0
T,532517,7.74,-1.80,0
T,532537,7.78,-2.29,0
T,532557,7.80,-2.31,0
T,532577,7.76,-2.22,0
T,532597,7.82,-2.21,0
T,532617,7.76,0.26,0
T,532637,7.84,0.56,0
T,532657,7.78,0.74,0
T,532677,7.78,1.54,0
T,532697,7.76,1.28,0
T,532717,7.74,1.40,0
T,532737,7.79,1.92,0
T,532757,7.79,1.58,0
T,532777,7.72,1.16,0
T,532797,7.69,0.52,0
T,532817,7.75,-0.06,0
T,532837,7.75,-0.42,0
T,532857,7.81,-0.41,0
T,532877,7.75,-0.76,0
T,532897,7.84,-0.49,0
T,532917,7.77,-0.35,0
T,532937,7.81,-0.87,0
T,532957,7.70,-1.23,0
T,532977,7.76,-1.51,0
T,532997,7.76,-1.58,0
T,533017,7.74,-1.76,0
T,533037,7.88,-1.50,0
T,533057,7.82,-1.70,0
T,533077,7.77,-1.42,0
T,533097,7.77,-1.38,0
T,533117,7.83,-1.40,0
T,533137,7.82,-0.88,0
T,533157,7.73,-0.56,0
T,533177,7.79,-0.49,0
T,533197,7.89,0.14,0
T,533217,7.78,0.72,0
T,533237,7.76,0.62,0
T,533257,7.74,0.57,0
T,533277,7.85,0.32,0
T,533297,7.76,1.22,0
T,533317,7.73,2.19,0
T,533337,7.74,2.22,0
T,533357,7.78,1.92,0
T,533377,7.83,1.38,0
T,533397,7.79,1.74,0
T,533417,7.73,1.37,0
T,533437,7.78,1.63,0
T,533457,7.71,1.12,0
T,533477,7.82,-0.02,0
T,533497,7.72,0.26,0
T,533517,7.80,0.51,0
T,533537,7.81,0.83,0
T,533557,7.81,0.48,0
T,533577,7.75,1.74,0
T,533597,7.76,1.52,0
T,533617,7.66,0.90,0
T,533637,7.86,1.13,0
T,533657,7.76,1.06,0
T,533677,7.84,1.86,0
T,533697,7.71,1.24,0
T,533717,7.77,1.20,0
T,533737,7.81,1.37,0
T,533757,7.75,1.86,0
T,533777,7.83,2.20,0
T,533797,7.78,1.23,0
T,533817,7.79,0.83,0
T,533837,7.78,0.30,0
T,533857,7.75,-0.42,0
T,533877,7.77,-0.01,0
T,533897,7.78,-0.31,0
T,533917,7.81,0.05,0
T,533937,7.70,0.15,0
T,533957,7.65,0.71,0
T,533977,7.77,0.45,0
T,533997,7.87,-0.09,0
T,534017,7.78,-0.30,0
T,534037,7.80,-1.09,0
T,534057,7.72,-1.35,0
T,534077,7.69,-1.48,0
T,534097,7.77,-0.61,0
T,534117,7.76,0.42,0
T,534137,7.86,0.91,0
T,534157,7.76,0.44,0
T,534177,7.71,0.34,0
T,534197,7.76,0.72,0
T,534217,7.79,0.86,0
T,534237,7.75,0.84,0
T,534257,7.77,1.39,0
T,534277,7.80,1.09,0
T,534297,7.79,1.00,0
T,534317,7.79,0.93,0
T,534337,7.71,0.65,0
T,534357,7.85,0.38,0
T,534377,7.82,0.15,0
T,534397,7.80,-0.11,0
T,534417,7.75,-0.23,0
T,534437,7.78,-0.16,0
T,534457,7.73,-0.09,0
T,534477,7.82,-0.09,0
T,534497,7.75,-0.28,0
T,534517,7.77,-0.36,0
T,534537,7.71,-0.88,0
T,534557,7.70,-0.92,0
T,534577,7.67,-0.98,0
T,534597,7.80,-0.89,0
T,534617,7.86,0.22,0
T,534637,7.72,-0.11,0
T,534657,7.79,0.34,0
T,534677,7.74,-0.11,0
T,534697,7.80,0.66,0
T,534717,7.78,0.25,0
T,534737,7.83,1.12,0
T,534757,7.89,3.43,0
T,534777,7.76,3.03,0
T,534797,7.71,2.84,0
T,534817,7.77,2.21,0
T,534837,7.79,2.00,0
T,534857,7.76,1.34,0
T,534877,7.76,1.38,0
T,534897,7.75,1.12,0
T,534917,7.80,1.25,0
T,534937,7.82,0.47,0
T,534957,7.77,-0.46,0
T,534977,7.84,-0.65,0
T,534997,7.77,-0.83,0
T,535017,7.82,-0.28,0
R,535026,18500,17502,7.84
[535.026] I [BLR] set speed 18500 rpm, ramp=0 ms
T,535037,7.84,-0.49,0
T,535057,8.07,-0.52,0
T,535077,8.15,-0.66,0
T,535097,8.21,-0.67,0
T,535117,8.47,-0.66,0
T,535137,8.51,-0.13,0
T,535157,8.53,-0.69,0
T,535177,8.57,-1.36,0
T,535197,8.68,-1.73,0
T,535217,8.71,-2.68,0
T,535237,8.61,-3.44,0
T,535257,8.64,-3.72,0
T,535277,8.86,-3.59,0
T,535297,8.87,-3.35,0
T,535317,8.75,-3.61,0
T,535337,8.73,-2.86,0
T,535357,8.71,-3.13,0
T,535377,8.62,-3.35,0
T,535397,8.66,-2.30,0
T,535417,8.76,-2.08,0
T,535437,8.68,-2.32,0
T,535457,8.69,-2.75,0
T,535477,8.73,-2.07,0
T,535497,8.63,-2.01,0
T,535517,8.79,-1.76,0
T,535537,8.68,-2.54,0
T,535557,8.73,-2.44,0
T,535577,8.69,-2.67,0
T,535597,8.72,-2.50,0
T,535617,8.80,-0.89,0
T,535637,8.68,-1.46,0
T,535657,8.67,-1.66,0
T,535677,8.64,-1.98,0
T,535697,8.70,-1.89,0
T,535717,8.70,-1.59,0
T,535737,8.76,-1.94,0
T,535757,8.76,-2.25,0
T,535777,8.70,-2.71,0
T,535797,8.70,-2.21,0
T,535817,8.72,-2.11,0
T,535837,8.72,-2.26,0
T,535857,8.80,-2.24,0
T,535877,8.79,-2.32,0
T,535897,8.67,-3.01,0
T,535917,8.73,-3.67,0
T,535937,8.72,-3.54,0
T,535957,8.78,-3.70,0
T,535977,8.80,-3.87,0
T,535997,8.82,-3.66,0
T,536017,8.64,-3.08,0
T,536037,8.69,-2.78,0
T,536057,8.69,-2.50,0
T,536077,8.69,-2.76,0
T,536097,8.69,-2.98,0
T,536117,8.65,-3.44,0
T,536137,8.63,-3.62,0
T,536157,8.77,-2.85,0
T,536177,8.80,-3.37,0
T,536197,8.76,-3.42,0
T,536217,8.65,-2.92,0
T,536237,8.64,-2.85,0
T,536257,8.66,-2.31,0
T,536277,8.63,-2.57,0
T,536297,8.77,-2.39,0
T,536317,8.66,-3.03,0
T,536337,8.73,-3.28,0
T,536357,8.68,-3.57,0
T,536377,8.72,-3.31,0
T,536397,8.65,-2.82,0
T,536417,8.77,-3.53,0
T,536437,8.70,-3.26,0
T,536457,8.67,-3.04,0
T,536477,8.63,-2.60,0
T,536497,8.66,-1.64,0
T,536517,8.70,-0.75,0
T,536537,8.64,-1.11,0
T,536557,8.72,-1.81,0
T,536577,8.69,-2.31,0
T,536597,8.75,-1.84,0
T,536617,8.71,-2.16,0
T,536637,8.80,-2.56,0
T,536657,8.75,-2.76,0
T,536677,8.66,-2.95,0
T,536697,8.65,-3.29,0
T,536717,8.65,-3.41,0
T,536737,8.73,-3.08,0
T,536757,8.75,-3.31,0
T,536777,8.76,-3.61,0
T,536797,8.70,-4.02,0
T,536817,8.72,-3.33,0
T,536837,8.72,-2.78,0
T,536857,8.69,-3.07,0
T,536877,8.75,-2.20,0
T,536897,8.84,-2.22,0
T,536917,8.72,-2.32,0
T,536937,8.69,-2.61,0
T,536957,8.73,-2.09,0
T,536977,8.80,-0.75,0
T,536997,8.67,-1.33,0
T,537017,8.73,-1.39,0
T,537037,8.67,-1.63,0
T,537057,8.67,-1.68,0
T,537077,8.68,-1.75,0
T,537097,8.76,-1.87,0
T,537117,8.75,-1.93,0
T,537137,8.70,-1.78,0
T,537157,8.68,-1.47,0
T,537177,8.69,-1.09,0
T,537197,8.77,-0.02,0
T,537217,8.75,0.11,0
T,537237,8.64,0.03,0
T,537257,8.76,0.88,0
T,537277,8.65,-0.21,0
T,537297,8.63,0.23,0
T,537317,8.68,0.38,0
T,537337,8.75,0.17,0
T,537357,8.62,0.20,0
T,537377,8.66,-0.17,0
T,537397,8.80,-0.56,0
T,537417,8.69,-1.15,0
T,537437,8.71,-1.44,0
T,537457,8.68,-2.26,0
T,537477,8.66,-2.54,0
T,537497,8.60,-2.04,0
T,537517,8.67,-1.23,0
T,537537,8.70,-1.39,0
T,537557,8.77,-2.02,0
T,537577,8.69,-2.47,0
T,537597,8.79,-2.15,0
T,537617,8.67,-1.72,0
T,537637,8.72,-1.90,0
T,537657,8.68,-1.78,0
T,537677,8.74,-1.93,0
T,537697,8.76,-2.26,0
T,537717,8.62,-2.68,0
T,537737,8.63,-3.74,0
T,537757,8.63,-3.86,0
T,537777,8.70,-3.25,0
T,537797,8.73,-3.57,0
T,537817,8.68,-3.64,0
T,537837,8.68,-2.86,0
T,537857,8.71,-2.93,0
T,537877,8.60,-2.53,0
T,537897,8.65,-2.46,0
T,537917,8.80,-2.56,0
T,537937,8.82,-2.33,0
T,537957,8.68,-2.28,0
T,537977,8.63,-1.72,0
T,537997,8.67,-1.83,0
T,538017,8.77,-1.35,0
T,538037,8.75,-1.93,0
T,538057,8.82,-2.32,0
T,538077,8.72,-2.29,0
T,538097,8.61,-2.79,0
T,538117,8.69,-2.80,0
T,538137,8.78,-3.14,0
T,538157,8.74,-3.34,0
T,538177,8.63,-3.29,0
T,538197,8.69,-3.02,0
T,538217,8.61,-3.14,0
T,538237,8.70,-1.89,0
T,538257,8.67,-1.73,0
T,538277,8.72,-2.01,0
T,538297,8.80,-2.41,0
T,538317,8.62,-2.58,0
T,538337,8.65,-3.24,0
T,538357,8.78,-3.10,0
T,538377,8.77,-3.01,0
T,538397,8.65,-2.92,0
T,538417,8.70,-2.95,0
T,538437,8.66,-1.95,0
T,538457,8.61,-2.06,0
T,538477,8.74,-1.66,0
T,538497,8.65,-1.05,0
T,538517,8.62,-0.07,0
T,538537,8.67,-0.38,0
T,538557,8.71,-0.95,0
T,538577,8.71,-1.20,0
T,538597,8.70,-1.86,0
T,538617,8.75,-2.07,0
T,538637,8.68,-2.50,0
T,538657,8.77,-2.66,0
T,538677,8.63,-2.61,0
T,538697,8.70,-2.10,0
T,538717,8.62,-1.81,0
T,538737,8.67,-1.70,0
T,538757,8.76,-1.59,0
T,538777,8.66,-1.97,0
T,538797,8.72,-1.21,0
T,538817,8.72,-1.82,0
T,538837,8.65,-2.10,0
T,538857,8.69,-1.38,0
T,538877,8.65,-1.53,0
T,538897,8.61,-1.31,0
T,538917,8.68,-0.53,0
T,538937,8.68,-1.07,0
T,538957,8.68,-1.87,0
T,538977,8.77,-1.47,0
T,538997,8.73,-1.78,0
T,539017,8.72,-1.64,0
T,539037,8.72,-1.44,0
T,539057,8.66,0.55,0
T,539077,8.69,1.02,0
T,539097,8.68,0.29,0
T,539117,8.76,-0.78,0
T,539137,8.64,-1.23,0
T,539157,8.56,-1.81,0
T,539177,8.64,-2.12,0
T,539197,8.63,-2.30,0
T,539217,8.67,-2.42,0
T,539237,8.80,-2.03,0
T,539257,8.66,-0.87,0
T,539277,8.66,-1.38,0
T,539297,8.79,0.32,0
T,539317,8.68,-0.62,0
T,539337,8.78,-1.09,0
T,539357,8.71,-1.67,0
T,539377,8.68,-2.17,0
T,539397,8.63,-2.58,0
T,539417,8.66,-2.68,0
T,539437,8.68,-2.84,0
T,539457,8.73,-3.07,0
T,539477,8.71,-3.53,0
T,539497,8.76,-3.54,0
T,539517,8.73,-3.21,0
T,539537,8.68,-3.08,0
T,539557,8.63,-2.94,0
T,539577,8.68,-3.54,0
T,539597,8.66,-3.46,0
T,539617,8.74,-2.28,0
T,539637,8.71,-1.25,0
T,539657,8.70,-1.32,0
T,539677,8.69,-1.09,0
T,539697,8.73,-0.44,0
T,539717,8.74,-0.87,0
T,539737,8.77,-1.54,0
T,539757,8.63,-2.44,0
T,539777,8.65,-2.54,0
T,539797,8.77,-2.84,0
T,539817,8.66,-2.88,0
T,539837,8.70,-2.64,0
T,539857,8.64,-2.24,0
T,539877,8.65,-2.20,0
T,539897,8.65,-1.51,0
T,539917,8.74,-0.55,0
T,539937,8.71,-0.64,0
T,539957,8.72,-1.29,0
T,539977,8.61,-2.01,0
T,539997,8.78,-2.24,0
T,540017,8.67,-2.07,0
T,540037,8.70,-1.44,0
T,540057,8.70,-1.79,0
T,540077,8.68,-1.31,0
T,540097,8.68,-1.83,0
T,540117,8.72,-1.77,0
T,540137,8.71,-1.06,0
T,540157,8.75,-1.17,0
T,540177,8.64,-1.84,0
T,540197,8.73,-1.63,0
T,540217,8.66,-1.38,0
T,540237,8.73,-1.52,0
T,540257,8.65,-2.03,0
T,540277,8.80,-1.80,0
T,540297,8.83,-1.96,0
T,540317,8.68,-2.03,0
T,540337,8.69,-1.93,0
T,540357,8.78,-1.76,0
T,540377,8.81,-0.89,0
T,540397,8.76,-0.84,0
T,540417,8.59,-0.84,0
T,540437,8.72,-0.57,0
T,540457,8.69,-0.97,0
T,540477,8.70,-1.16,0
T,540497,8.70,-0.35,0
T,540517,8.77,-1.11,0
T,540537,8.70,-1.65,0
T,540557,8.72,-1.80,0
T,540577,8.72,-2.59,0
T,540597,8.74,-3.01,0
T,540617,8.78,-2.95,0
T,540637,8.68,-3.12,0
T,540657,8.68,-2.88,0
T,540677,8.66,-2.15,0
T,540697,8.63,-1.65,0
T,540717,8.72,-1.54,0
T,540737,8.75,-1.70,0
T,540757,8.77,-1.55,0
T,540777,8.62,-1.24,0
T,540797,8.61,-1.21,0
T,540817,8.66,-1.56,0
T,540837,8.85,-0.65,0
T,540857,8.74,-0.91,0
T,540877,8.69,-1.30,0
T,540897,8.59,-1.64,0
T,540917,8.64,-1.91,0
T,540937,8.75,-1.90,0
T,540957,8.67,-1.63,0
T,540977,8.73,-1.80,0
T,540997,8.79,-1.06,0
T,541017,8.63,-1.13,0
T,541037,8.65,-0.99,0
T,541057,8.71,-0.17,0
T,541077,8.69,-0.46,0
T,541097,8.81,-0.08,0
T,541117,8.72,-0.98,0
T,541137,8.67,-2.03,0
T,541157,8.64,-2.91,0
T,541177,8.69,-3.10,0
T,541197,8.65,-3.59,0
T,541217,8.67,-4.10,0
T,541237,8.70,-3.62,0
T,541257,8.72,-3.72,0
T,541277,8.64,-3.05,0
T,541297,8.75,-2.09,0
T,541317,8.72,-1.86,0
T,541337,8.70,-2.54,0
T,541357,8.71,-2.36,0
T,541377,8.73,-2.19,0
T,541397,8.70,-2.53,0
T,541417,8.74,-1.41,0
T,541437,8.64,-0.99,0
T,541457,8.72,-0.91,0
T,541477,8.72,-1.45,0
T,541497,8.62,-1.12,0
T,541517,8.72,-0.48,0
T,541537,8.71,-0.52,0
T,541557,8.74,-0.37,0
T,541577,8.71,-0.35,0
T,541597,8.63,-1.01,0
T,541617,8.60,-0.42,0
T,541637,8.64,-0.58,0
T,541657,8.73,-1.07,0
T,541677,8.80,-1.39,0
T,541697,8.82,-1.39,0
T,541717,8.71,-1.53,0
T,541737,8.71,-1.55,0
T,541757,8.62,-1.72,0
T,541777,8.69,-1.77,0
T,541797,8.63,-2.44,0
T,541817,8.74,-2.44,0
T,541837,8.76,-2.35,0
T,541857,8.73,-1.27,0
T,541877,8.71,0.16,0
T,541897,8.70,-0.17,0
T,541917,8.66,1.13,0
T,541937,8.64,0.96,0
T,541957,8.71,0.12,0
T,541977,8.70,-0.41,0
T,541997,8.66,-0.74,0
T,542017,8.58,-0.43,0
T,542037,8.61,0.08,0
T,542057,8.63,-0.31,0
T,542077,8.58,-0.88,0
T,542097,8.66,-0.17,0
T,542117,8.66,-0.26,0
T,542137,8.68,-0.60,0
T,542157,8.70,-1.00,0
T,542177,8.75,-1.82,0
T,542197,8.72,-1.90,0
T,542217,8.72,-2.21,0
T,542237,8.66,-2.19,0
T,542257,8.76,-1.74,0
T,542277,8.67,-1.26,0
T,542297,8.71,-1.64,0
T,542317,8.59,-1.56,0
T,542337,8.79,-1.76,0
T,542357,8.75,-1.88,0
T,542377,8.71,-2.14,0
T,542397,8.72,-1.94,0
T,542417,8.78,-2.26,0
T,542437,8.66,-2.34,0
T,542457,8.68,-1.52,0
T,542477,8.66,-1.54,0
T,542497,8.72,-0.60,0
T,542517,8.75,-1.36,0
T,542537,8.69,-1.52,0
T,542557,8.75,-2.08,0
T,542577,8.61,-2.62,0
T,542597,8.58,-2.40,0
T,542617,8.73,-1.87,0
T,542637,8.73,-0.57,0
T,542657,8.64,-1.02,0
T,542677,8.68,-0.54,0
T,542697,8.69,-0.71,0
T,542717,8.72,-1.17,0
T,542737,8.73,-0.46,0
T,542757,8.75,-0.69,0
T,542777,8.70,-0.69,0
T,542797,8.64,-0.61,0
T,542817,8.83,-0.65,0
T,542837,8.77,-0.34,0
T,542857,8.79,0.60,0
T,542877,8.82,0.24,0
T,542897,8.72,0.02,0
T,542917,8.70,-0.28,0
T,542937,8.72,-0.88,0
T,542957,8.76,-0.80,0
T,542977,8.73,-1.37,0
T,542997,8.72,-1.08,0
T,543017,8.70,-1.12,0
T,543037,8.60,-1.43,0
T,543057,8.73,-1.52,0
T,543077,8.74,-1.78,0
T,543097,8.63,-1.73,0
