# raw CPAP telemetry
# telem on
T,1078137,8.07,-0.54,19153
R] state 16 -> 4 (ref=19146 act=0 vbus=0)
[1057.249] I [BLR] stT,1078157,8.06,-0.91,19150
ate 4 -> 19 (ref=19146 act=12720 vbus=0)
[1057.269] I [BLR] staT,1078177,8.12,-0.73,19146
te 19 -> 6 (ref=21954 act=13308 vbus=0)
T,1078197,8.13,-0.66,19143
T,1078217,8.05,-0.89,19152
T,1078237,8.11,-0.83,19149
T,1078257,8.04,-0.85,19154
T,1078277,8.18,-0.83,19131
T,1078297,8.08,-0.97,19150
T,1078317,8.07,-0.84,19149
T,1078337,8.11,-1.14,19142
T,1078357,8.10,-1.31,19144
T,1078377,8.04,-1.32,19150
T,1078397,8.06,-0.43,19157
T,1078417,8.04,-0.33,19154
T,1078437,8.11,-0.19,19148
T,1078457,8.14,-0.15,19145
T,1078477,8.09,-0.80,19149
T,1078497,8.12,-0.48,19147
T,1078517,8.17,-0.79,19137
T,1078537,8.03,-0.64,19154
T,1078557,8.11,-0.82,19145
T,1078577,8.11,-0.92,19147
T,1078597,8.03,-0.43,19160
T,1078617,8.06,-0.26,19155
T,1078637,8.11,-0.17,19149
T,1078657,8.15,-0.51,19140
T,1078677,8.09,-0.54,19149
T,1078697,8.14,-1.03,19142
T,1078717,8.03,-0.52,19154
T,1078737,8.17,-0.64,19143
T,1078757,8.13,-0.72,19143
T,1078777,8.12,-1.28,19142
T,1078797,8.19,-1.44,19139
T,1078817,8.15,-1.34,19144
T,1078837,8.05,-1.63,19147
T,1078857,8.11,-1.44,19146
T,1078877,8.09,-1.10,19150
T,1078897,8.09,-0.89,19150
T,1078917,8.07,-0.84,19149
T,1078937,8.17,-0.55,19144
T,1078957,8.07,-0.42,19149
T,1078977,8.03,-0.41,19154
T,1078997,8.13,-0.46,19145
T,1079017,8.18,-0.43,19145
T,1079037,8.08,-0.01,19153
T,1079057,8.10,-0.66,19146
T,1079077,8.17,-0.33,19145
T,1079097,8.07,-0.44,19152
T,1079117,8.07,-0.05,19156
T,1079137,8.17,-0.58,19142
T,1079157,8.01,-0.65,19160
T,1079177,8.14,-0.43,19146
T,1079197,8.20,-0.40,19145
T,1079217,8.15,-0.38,19147
T,1079237,8.18,-0.51,19148
T,1079257,8.06,-0.12,19154
T,1079277,8.18,-0.63,19141
T,1079297,8.07,-0.70,19155
T,1079317,8.08,-0.91,19150
T,1079337,8.11,-0.72,19156
T,1079357,8.16,-0.71,19146
T,1079377,8.04,-1.10,19152
T,1079397,8.05,-0.53,19159
T,1079417,8.05,-0.64,19157
T,1079437,8.13,-0.47,19153
T,1079457,8.11,-0.54,19153
T,1079477,8.10,-0.37,19156
T,1079497,8.09,-0.38,19153
T,1079517,8.01,-0.32,19164
T,1079537,8.14,0.01,19154
T,1079557,8.09,-0.31,19155
T,1079577,8.09,-0.28,19160
T,1079597,8.02,-0.55,19166
T,1079617,8.10,-0.69,19158
T,1079637,8.22,-0.61,19149
T,1079657,8.06,-0.57,19165
T,1079677,8.18,-0.28,19151
T,1079697,8.13,-0.15,19159
T,1079717,8.16,0.37,19158
T,1079737,8.12,0.03,19155
T,1079757,7.97,0.01,19172
T,1079777,8.10,-0.01,19162
T,1079797,8.17,0.27,19153
T,1079817,8.13,-0.40,19153
T,1079837,8.12,-0.81,19150
T,1079857,8.13,-1.16,19154
T,1079877,8.10,-0.86,19160
T,1079897,8.09,-0.69,19161
T,1079917,8.19,-0.69,19150
T,1079937,8.13,-0.68,19150
T,1079957,8.12,-0.79,19155
T,1079977,8.08,-0.45,19162
T,1079997,8.16,-0.31,19150
T,1080017,8.06,-0.34,19161
T,1080037,8.08,-0.66,19155
T,1080057,8.06,-1.10,19152
T,1080077,8.16,-0.92,19150
T,1080097,8.05,-1.21,19157
T,1080117,8.23,-1.22,19146
T,1080137,8.14,-1.48,19145
T,1080157,8.04,-1.68,19158
T,1080177,8.04,-1.60,19158
T,1080197,8.11,-1.60,19150
T,1080217,8.14,-1.01,19152
T,1080237,8.11,-1.01,19151
T,1080257,8.14,-0.86,19154
T,1080277,8.12,-0.92,19150
T,1080297,8.19,-0.68,19149
T,1080317,8.11,-0.22,19156
T,1080337,8.06,-0.25,19157
T,1080357,8.08,-0.41,19154
T,1080377,8.05,-0.50,19159
T,1080397,8.10,-0.44,19156
T,1080417,8.05,-0.85,19151
T,1080437,8.08,-0.80,19155
T,1080457,8.07,-1.02,19157
T,1080477,8.13,-1.13,19147
T,1080497,8.19,-1.46,19139
T,1080517,8.10,-0.94,19158
T,1080537,8.10,-0.63,19152
T,1080557,8.04,-0.34,19158
T,1080577,8.18,-0.42,19140
T,1080597,8.14,-0.76,19146
T,1080617,8.07,-0.64,19152
T,1080637,8.09,-1.03,19149
T,1080657,8.09,-0.69,19151
T,1080677,8.13,-0.70,19149
T,1080697,8.13,-0.58,19148
T,1080717,8.15,-0.69,19145
T,1080737,8.08,-0.57,19154
T,1080757,8.04,-0.59,19154
T,1080777,8.15,-0.71,19139
T,1080797,8.12,-0.07,19151
T,1080817,8.14,-0.11,19146
T,1080837,8.12,0.13,19153
T,1080857,8.14,0.17,19149
T,1080877,8.12,-0.11,19147
T,1080897,8.22,-0.02,19145
T,1080917,8.11,-0.38,19149
T,1080937,8.15,-0.82,19144
T,1080957,8.11,-1.42,19148
T,1080977,8.08,-1.26,19152
T,1080997,8.14,-1.34,19142
T,1081017,8.15,-1.55,19140
T,1081037,8.14,-1.69,19141
T,1081057,8.09,-1.77,19152
T,1081077,8.17,-1.46,19142
T,1081097,8.12,-1.38,19154
T,1081117,8.08,-0.93,19154
T,1081137,8.16,-0.65,19143
T,1081157,8.21,-0.06,19141
T,1081177,8.15,-0.39,19143
T,1081197,8.04,-0.20,19159
T,1081217,8.15,-0.30,19147
T,1081237,8.09,-0.51,19155
T,1081257,8.14,-0.49,19150
T,1081277,8.11,-0.73,19147
T,1081297,8.05,-0.61,19157
T,1081317,8.17,-0.88,19144
T,1081337,8.13,-0.91,19147
T,1081357,8.09,-0.85,19154
T,1081377,8.13,-0.74,19150
T,1081397,8.11,-0.34,19150
T,1081417,8.19,-0.27,19144
T,1081437,8.10,-0.02,19147
T,1081457,8.28,-0.15,19130
T,1081477,8.19,-0.73,19128
T,1081497,8.31,-1.52,19106
T,1081517,8.34,-2.52,19092
T,1081537,8.35,-3.48,19086
T,1081557,8.24,-3.46,19091
T,1081577,8.29,-3.42,19078
T,1081597,8.26,-3.69,19076
T,1081617,8.27,-3.63,19070
T,1081637,8.25,-3.87,19063
T,1081657,8.28,-4.13,19053
T,1081677,8.20,-4.30,19063
T,1081697,8.18,-4.47,19052
T,1081717,8.19,-4.70,19053
T,1081737,8.18,-3.70,19059
T,1081757,8.08,-3.71,19056
T,1081777,8.12,-4.01,19057
T,1081797,8.15,-3.88,19053
T,1081817,8.10,-3.88,19054
T,1081837,8.15,-3.75,19055
T,1081857,8.11,-3.95,19056
T,1081877,8.14,-3.56,19061
T,1081897,7.97,-3.08,19079
T,1081917,8.05,-2.99,19072
T,1081937,7.95,-2.64,19094
T,1081957,7.99,-2.05,19095
T,1081977,7.94,-1.03,19107
T,1081997,7.93,-0.71,19109
T,1082017,7.88,-0.13,19129
T,1082037,8.03,0.10,19115
T,1082057,7.95,0.34,19132
T,1082077,8.03,0.62,19129
T,1082097,7.81,0.90,19156
T,1082117,7.89,1.22,19162
T,1082137,7.88,1.41,19174
T,1082157,7.94,1.31,19174
T,1082177,7.98,1.59,19176
T,1082197,7.95,1.85,19183
T,1082217,7.99,2.00,19190
T,1082237,8.04,2.12,19185
T,1082257,7.99,1.90,19191
T,1082277,7.97,1.89,19197
T,1082297,8.08,1.61,19192
T,1082317,8.06,1.37,19195
T,1082337,8.06,1.14,19198
T,1082357,8.01,1.02,19204
T,1082377,8.03,0.96,19203
T,1082397,8.09,1.00,19200
T,1082417,8.13,1.34,19198
T,1082437,8.10,0.85,19194
T,1082457,8.09,1.14,19204
T,1082477,8.11,1.23,19205
T,1082497,8.12,1.04,19198
T,1082517,8.11,0.76,19199
T,1082537,8.04,0.42,19209
T,1082557,8.15,0.39,19192
T,1082577,8.14,0.12,19197
T,1082597,8.19,-0.02,19188
T,1082617,8.15,-0.54,19190
T,1082637,8.14,-0.51,19192
T,1082657,8.11,-0.69,19191
T,1082677,8.19,-0.21,19189
T,1082697,8.07,0.04,19198
T,1082717,8.14,0.14,19190
T,1082737,8.17,-0.01,19188
T,1082757,8.15,-0.43,19186
T,1082777,8.15,-0.46,19189
T,1082797,8.15,-0.77,19180
T,1082817,8.12,-0.28,19190
T,1082837,8.12,-0.10,19190
T,1082857,8.17,0.37,19186
T,1082877,8.18,0.34,19183
T,1082897,8.17,-0.23,19177
T,1082917,8.07,0.29,19193
T,1082937,8.09,0.21,19188
T,1082957,8.10,0.50,19186
T,1082977,8.11,0.56,19188
T,1082997,8.20,0.62,19179
T,1083017,8.09,0.40,19181
T,1083037,8.21,-0.12,19172
T,1083057,8.14,-0.58,19175
T,1083077,8.23,-0.94,19169
T,1083097,8.12,-1.23,19172
T,1083117,8.13,-1.57,19171
T,1083137,8.13,-1.01,19173
T,1083157,8.20,-0.43,19167
T,1083177,8.12,-0.30,19170
T,1083197,8.17,-0.07,19166
T,1083217,8.21,-0.46,19154
T,1083237,8.21,-1.04,19152
T,1083257,8.08,-1.31,19164
T,1083277,8.18,-1.69,19151
T,1083297,8.11,-2.30,19149
T,1083317,8.12,-2.10,19150
T,1083337,8.17,-1.92,19147
T,1083357,8.24,-2.20,19130
T,1083377,8.16,-2.19,19131
T,1083397,8.18,-2.26,19133
T,1083417,8.22,-2.54,19111
T,1083437,8.12,-3.16,19112
T,1083457,8.24,-3.57,19102
T,1083477,8.16,-3.85,19106
T,1083497,8.09,-3.65,19110
T,1083517,8.15,-3.34,19108
T,1083537,8.07,-2.82,19115
T,1083557,8.06,-2.46,19115
T,1083577,8.22,-2.07,19104
T,1083597,8.09,-1.55,19113
T,1083617,8.17,-1.41,19108
T,1083637,8.44,-1.55,19062
T,1083657,8.56,-2.88,19017
T,1083677,8.31,-4.15,19034
T,1083697,8.29,-4.79,19041
T,1083717,8.25,-5.28,19033
T,1083737,8.17,-5.73,19032
T,1083757,8.18,-5.69,19031
T,1083777,8.12,-5.55,19042
T,1083797,7.94,-5.46,19055
T,1083817,8.05,-4.73,19063
T,1083837,7.90,-3.67,19081
T,1083857,7.95,-2.88,19082
T,1083877,8.00,-1.60,19087
T,1083897,8.00,-1.13,19084
T,1083917,7.98,-0.77,19092
T,1083937,8.27,-0.81,19066
T,1083957,8.32,-0.95,19046
T,1083977,8.23,-0.91,19054
T,1083997,8.10,-1.12,19071
T,1084017,8.17,-1.27,19062
T,1084037,8.24,-1.75,19055
T,1084057,8.07,-0.93,19076
T,1084077,8.09,-0.88,19066
T,1084097,8.11,-0.54,19065
T,1084117,8.11,-1.02,19057
T,1084137,8.27,-1.51,19041
T,1084157,8.25,-2.15,19034
T,1084177,8.36,-2.65,19015
T,1084197,8.20,-3.15,19024
T,1084217,8.32,-3.78,19005
T,1084237,8.18,-3.78,19004
T,1084257,8.41,-4.03,18976
T,1084277,8.33,-4.43,18972
T,1084297,8.30,-5.23,18968
T,1084317,8.28,-5.26,18965
T,1084337,8.29,-5.73,18956
T,1084357,8.20,-5.68,18951
T,1084377,8.26,-5.90,18943
T,1084397,8.11,-5.16,18959
T,1084417,8.15,-4.91,18951
T,1084437,8.23,-4.40,18941
T,1084457,8.26,-4.50,18934
T,1084477,8.16,-4.36,18947
T,1084497,8.20,-4.57,18940
T,1084517,8.13,-4.38,18946
T,1084537,8.17,-4.62,18936
T,1084557,8.14,-4.99,18939
T,1084577,8.08,-4.46,18943
T,1084597,8.14,-4.45,18943
T,1084617,8.17,-4.24,18938
T,1084637,8.16,-4.41,18933
T,1084657,8.13,-4.98,18928
T,1084677,8.12,-4.66,18927
T,1084697,8.07,-4.85,18929
T,1084717,8.19,-3.80,18926
T,1084737,8.13,-3.46,18926
T,1084757,8.15,-3.45,18926
T,1084777,8.04,-4.06,18926
T,1084797,8.03,-4.06,18935
T,1084817,7.95,-4.07,18941
T,1084837,8.03,-4.18,18943
T,1084857,8.10,-3.98,18934
T,1084877,8.08,-3.49,18941
T,1084897,8.11,-3.38,18938
T,1084917,7.99,-3.46,18952
T,1084937,7.89,-2.37,18974
T,1084957,7.71,-2.12,19002
T,1084977,7.70,-1.31,19026
T,1084997,7.70,-0.50,19044
T,1085017,7.75,0.55,19056
T,1085037,7.75,1.21,19070
T,1085057,7.71,1.86,19082
T,1085077,7.80,2.23,19089
T,1085097,7.80,2.19,19096
T,1085117,7.86,2.49,19103
T,1085137,7.89,2.80,19115
T,1085157,7.94,3.17,19127
T,1085177,7.99,3.07,19119
T,1085197,8.02,3.00,19112
T,1085217,8.07,2.47,19102
T,1085237,8.20,1.47,19099
T,1085257,8.02,0.69,19108
T,1085277,8.15,-0.13,19096
T,1085297,8.08,-0.60,19104
T,1085317,8.20,-1.07,19087
T,1085337,8.18,-0.71,19097
T,1085357,8.16,-0.79,19094
T,1085377,8.09,-1.47,19097
T,1085397,8.14,-2.01,19091
T,1085417,8.03,-2.48,19098
T,1085437,8.15,-1.76,19091
T,1085457,8.19,-1.77,19093
T,1085477,8.13,-1.64,19094
T,1085497,8.24,-1.67,19080
T,1085517,8.18,-1.61,19081
T,1085537,8.20,-1.26,19084
T,1085557,8.17,-1.31,19086
T,1085577,8.14,-1.31,19082
T,1085597,8.09,-1.59,19082
T,1085617,8.08,-1.84,19088
T,1085637,7.99,-1.72,19096
T,1085657,8.10,-1.14,19088
T,1085677,8.21,-1.39,19066
T,1085697,8.20,-1.72,19059
T,1085717,8.14,-2.38,19061
T,1085737,8.04,-2.80,19078
T,1085757,8.02,-2.41,19090
T,1085777,7.95,-1.87,19107
T,1085797,7.95,-0.87,19112
T,1085817,8.08,-0.50,19102
T,1085837,8.06,-0.09,19110
T,1085857,8.07,-0.59,19104
T,1085877,8.21,-0.86,19089
T,1085897,8.22,-1.39,19080
T,1085917,8.22,-1.29,19080
T,1085937,8.07,-1.39,19093
T,1085957,7.91,-1.15,19121
T,1085977,8.07,-0.36,19102
T,1085997,8.24,-0.36,19081
T,1086017,8.05,-0.74,19101
T,1086037,8.01,-1.03,19107
T,1086057,8.01,-0.79,19116
T,1086077,7.91,-0.60,19130
T,1086097,7.96,-0.23,19135
T,1086117,8.03,-0.07,19130
T,1086137,8.14,0.03,19118
T,1086157,8.12,-0.08,19117
T,1086177,8.15,-0.66,19106
T,1086197,8.05,-0.68,19123
T,1086217,7.98,-0.78,19139
T,1086237,8.02,-0.22,19142
T,1086257,8.11,0.05,19131
T,1086277,8.14,0.18,19128
T,1086297,8.13,0.33,19125
T,1086317,8.17,0.15,19122
T,1086337,7.97,0.53,19141
T,1086357,8.04,0.40,19131
T,1086377,8.11,0.63,19124
T,1086397,8.18,0.47,19116
T,1086417,8.20,0.28,19114
T,1086437,8.18,-0.12,19112
T,1086457,8.20,-0.46,19104
T,1086477,8.25,-0.49,19097
T,1086497,8.20,-0.93,19090
T,1086517,8.12,-0.97,19100
T,1086537,8.16,-1.38,19094
T,1086557,8.22,-1.74,19084
T,1086577,8.06,-1.95,19100
T,1086597,8.09,-1.58,19101
T,1086617,8.20,-1.95,19085
T,1086637,8.04,-2.35,19094
T,1086657,8.05,-2.53,19100
T,1086677,8.06,-2.51,19102
T,1086697,7.94,-1.89,19119
T,1086717,7.97,-1.73,19119
T,1086737,7.92,-1.08,19135
T,1086757,7.97,-0.61,19133
T,1086777,7.96,0.14,19142
T,1086797,8.13,0.51,19127
T,1086817,8.05,0.79,19135
T,1086837,8.06,0.94,19138
T,1086857,8.06,0.95,19141
T,1086877,8.02,1.08,19147
T,1086897,8.10,0.30,19135
T,1086917,8.12,0.45,19138
T,1086937,8.08,0.49,19141
T,1086957,8.17,1.09,19144
T,1086977,8.06,1.46,19146
T,1086997,8.08,1.23,19138
T,1087017,8.08,0.67,19141
T,1087037,8.06,0.15,19142
T,1087057,8.12,0.43,19143
T,1087077,8.02,0.27,19150
T,1087097,8.00,0.16,19157
T,1087117,8.07,-0.07,19154
T,1087137,8.08,-0.17,19157
T,1087157,8.06,-0.25,19156
T,1087177,8.07,-0.65,19156
T,1087197,7.98,-0.17,19175
T,1087217,7.93,0.23,19187
T,1087237,7.85,0.56,19204
T,1087257,7.90,0.79,19198
T,1087277,7.78,1.39,19229
T,1087297,7.75,1.89,19249
T,1087317,7.77,2.49,19262
T,1087337,7.61,3.13,19303
T,1087357,7.59,3.74,19361
T,1087377,7.60,4.32,19415
T,1087397,7.64,4.74,19451
T,1087417,7.58,5.29,19509
T,1087437,7.55,5.74,19564
T,1087457,7.55,6.32,19621
T,1087477,7.52,6.90,19681
T,1087497,7.58,7.73,19749
T,1087517,7.46,8.46,19825
T,1087537,7.58,9.21,19886
T,1087557,7.45,10.08,19986
T,1087577,7.36,10.91,20078
T,1087597,7.40,12.15,20176
T,1087617,7.34,12.97,20264
T,1087637,7.37,13.87,20342
T,1087657,7.34,14.62,20426
T,1087677,7.37,15.49,20506
T,1087697,7.35,16.16,20586
T,1087717,7.35,16.91,20672
T,1087737,7.33,17.59,20748
T,1087757,7.32,18.22,20824
T,1087777,7.32,18.74,20885
T,1087797,7.56,19.35,20940
T,1087817,7.36,19.99,21026
T,1087837,7.61,20.83,21085
T,1087857,7.63,21.19,21125
T,1087877,7.62,21.60,21183
T,1087897,7.76,22.17,21233
T,1087917,7.61,22.73,21304
T,1087937,7.64,23.10,21348
T,1087957,7.90,23.28,21356
T,1087977,7.93,23.42,21375
T,1087997,7.97,23.54,21400
T,1088017,8.02,23.52,21400
T,1088037,8.07,23.47,21403
T,1088057,8.13,23.24,21390
T,1088077,8.40,23.04,21352
T,1088097,8.48,22.71,21322
T,1088117,8.47,22.23,21291
T,1088137,8.62,21.96,21253
T,1088157,8.64,21.25,21189
T,1088177,8.85,20.57,21102
T,1088197,9.02,19.49,20987
T,1088217,9.15,18.27,20868
T,1088237,9.36,16.92,20717
T,1088257,9.70,14.76,20535
T,1088277,10.12,12.33,20327
T,1088297,10.13,8.98,20148
T,1088317,10.14,5.52,19984
T,1088337,10.19,1.73,19806
T,1088357,10.06,-1.92,19661
T,1088377,9.94,-4.72,19515
T,1088397,9.88,-7.26,19370
T,1088417,9.66,-9.13,19235
T,1088437,9.60,-10.96,19183
T,1088457,9.52,-12.94,19140
T,1088477,9.40,-14.91,19104
T,1088497,9.27,-16.37,19066
T,1088517,9.30,-16.70,19025
T,1088537,9.17,-18.23,18993
T,1088557,9.25,-18.38,18947
T,1088577,9.04,-18.84,18924
T,1088597,9.02,-19.82,18891
T,1088617,9.02,-20.24,18859
T,1088637,8.98,-20.34,18831
T,1088657,8.90,-20.39,18803
T,1088677,8.87,-20.99,18776
T,1088697,8.77,-21.37,18756
T,1088717,8.77,-22.14,18733
T,1088737,8.77,-21.93,18710
T,1088757,8.71,-22.35,18691
T,1088777,8.76,-21.41,18655
T,1088797,8.61,-20.90,18652
T,1088817,8.61,-20.72,18635
T,1088837,8.57,-20.53,18616
T,1088857,8.56,-20.62,18595
T,1088877,8.58,-20.73,18577
T,1088897,8.54,-21.05,18560
T,1088917,8.51,-20.61,18550
T,1088937,8.51,-20.67,18531
T,1088957,8.36,-20.45,18529
T,1088977,8.36,-20.66,18518
T,1088997,8.34,-20.27,18508
T,1089017,8.35,-19.93,18498
T,1089037,8.36,-19.53,18483
T,1089057,8.24,-18.92,18486
T,1089077,8.33,-18.86,18469
T,1089097,8.31,-17.72,18463
T,1089117,8.28,-17.19,18458
T,1089137,8.26,-16.28,18454
T,1089157,8.24,-16.02,18451
T,1089177,8.13,-16.36,18455
T,1089197,8.07,-16.44,18458
T,1089217,8.20,-16.57,18442
T,1089237,8.05,-16.49,18454
T,1089257,8.09,-16.51,18447
T,1089277,8.04,-16.37,18448
T,1089297,7.97,-15.83,18461
T,1089317,8.06,-15.38,18450
T,1089337,7.95,-14.82,18468
T,1089357,7.99,-14.51,18464
T,1089377,7.92,-13.98,18475
T,1089397,7.98,-13.70,18473
T,1089417,7.89,-11.52,18493
T,1089437,7.94,-10.98,18489
T,1089457,7.82,-10.51,18507
T,1089477,7.83,-10.15,18513
T,1089497,7.78,-9.77,18529
T,1089517,7.80,-9.42,18535
T,1089537,7.83,-9.15,18543
T,1089557,7.77,-8.67,18555
T,1089577,7.77,-8.49,18565
T,1089597,7.78,-7.66,18578
T,1089617,7.79,-7.16,18591
T,1089637,7.89,-6.98,18593
T,1089657,7.75,-6.75,18617
T,1089677,7.76,-6.41,18626
T,1089697,7.76,-5.87,18642
T,1089717,7.63,-5.66,18663
T,1089737,7.66,-4.53,18681
T,1089757,7.71,-3.94,18683
T,1089777,7.71,-3.86,18700
T,1089797,7.64,-3.78,18711
T,1089817,7.74,-3.66,18723
T,1089837,7.72,-3.12,18745
T,1089857,7.69,-2.97,18758
T,1089877,7.72,-3.07,18764
T,1089897,7.67,-3.14,18781
T,1089917,7.71,-2.70,18799
T,1089937,7.81,-2.52,18804
T,1089957,7.67,-2.05,18829
T,1089977,7.78,-1.32,18830
T,1089997,7.83,-0.89,18844
T,1090017,7.73,-0.11,18867
T,1090037,7.83,0.24,18863
T,1090057,7.81,0.85,18883
T,1090077,7.81,0.94,18893
T,1090097,7.72,1.11,18910
T,1090117,7.80,1.42,18916
T,1090137,7.82,1.36,18925
T,1090157,7.92,0.96,18918
T,1090177,7.85,0.26,18934
T,1090197,7.92,-0.01,18936
T,1090217,7.93,-0.32,18942
T,1090237,7.84,0.27,18960
T,1090257,7.86,0.70,18961
T,1090277,7.86,0.57,18972
T,1090297,7.89,0.51,18978
T,1090317,7.90,0.33,18983
T,1090337,7.96,0.17,18975
T,1090357,7.87,-0.04,18996
T,1090377,8.00,0.35,18993
T,1090397,7.91,0.52,19002
T,1090417,7.87,1.09,19018
T,1090437,8.00,0.81,19004
T,1090457,8.02,1.02,19018
T,1090477,7.91,1.48,19035
T,1090497,8.05,1.73,19023
T,1090517,7.91,1.79,19038
T,1090537,7.99,1.47,19035
T,1090557,8.01,1.24,19032
T,1090577,8.10,0.84,19031
T,1090597,8.00,1.07,19044
T,1090617,8.00,0.83,19047
T,1090637,7.97,0.59,19052
T,1090657,8.06,0.46,19047
T,1090677,7.96,0.49,19062
T,1090697,8.00,0.64,19065
T,1090717,7.96,0.57,19069
T,1090737,7.95,0.59,19076
T,1090757,8.05,0.53,19075
T,1090777,8.00,0.49,19079
T,1090797,7.94,0.75,19095
T,1090817,7.90,0.92,19105
T,1090837,7.95,0.92,19107
T,1090857,8.10,1.74,19106
T,1090877,7.92,1.76,19121
T,1090897,7.93,2.28,19137
T,1090917,7.97,2.56,19135
T,1090937,7.97,2.46,19141
T,1090957,7.88,2.38,19153
T,1090977,7.94,2.24,19157
T,1090997,7.96,2.07,19154
T,1091017,7.88,1.88,19171
T,1091037,7.99,2.02,19164
T,1091057,7.94,1.90,19171
T,1091077,8.05,1.88,19171
T,1091097,7.96,1.87,19184
T,1091117,7.92,1.79,19195
T,1091137,7.94,1.82,19203
T,1091157,7.77,2.00,19228
T,1091177,7.91,2.74,19225
T,1091197,7.87,3.10,19244
T,1091217,7.76,3.53,19292
T,1091237,7.70,3.83,19331
T,1091257,7.81,4.18,19358
T,1091277,7.68,4.62,19411
T,1091297,7.73,5.24,19461
T,1091317,7.73,5.69,19505
T,1091337,7.67,6.23,19561
T,1091357,7.66,6.83,19620
T,1091377,7.67,7.23,19659
T,1091397,7.71,8.06,19726
T,1091417,7.61,8.50,19779
T,1091437,7.67,9.12,19834
T,1091457,7.72,9.38,19858
T,1091477,7.64,9.91,19919
T,1091497,7.56,10.40,19978
T,1091517,7.53,11.13,20048
T,1091537,7.64,11.65,20092
T,1091557,7.53,12.21,20160
T,1091577,7.46,12.95,20243
T,1091597,7.58,13.53,20289
T,1091617,7.42,14.33,20382
T,1091637,7.55,14.97,20437
T,1091657,7.29,15.56,20525
T,1091677,7.42,16.11,20582
T,1091697,7.44,16.94,20663
T,1091717,7.41,17.87,20758
T,1091737,7.46,18.61,20824
T,1091757,7.45,19.32,20895
T,1091777,7.41,19.75,20957
T,1091797,7.55,20.29,21012
T,1091817,7.49,20.79,21074
T,1091837,7.50,21.31,21136
T,1091857,7.64,21.75,21167
T,1091877,7.64,22.31,21237
T,1091897,7.61,22.61,21270
T,1091917,7.77,22.70,21289
T,1091937,7.79,23.18,21333
T,1091957,7.86,23.40,21363
T,1091977,8.10,23.36,21347
T,1091997,8.02,23.32,21369
T,1092017,7.93,23.54,21408
T,1092037,8.03,23.58,21411
T,1092057,8.13,23.33,21391
T,1092077,8.24,23.14,21374
T,1092097,8.20,22.96,21373
T,1092117,8.30,22.72,21348
T,1092137,8.39,22.29,21313
T,1092157,8.45,21.81,21272
T,1092177,8.62,21.21,21210
T,1092197,8.74,20.83,21161
T,1092217,8.82,20.06,21081
T,1092237,8.97,19.46,20998
T,1092257,9.19,18.23,20865
T,1092277,9.53,16.61,20694
T,1092297,9.65,14.62,20536
T,1092317,9.78,12.74,20361
T,1092337,10.12,10.31,20158
T,1092357,10.14,6.77,19981
T,1092377,10.07,2.93,19822
T,1092397,10.00,-1.11,19667
T,1092417,9.90,-4.55,19523
T,1092437,9.77,-7.86,19383
T,1092457,9.57,-10.19,19268
T,1092477,9.55,-12.13,19217
T,1092497,9.44,-13.48,19176
T,1092517,9.40,-14.47,19133
T,1092537,9.32,-15.95,19094
T,1092557,9.22,-17.13,19059
T,1092577,9.23,-18.68,19015
T,1092597,9.22,-19.29,18974
T,1092617,9.19,-20.16,18942
T,1092637,9.09,-20.41,18911
T,1092657,9.01,-20.70,18882
T,1092677,9.01,-19.90,18852
T,1092697,8.96,-19.98,18824
T,1092717,8.95,-20.13,18792
T,1092737,8.86,-20.78,18765
T,1092757,8.88,-21.27,18732
T,1092777,8.85,-21.50,18710
T,1092797,8.79,-21.88,18692
T,1092817,8.69,-21.67,18672
T,1092837,8.66,-21.58,18649
T,1092857,8.67,-21.42,18630
T,1092877,8.72,-21.82,18600
T,1092897,8.63,-21.97,18585
T,1092917,8.62,-22.14,18558
T,1092937,8.56,-22.16,18550
T,1092957,8.56,-22.20,18530
T,1092977,8.49,-22.54,18518
T,1092997,8.55,-21.76,18497
T,1093017,8.51,-22.22,18483
T,1093037,8.55,-21.86,18469
T,1093057,8.47,-21.80,18459
T,1093077,8.40,-21.10,18453
T,1093097,8.47,-20.40,18430
T,1093117,8.30,-20.21,18431
T,1093137,8.24,-19.58,18432
T,1093157,8.33,-19.52,18410
T,1093177,8.33,-19.30,18400
T,1093197,8.23,-19.23,18402
T,1093217,8.23,-18.45,18397
T,1093237,8.24,-18.20,18386
T,1093257,8.19,-18.26,18386
T,1093277,8.14,-17.98,18385
T,1093297,8.24,-17.52,18371
T,1093317,8.11,-17.09,18377
T,1093337,8.17,-16.97,18370
T,1093357,8.11,-16.75,18372
T,1093377,8.13,-17.26,18362
T,1093397,8.10,-16.84,18365
T,1093417,8.12,-16.61,18361
T,1093437,8.09,-16.43,18364
T,1093457,8.04,-15.89,18366
T,1093477,7.96,-15.72,18372
T,1093497,8.05,-14.64,18372
T,1093517,7.97,-14.50,18376
T,1093537,8.02,-14.40,18378
T,1093557,7.92,-14.04,18391
T,1093577,7.94,-13.48,18395
T,1093597,7.96,-13.21,18394
T,1093617,7.93,-12.85,18403
T,1093637,7.92,-12.22,18410
T,1093657,7.82,-12.03,18427
T,1093677,7.89,-11.17,18431
T,1093697,7.80,-10.76,18447
T,1093717,7.75,-10.10,18458
T,1093737,7.79,-9.49,18466
T,1093757,7.83,-9.10,18471
T,1093777,7.74,-8.95,18485
T,1093797,7.76,-8.88,18498
T,1093817,7.77,-8.58,18508
T,1093837,7.77,-8.59,18514
T,1093857,7.75,-8.30,18530
T,1093877,7.63,-8.10,18554
T,1093897,7.77,-7.47,18557
T,1093917,7.75,-6.91,18568
T,1093937,7.74,-5.85,18592
T,1093957,7.70,-5.30,18606
T,1093977,7.70,-4.98,18619
T,1093997,7.64,-4.49,18638
T,1094017,7.73,-3.68,18653
T,1094037,7.79,-2.86,18654
T,1094057,7.66,-2.93,18678
T,1094077,7.60,-2.42,18709
T,1094097,7.68,-2.30,18713
T,1094117,7.74,-1.88,18724
T,1094137,7.60,-1.92,18748
T,1094157,7.68,-1.25,18762
T,1094177,7.71,-0.63,18776
T,1094197,7.72,0.05,18788
T,1094217,7.69,0.30,18802
T,1094237,7.76,0.58,18807
T,1094257,7.81,0.34,18818
T,1094277,7.68,0.22,18840
T,1094297,7.78,0.29,18848
T,1094317,7.71,0.17,18863
T,1094337,7.75,0.43,18871
T,1094357,7.79,0.34,18876
T,1094377,7.75,0.59,18894
T,1094397,7.71,0.92,18912
T,1094417,7.78,1.05,18915
T,1094437,7.79,0.98,18921
T,1094457,7.82,1.09,18934
T,1094477,7.82,1.05,18937
T,1094497,7.90,0.70,18936
T,1094517,7.95,1.16,18944
T,1094537,7.86,1.35,18957
T,1094557,7.85,1.70,18975
T,1094577,7.91,1.99,18978
T,1094597,7.89,2.20,18989
T,1094617,7.84,2.33,19002
T,1094637,7.99,2.35,18998
T,1094657,8.00,2.24,19003
T,1094677,7.90,1.87,19018
T,1094697,7.86,1.69,19030
T,1094717,7.98,1.85,19029
T,1094737,7.85,2.04,19044
T,1094757,7.87,2.51,19055
T,1094777,7.88,2.55,19058
T,1094797,7.92,2.17,19057
T,1094817,7.94,1.71,19059
T,1094837,8.00,1.52,19062
T,1094857,7.91,1.32,19070
T,1094877,7.99,1.30,19073
T,1094897,7.96,1.08,19079
T,1094917,7.98,1.29,19083
T,1094937,8.16,1.38,19068
T,1094957,8.03,1.31,19080
T,1094977,8.03,1.15,19084
T,1094997,8.04,1.00,19083
T,1095017,8.06,0.50,19076
T,1095037,8.12,0.04,19070
T,1095057,8.07,-0.07,19081
T,1095077,8.14,-0.06,19073
T,1095097,8.12,0.03,19075
T,1095117,8.09,0.01,19080
T,1095137,8.04,-0.19,19084
T,1095157,8.06,-0.25,19085
T,1095177,8.13,-0.32,19075
T,1095197,8.07,0.63,19088
T,1095217,8.09,0.76,19087
T,1095237,8.04,0.80,19093
T,1095257,8.13,0.56,19086
T,1095277,8.03,0.43,19096
T,1095297,8.02,0.69,19101
T,1095317,8.11,0.35,19089
T,1095337,8.06,0.85,19099
T,1095357,8.01,0.94,19107
T,1095377,7.98,1.08,19113
T,1095397,8.04,0.77,19106
T,1095417,8.00,0.95,19113
T,1095437,8.03,1.02,19116
T,1095457,7.90,1.25,19133
T,1095477,8.02,1.57,19127
T,1095497,7.91,1.46,19143
T,1095517,7.94,1.69,19149
T,1095537,8.09,1.85,19141
T,1095557,7.96,2.23,19156
T,1095577,7.95,2.60,19166
T,1095597,7.95,2.93,19175
T,1095617,7.92,3.26,19202
T,1095637,7.99,3.44,19213
T,1095657,8.00,2.92,19179
T,1095677,7.92,2.36,19189
T,1095697,7.93,2.30,19199
T,1095717,8.02,2.39,19202
T,1095737,8.10,2.34,19199
T,1095757,8.03,2.34,19209
T,1095777,8.05,2.57,19206
T,1095797,7.92,2.89,19227
T,1095817,8.01,2.47,19216
T,1095837,8.17,2.79,19209
T,1095857,8.08,2.75,19215
T,1095877,8.13,2.69,19206
T,1095897,8.19,2.69,19213
T,1095917,8.09,2.97,19218
T,1095937,8.10,2.92,19219
T,1095957,8.12,3.00,19222
T,1095977,8.09,3.27,19241
T,1095997,8.03,3.31,19252
T,1096017,8.08,3.42,19257
T,1096037,8.10,3.43,19259
T,1096057,7.97,3.45,19278
T,1096077,8.13,3.22,19249
T,1096097,7.95,3.34,19280
T,1096117,8.05,3.39,19281
T,1096137,8.01,3.40,19286
T,1096157,7.93,3.43,19297
T,1096177,7.97,3.51,19309
T,1096197,7.88,3.77,19342
T,1096217,7.85,4.12,19375
T,1096237,7.81,4.46,19411
T,1096257,7.81,4.65,19430
T,1096277,7.84,5.01,19463
T,1096297,7.73,5.45,19513
T,1096317,7.71,5.86,19555
T,1096337,7.67,6.35,19602
T,1096357,7.78,6.81,19640
T,1096377,7.72,7.43,19690
T,1096397,7.74,7.89,19736
T,1096417,7.69,8.52,19801
T,1096437,7.70,9.17,19853
T,1096457,7.69,9.79,19908
T,1096477,7.61,10.24,19965
T,1096497,7.65,10.87,20024
T,1096517,7.63,11.59,20086
T,1096537,7.65,12.19,20140
T,1096557,7.66,12.93,20206
T,1096577,7.68,13.45,20256
T,1096597,7.67,14.01,20314
T,1096617,7.64,14.58,20371
T,1096637,7.53,15.19,20446
T,1096657,7.61,15.82,20502
T,1096677,7.56,16.20,20555
T,1096697,7.74,16.83,20605
T,1096717,7.51,17.49,20690
T,1096737,7.61,18.08,20739
T,1096757,7.55,18.64,20813
T,1096777,7.65,19.19,20854
T,1096797,7.69,19.58,20900
T,1096817,7.63,19.93,20951
T,1096837,7.72,20.49,21000
T,1096857,7.70,20.64,21036
T,1096877,7.66,21.02,21088
T,1096897,7.81,21.18,21093
T,1096917,7.82,21.40,21130
T,1096937,7.91,21.74,21163
T,1096957,7.84,22.13,21213
T,1096977,7.99,22.40,21230
T,1096997,8.00,22.58,21253
T,1097017,7.98,22.62,21265
T,1097037,8.05,22.69,21272
T,1097057,8.15,22.25,21237
T,1097077,8.23,21.98,21219
T,1097097,8.25,21.71,21209
T,1097117,8.30,21.52,21186
T,1097137,8.36,21.22,21162
T,1097157,8.44,20.73,21114
T,1097177,8.36,20.11,21081
T,1097197,8.49,19.46,21020
T,1097217,8.55,19.18,20993
T,1097237,8.66,18.84,20946
T,1097257,8.69,18.24,20893
T,1097277,8.86,17.45,20801
T,1097297,8.89,16.77,20728
T,1097317,9.12,15.85,20624
T,1097337,9.35,14.85,20502
T,1097357,9.68,13.36,20324
T,1097377,10.05,11.10,20116
T,1097397,10.03,7.68,19950
T,1097417,9.92,3.83,19798
T,1097437,9.94,-0.09,19638
T,1097457,9.80,-3.48,19499
T,1097477,9.74,-5.95,19349
T,1097497,9.69,-8.33,19232
T,1097517,9.56,-10.45,19192
T,1097537,9.49,-12.85,19145
T,1097557,9.30,-14.42,19119
T,1097577,9.29,-15.94,19073
T,1097597,9.22,-17.07,19039
T,1097617,9.16,-18.29,19002
T,1097637,9.12,-19.44,18964
T,1097657,9.01,-19.68,18943
T,1097677,9.00,-20.22,18904
T,1097697,9.06,-20.35,18866
T,1097717,8.91,-20.81,18848
T,1097737,8.82,-21.10,18826
T,1097757,8.93,-21.10,18785
T,1097777,8.77,-21.98,18771
T,1097797,8.84,-21.98,18741
T,1097817,8.69,-21.44,18730
T,1097837,8.80,-21.02,18693
T,1097857,8.72,-21.20,18674
T,1097877,8.61,-21.33,18657
T,1097897,8.61,-21.21,18639
T,1097917,8.78,-21.74,18600
T,1097937,8.71,-22.49,18576
T,1097957,8.59,-23.13,18569
T,1097977,8.67,-23.09,18540
T,1097997,8.61,-23.01,18529
T,1098017,8.54,-22.76,18516
T,1098037,8.64,-22.79,18484
T,1098057,8.54,-22.67,18481
T,1098077,8.40,-22.18,18480
T,1098097,8.51,-21.96,18453
T,1098117,8.45,-21.25,18447
T,1098137,8.33,-21.55,18443
T,1098157,8.33,-21.38,18431
T,1098177,8.32,-21.05,18421
T,1098197,8.37,-20.05,18407
T,1098217,8.38,-19.77,18396
T,1098237,8.25,-19.64,18396
T,1098257,8.25,-19.47,18387
T,1098277,8.25,-19.26,18386
T,1098297,8.19,-18.57,18382
T,1098317,8.18,-18.38,18378
T,1098337,8.18,-16.78,18374
T,1098357,8.15,-15.77,18377
T,1098377,8.09,-15.47,18378
T,1098397,8.14,-15.48,18370
T,1098417,8.11,-15.10,18369
T,1098437,8.10,-14.78,18364
T,1098457,8.02,-14.87,18371
T,1098477,8.06,-14.76,18370
T,1098497,8.06,-14.87,18366
T,1098517,7.95,-14.51,18383
T,1098537,8.04,-14.53,18369
T,1098557,8.04,-14.92,18370
T,1098577,8.09,-15.12,18368
T,1098597,8.00,-14.57,18383
T,1098617,7.97,-13.43,18388
T,1098637,7.87,-13.18,18398
T,1098657,7.93,-11.95,18399
T,1098677,7.99,-11.54,18396
T,1098697,7.92,-11.57,18409
T,1098717,7.91,-11.83,18409
T,1098737,7.91,-11.95,18419
T,1098757,7.84,-11.91,18430
T,1098777,7.90,-11.10,18437
T,1098797,7.79,-10.36,18448
T,1098817,7.82,-10.03,18456
T,1098837,7.86,-9.16,18465
T,1098857,7.86,-9.11,18472
T,1098877,7.77,-8.76,18490
T,1098897,7.80,-8.40,18492
T,1098917,7.72,-7.66,18516
T,1098937,7.63,-7.20,18531
T,1098957,7.74,-6.97,18539
T,1098977,7.69,-6.37,18557
T,1098997,7.69,-6.08,18568
T,1099017,7.68,-5.70,18583
T,1099037,7.61,-5.52,18604
T,1099057,7.73,-5.19,18612
T,1099077,7.70,-4.70,18626
T,1099097,7.77,-4.01,18638
T,1099117,7.70,-3.22,18657
T,1099137,7.66,-2.78,18676
T,1099157,7.64,-2.40,18686
T,1099177,7.61,-2.16,18709
T,1099197,7.72,-2.34,18709
T,1099217,7.73,-2.58,18718
T,1099237,7.68,-2.68,18738
T,1099257,7.71,-2.40,18750
T,1099277,7.66,-2.03,18767
T,1099297,7.68,-1.50,18782
T,1099317,7.77,-1.53,18780
T,1099337,7.76,-0.78,18800
T,1099357,7.76,-0.20,18814
T,1099377,7.72,0.06,18827
T,1099397,7.74,0.04,18833
T,1099417,7.79,0.07,18842
T,1099437,7.84,0.29,18849
T,1099457,7.82,0.27,18860
T,1099477,7.83,0.60,18866
T,1099497,7.89,0.67,18870
T,1099517,7.86,0.84,18886
T,1099537,7.78,0.69,18900
T,1099557,7.84,0.22,18899
T,1099577,7.91,-0.37,18899
T,1099597,7.84,-0.55,18917
T,1099617,7.96,-0.19,18913
T,1099637,7.81,-0.12,18936
T,1099657,7.91,0.03,18936
T,1099677,7.94,0.04,18936
T,1099697,7.77,0.42,18964
T,1099717,7.93,0.89,18960
T,1099737,7.94,1.31,18967
T,1099757,7.90,1.26,18973
T,1099777,7.93,1.43,18975
T,1099797,7.93,1.28,18982
T,1099817,7.89,1.53,18998
T,1099837,7.86,1.62,19004
T,1099857,7.98,1.27,18996
T,1099877,7.96,1.21,19004
T,1099897,7.93,0.97,19008
T,1099917,7.94,1.15,19016
T,1099937,7.92,1.11,19022
T,1099957,7.98,1.13,19022
T,1099977,7.93,0.94,19033
T,1099997,7.91,0.74,19035
T,1100017,8.00,0.96,19040
T,1100037,8.01,0.84,19042
T,1100057,7.99,0.74,19046
T,1100077,7.92,1.13,19058
T,1100097,8.05,1.34,19057
T,1100117,7.99,1.46,19056
T,1100137,7.98,1.18,19059
T,1100157,7.95,1.67,19072
T,1100177,8.04,1.80,19066
T,1100197,8.05,1.96,19073
T,1100217,8.00,2.08,19080
T,1100237,7.96,2.55,19089
T,1100257,8.10,2.23,19074
T,1100277,8.04,1.80,19084
T,1100297,8.02,1.55,19089
T,1100317,8.08,1.64,19090
T,1100337,8.00,2.19,19103
T,1100357,8.01,2.29,19104
T,1100377,8.06,2.53,19106
T,1100397,8.05,2.67,19107
T,1100417,8.08,2.68,19113
T,1100437,8.05,2.48,19116
T,1100457,8.10,2.54,19112
T,1100477,7.98,2.30,19123
T,1100497,8.00,1.94,19128
T,1100517,8.12,2.00,19121
T,1100537,8.08,2.08,19129
T,1100557,8.09,2.24,19128
T,1100577,8.13,2.10,19125
T,1100597,8.09,2.00,19127
T,1100617,8.03,2.10,19135
T,1100637,8.06,2.21,19140
T,1100657,7.97,2.18,19146
T,1100677,8.02,2.20,19148
T,1100697,7.99,2.41,19155
T,1100717,8.04,2.35,19152
T,1100737,8.04,2.73,19161
T,1100757,8.06,3.01,19159
T,1100777,8.03,3.07,19171
T,1100797,8.03,2.57,19162
T,1100817,8.09,1.71,19159
T,1100837,8.01,1.59,19172
T,1100857,8.07,1.64,19174
T,1100877,8.05,2.24,19183
T,1100897,8.01,2.57,19192
T,1100917,7.95,2.96,19199
T,1100937,8.01,3.23,19213
T,1100957,7.92,3.53,19244
T,1100977,8.00,3.67,19249
T,1100997,8.03,3.91,19268
T,1101017,8.02,3.81,19266
T,1101037,8.00,3.85,19284
T,1101057,7.86,4.08,19316
T,1101077,7.99,4.57,19345
T,1101097,7.92,4.77,19366
T,1101117,7.87,4.88,19387
T,1101137,7.95,5.03,19402
T,1101157,7.90,5.28,19423
T,1101177,7.90,5.42,19442
T,1101197,7.89,5.58,19460
T,1101217,7.96,5.89,19485
T,1101237,7.99,6.06,19498
T,1101257,7.88,6.57,19555
T,1101277,7.81,7.03,19602
T,1101297,7.82,7.56,19653
T,1101317,7.75,8.14,19705
T,1101337,7.77,8.39,19733
T,1101357,7.62,8.67,19780
T,1101377,7.70,9.24,19834
T,1101397,7.67,10.40,19923
T,1101417,7.65,10.93,19976
T,1101437,7.65,11.45,20031
T,1101457,7.55,11.78,20074
T,1101477,7.52,12.33,20144
T,1101497,7.59,13.27,20219
T,1101517,7.56,14.07,20295
T,1101537,7.51,14.99,20383
T,1101557,7.46,15.70,20449
T,1101577,7.45,16.34,20525
T,1101597,7.49,16.88,20583
T,1101617,7.49,17.59,20658
T,1101637,7.44,18.26,20729
T,1101657,7.61,18.90,20780
T,1101677,7.54,19.47,20854
T,1101697,7.53,20.06,20915
T,1101717,7.63,20.47,20959
T,1101737,7.57,20.77,21003
T,1101757,7.64,20.99,21032
T,1101777,7.74,21.51,21080
T,1101797,7.77,21.90,21117
T,1101817,7.76,22.15,21158
T,1101837,7.77,22.35,21183
T,1101857,7.78,22.41,21207
T,1101877,7.91,22.67,21226
T,1101897,7.98,22.89,21247
T,1101917,7.88,23.13,21289
T,1101937,8.03,23.23,21289
T,1101957,8.15,23.26,21284
T,1101977,8.15,23.12,21281
T,1101997,8.12,22.74,21270
T,1102017,8.13,22.49,21258
T,1102037,8.37,22.43,21235
T,1102057,8.33,22.01,21206
T,1102077,8.56,21.46,21139
T,1102097,8.64,21.05,21099
T,1102117,8.74,20.50,21045
T,1102137,8.94,19.59,20933
T,1102157,9.17,18.60,20820
T,1102177,9.24,17.28,20694
T,1102197,9.34,15.67,20551
T,1102217,9.75,13.67,20359
T,1102237,9.93,11.37,20174
T,1102257,9.99,8.23,20000
T,1102277,10.09,4.94,19837
T,1102297,9.92,1.89,19682
T,1102317,9.85,-1.56,19540
T,1102337,9.78,-5.04,19389
T,1102357,9.66,-7.92,19263
T,1102377,9.49,-10.33,19207
T,1102397,9.44,-12.11,19167
T,1102417,9.27,-13.67,19132
T,1102437,9.26,-14.86,19092
T,1102457,9.15,-15.75,19060
T,1102477,9.18,-16.14,19017
T,1102497,9.06,-17.11,18988
T,1102517,9.04,-17.41,18957
T,1102537,8.98,-18.15,18930
T,1102557,8.87,-18.94,18903
T,1102577,9.03,-19.51,18858
T,1102597,8.89,-19.88,18839
T,1102617,8.74,-20.32,18824
T,1102637,8.88,-20.61,18784
T,1102657,8.88,-20.46,18751
T,1102677,8.81,-20.96,18725
T,1102697,8.89,-20.88,18693
T,1102717,8.76,-21.25,18680
T,1102737,8.63,-21.32,18664
T,1102757,8.70,-20.71,18638
T,1102777,8.73,-20.69,18613
T,1102797,8.62,-20.81,18600
T,1102817,8.54,-21.45,18582
T,1102837,8.61,-22.24,18553
T,1102857,8.51,-22.61,18546
T,1102877,8.48,-22.49,18533
T,1102897,8.45,-22.00,18522
T,1102917,8.50,-21.34,18504
T,1102937,8.43,-20.17,18491
T,1102957,8.44,-19.79,18478
T,1102977,8.43,-20.01,18463
T,1102997,8.37,-20.37,18456
T,1103017,8.24,-19.87,18458
T,1103037,8.30,-19.75,18440
T,1103057,8.32,-19.62,18428
T,1103077,8.30,-19.27,18419
T,1103097,8.29,-18.87,18413
T,1103117,8.26,-18.47,18405
T,1103137,8.19,-18.78,18403
T,1103157,8.21,-18.11,18397
T,1103177,8.14,-17.39,18395
T,1103197,8.11,-16.59,18398
T,1103217,8.05,-16.00,18400
T,1103237,8.07,-15.76,18402
T,1103257,8.04,-15.49,18405
T,1103277,8.03,-15.30,18403
T,1103297,8.03,-15.19,18405
T,1103317,8.01,-14.98,18407
T,1103337,7.90,-14.55,18423
T,1103357,7.84,-14.32,18430
T,1103377,7.88,-13.85,18437
T,1103397,7.96,-13.11,18438
T,1103417,7.84,-12.36,18455
T,1103437,7.70,-11.30,18481
T,1103457,7.78,-10.75,18476
T,1103477,7.82,-10.14,18481
T,1103497,7.80,-9.82,18491
T,1103517,7.78,-9.32,18503
T,1103537,7.81,-8.90,18508
T,1103557,7.86,-8.59,18514
T,1103577,7.76,-8.18,18534
T,1103597,7.68,-7.78,18547
T,1103617,7.70,-7.44,18560
T,1103637,7.76,-6.57,18568
T,1103657,7.75,-6.25,18582
T,1103677,7.82,-5.89,18584
T,1103697,7.74,-5.58,18604
T,1103717,7.79,-5.09,18611
T,1103737,7.72,-4.72,18634
T,1103757,7.70,-4.19,18649
T,1103777,7.75,-3.92,18658
T,1103797,7.83,-3.78,18659
T,1103817,7.78,-3.53,18678
T,1103837,7.76,-3.23,18688
T,1103857,7.70,-2.83,18709
T,1103877,7.70,-2.45,18722
T,1103897,7.79,-1.93,18725
T,1103917,7.76,-1.80,18737
T,1103937,7.67,-1.21,18759
T,1103957,7.79,-1.30,18757
T,1103977,7.75,-1.17,18778
T,1103997,7.74,-0.96,18785
T,1104017,7.69,-0.74,18800
T,1104037,7.75,-0.70,18805
T,1104057,7.72,-0.58,18827
T,1104077,7.76,-0.27,18828
T,1104097,7.80,-0.66,18835
T,1104117,7.81,-0.93,18847
T,1104137,7.87,-0.97,18848
T,1104157,7.75,-0.50,18871
T,1104177,7.80,0.07,18878
T,1104197,7.79,0.44,18891
T,1104217,7.83,0.46,18897
T,1104237,7.79,0.79,18910
T,1104257,7.80,0.83,18921
T,1104277,7.78,1.21,18928
T,1104297,7.92,1.42,18930
T,1104317,7.86,1.79,18948
T,1104337,7.88,2.09,18951
T,1104357,7.91,1.75,18954
T,1104377,7.87,1.79,18969
T,1104397,7.91,1.83,18968
T,1104417,7.83,1.99,18987
T,1104437,7.99,2.13,18981
T,1104457,7.93,2.71,18996
T,1104477,7.99,3.24,19007
T,1104497,7.92,3.36,19028
T,1104517,7.98,2.95,19000
T,1104537,8.05,2.34,18999
T,1104557,7.90,1.96,19021
T,1104577,8.04,1.58,19008
T,1104597,8.11,1.53,19009
T,1104617,7.95,1.48,19026
T,1104637,8.02,1.52,19028
T,1104657,7.99,1.29,19026
T,1104677,7.96,1.01,19033
T,1104697,8.05,1.43,19033
T,1104717,7.96,1.20,19040
T,1104737,7.97,1.50,19045
T,1104757,8.03,1.43,19042
T,1104777,8.00,2.00,19049
T,1104797,8.00,2.32,19052
T,1104817,8.12,2.10,19046
T,1104837,8.00,1.71,19055
T,1104857,8.02,1.03,19053
T,1104877,8.01,1.04,19059
T,1104897,7.98,0.71,19065
T,1104917,8.03,0.70,19063
T,1104937,8.11,0.67,19063
T,1104957,8.16,0.69,19057
T,1104977,7.98,0.72,19079
T,1104997,8.07,0.79,19074
T,1105017,8.01,0.70,19073
T,1105037,8.07,0.90,19076
T,1105057,7.98,1.07,19084
T,1105077,8.08,1.01,19077
T,1105097,8.10,1.44,19084
T,1105117,8.05,1.42,19089
T,1105137,8.08,1.88,19088
T,1105157,8.14,2.20,19082
T,1105177,8.03,2.36,19096
T,1105197,8.12,2.48,19091
T,1105217,8.14,2.29,19087
T,1105237,8.07,2.34,19101
T,1105257,8.03,1.93,19098
T,1105277,8.06,1.30,19096
T,1105297,8.11,0.76,19090
T,1105317,8.09,0.69,19094
T,1105337,7.93,0.73,19111
T,1105357,8.14,0.96,19098
T,1105377,8.11,0.48,19096
T,1105397,8.03,0.92,19110
T,1105417,8.06,0.76,19105
T,1105437,8.06,0.53,19105
T,1105457,8.09,0.34,19105
T,1105477,8.09,0.51,19109
T,1105497,8.05,0.61,19111
T,1105517,8.17,0.56,19099
T,1105537,8.11,0.44,19107
T,1105557,8.00,0.30,19115
T,1105577,8.05,0.48,19114
T,1105597,8.02,0.39,19112
T,1105617,8.08,0.19,19109
T,1105637,8.07,0.03,19116
T,1105657,8.09,-0.31,19110
T,1105677,8.08,-0.02,19117
T,1105697,8.11,-0.04,19107
T,1105717,8.05,0.01,19113
T,1105737,8.09,0.24,19115
T,1105757,8.15,0.44,19111
T,1105777,8.07,0.44,19112
T,1105797,8.06,0.69,19119
T,1105817,8.10,0.69,19112
T,1105837,8.15,0.40,19099
T,1105857,8.05,0.51,19112
T,1105877,7.95,0.24,19120
T,1105897,8.11,0.57,19118
T,1105917,8.09,0.41,19113
T,1105937,8.13,0.69,19112
T,1105957,8.14,0.51,19105
T,1105977,8.12,0.40,19108
T,1105997,8.06,0.27,19113
T,1106017,8.13,0.37,19114
T,1106037,8.03,0.18,19115
T,1106057,8.15,-0.00,19109
T,1106077,8.11,0.17,19111
T,1106097,8.11,0.16,19108
T,1106117,8.13,0.21,19114
T,1106137,8.14,0.12,19108
T,1106157,8.07,1.00,19115
T,1106177,8.14,1.19,19112
T,1106197,8.09,1.61,19114
T,1106217,8.12,1.62,19117
T,1106237,8.08,1.52,19116
T,1106257,8.18,1.40,19102
T,1106277,8.03,1.10,19113
T,1106297,8.03,1.84,19121
T,1106317,8.13,1.63,19110
T,1106337,8.12,0.73,19100
T,1106357,8.05,-0.23,19106
T,1106377,8.11,-0.70,19103
T,1106397,8.16,-0.81,19101
T,1106417,8.11,-0.87,19100
T,1106437,8.05,-0.13,19115
T,1106457,8.06,0.03,19111
T,1106477,8.10,0.59,19109
T,1106497,8.16,0.65,19099
T,1106517,8.09,0.88,19111
T,1106537,8.09,1.06,19111
T,1106557,8.11,1.34,19115
T,1106577,8.10,1.37,19106
T,1106597,8.17,1.62,19106
T,1106617,8.08,2.09,19110
T,1106637,8.24,1.79,19097
T,1106657,8.18,1.71,19108
T,1106677,8.04,1.71,19120
T,1106697,8.16,1.87,19109
T,1106717,8.11,1.47,19104
T,1106737,8.09,1.08,19108
T,1106757,8.06,1.00,19115
T,1106777,8.06,1.01,19112
T,1106797,8.09,1.01,19114
T,1106817,8.06,0.97,19117
T,1106837,8.10,0.75,19112
T,1106857,8.02,0.49,19123
T,1106877,8.06,0.38,19121
T,1106897,8.03,0.39,19125
T,1106917,8.01,0.64,19131
T,1106937,8.06,0.73,19131
T,1106957,8.15,0.95,19122
T,1106977,7.96,1.21,19144
T,1106997,8.02,1.34,19137
T,1107017,7.97,1.61,19148
T,1107037,8.00,1.75,19150
T,1107057,7.93,1.60,19161
T,1107077,8.13,1.66,19143
T,1107097,8.01,1.86,19163
T,1107117,7.92,1.97,19174
T,1107137,8.06,2.07,19169
T,1107157,7.99,2.28,19176
T,1107177,7.91,2.49,19193
T,1107197,7.95,2.84,19192
T,1107217,7.94,2.83,19197
T,1107237,7.97,3.15,19211
T,1107257,7.98,3.56,19239
T,1107277,7.97,3.81,19257
T,1107297,8.11,3.84,19253
T,1107317,7.97,3.89,19269
T,1107337,8.04,4.02,19276
T,1107357,8.03,3.55,19245
T,1107377,8.17,3.06,19206
T,1107397,8.11,2.75,19208
T,1107417,8.07,2.91,19215
T,1107437,8.02,2.68,19220
T,1107457,8.08,2.93,19215
T,1107477,8.02,3.30,19244
T,1107497,8.07,3.45,19250
T,1107517,8.09,3.53,19251
T,1107537,8.11,3.32,19246
T,1107557,8.04,3.48,19262
T,1107577,8.05,3.32,19252
T,1107597,8.07,3.46,19265
T,1107617,8.07,3.51,19268
T,1107637,8.11,3.28,19253
T,1107657,8.07,3.46,19271
T,1107677,8.06,3.51,19280
T,1107697,8.02,3.62,19287
T,1107717,8.09,3.66,19288
T,1107737,8.11,3.85,19299
T,1107757,8.05,3.91,19311
T,1107777,8.04,3.96,19319
T,1107797,8.02,4.10,19330
T,1107817,8.08,4.36,19346
T,1107837,8.09,4.39,19345
T,1107857,8.09,4.22,19338
T,1107877,7.97,4.49,19371
T,1107897,8.00,4.63,19386
T,1107917,7.97,4.85,19406
T,1107937,7.98,4.92,19414
T,1107957,8.01,5.16,19436
T,1107977,7.90,5.22,19458
T,1107997,7.92,5.63,19494
T,1108017,7.85,6.04,19536
T,1108037,7.80,6.39,19574
T,1108057,7.80,6.86,19616
T,1108077,7.84,7.06,19635
T,1108097,7.77,7.55,19683
T,1108117,7.81,7.69,19701
T,1108137,7.85,8.11,19736
T,1108157,7.91,8.55,19772
T,1108177,7.85,8.99,19818
T,1108197,7.82,9.27,19842
T,1108217,7.94,9.49,19858
T,1108237,7.89,9.52,19869
T,1108257,7.94,9.57,19879
T,1108277,7.93,9.94,19911
T,1108297,7.85,10.11,19939
T,1108317,7.95,10.60,19970
T,1108337,7.99,10.78,19982
T,1108357,7.98,11.03,20006
T,1108377,8.08,11.11,20015
T,1108397,8.02,11.25,20031
T,1108417,7.92,11.28,20052
T,1108437,7.99,11.12,20040
T,1108457,7.90,11.16,20067
T,1108477,7.91,11.47,20095
T,1108497,7.98,11.76,20109
T,1108517,7.97,12.26,20157
T,1108537,7.97,12.41,20167
T,1108557,8.01,12.55,20180
T,1108577,8.02,12.55,20186
T,1108597,8.02,13.01,20226
T,1108617,8.03,13.25,20251
T,1108637,8.10,13.34,20254
T,1108657,8.12,13.35,20256
T,1108677,8.05,13.54,20281
T,1108697,8.03,13.68,20301
T,1108717,8.19,13.65,20284
T,1108737,8.18,13.65,20291
T,1108757,8.16,13.48,20280
T,1108777,8.19,13.37,20277
T,1108797,8.17,13.13,20266
T,1108817,8.10,13.09,20270
T,1108837,8.06,12.91,20262
T,1108857,8.19,12.99,20267
T,1108877,8.07,12.86,20273
T,1108897,8.08,12.98,20287
T,1108917,8.11,13.03,20282
T,1108937,8.15,12.94,20279
T,1108957,8.12,13.24,20307
T,1108977,8.19,13.11,20294
T,1108997,8.22,13.16,20297
T,1109017,8.14,13.00,20301
T,1109037,8.19,13.23,20310
T,1109057,8.15,13.07,20306
T,1109077,8.15,12.90,20296
T,1109097,8.18,12.69,20282
T,1109117,8.28,12.27,20245
T,1109137,8.29,12.05,20230
T,1109157,8.31,11.67,20198
T,1109177,8.25,11.33,20180
T,1109197,8.32,11.03,20152
T,1109217,8.45,10.76,20120
T,1109237,8.42,10.55,20098
T,1109257,8.41,10.05,20065
T,1109277,8.42,9.68,20031
T,1109297,8.43,9.35,20002
T,1109317,8.52,9.08,19967
T,1109337,8.50,8.53,19921
T,1109357,8.62,7.91,19861
T,1109377,8.62,7.23,19803
T,1109397,8.55,6.51,19747
T,1109417,8.79,6.02,19681
T,1109437,8.98,4.88,19562
T,1109457,8.96,3.48,19446
T,1109477,9.09,1.26,19361
T,1109497,8.95,-1.21,19338
T,1109517,9.09,-3.23,19285
T,1109537,9.07,-5.35,19250
T,1109557,9.08,-6.75,19215
T,1109577,8.91,-8.23,19200
T,1109597,8.99,-9.38,19161
T,1109617,8.89,-10.77,19134
T,1109637,8.84,-11.51,19113
T,1109657,9.00,-12.27,19066
T,1109677,8.96,-12.89,19037
T,1109697,8.89,-13.77,19008
T,1109717,8.96,-14.39,18974
T,1109737,8.88,-14.98,18947
T,1109757,8.96,-16.00,18908
T,1109777,8.91,-16.80,18883
T,1109797,8.81,-17.31,18861
T,1109817,8.75,-17.77,18835
T,1109837,8.80,-18.41,18802
T,1109857,8.80,-18.79,18780
T,1109877,8.79,-19.25,18751
T,1109897,8.70,-19.46,18731
T,1109917,8.69,-19.52,18705
T,1109937,8.73,-19.29,18680
T,1109957,8.70,-19.02,18659
T,1109977,8.72,-19.51,18632
T,1109997,8.59,-19.60,18620
T,1110017,8.59,-19.77,18605
T,1110037,8.58,-19.84,18585
T,1110057,8.55,-19.77,18564
T,1110077,8.54,-19.87,18548
T,1110097,8.49,-19.81,18533
T,1110117,8.51,-19.92,18515
T,1110137,8.50,-19.78,18503
T,1110157,8.46,-19.64,18493
T,1110177,8.47,-19.03,18476
T,1110197,8.37,-18.29,18475
T,1110217,8.43,-18.23,18453
T,1110237,8.34,-18.03,18451
T,1110257,8.32,-18.15,18442
T,1110277,8.23,-17.70,18437
T,1110297,8.33,-17.77,18422
T,1110317,8.12,-17.30,18432
T,1110337,8.30,-17.19,18408
T,1110357,8.27,-17.03,18402
T,1110377,8.14,-17.36,18407
T,1110397,8.24,-17.04,18394
T,1110417,8.11,-16.99,18395
T,1110437,8.07,-16.98,18395
T,1110457,8.11,-16.53,18389
T,1110477,8.09,-16.24,18392
T,1110497,8.19,-15.86,18379
T,1110517,8.14,-15.73,18380
T,1110537,8.09,-15.10,18382
T,1110557,8.02,-15.10,18386
T,1110577,8.06,-14.81,18384
T,1110597,8.02,-14.36,18384
T,1110617,8.01,-13.94,18389
T,1110637,7.99,-13.16,18393
T,1110657,7.95,-13.08,18400
T,1110677,8.00,-12.54,18397
T,1110697,7.97,-12.17,18402
T,1110717,7.91,-11.70,18413
T,1110737,7.89,-11.27,18418
T,1110757,7.94,-10.55,18420
T,1110777,7.91,-10.33,18427
T,1110797,7.92,-10.26,18429
T,1110817,7.92,-9.90,18439
T,1110837,7.87,-9.98,18445
T,1110857,7.80,-9.89,18462
T,1110877,7.85,-9.84,18463
T,1110897,7.90,-9.93,18460
T,1110917,7.84,-9.60,18479
T,1110937,7.81,-9.32,18489
T,1110957,7.81,-8.56,18504
T,1110977,7.81,-8.12,18511
T,1110997,7.75,-7.34,18533
T,1111017,7.71,-7.02,18541
T,1111037,7.64,-6.80,18558
T,1111057,7.74,-6.62,18566
T,1111077,7.76,-6.08,18576
T,1111097,7.80,-6.21,18582
T,1111117,7.69,-6.14,18605
T,1111137,7.76,-6.15,18613
T,1111157,7.73,-5.63,18632
T,1111177,7.66,-4.94,18654
T,1111197,7.69,-4.21,18667
T,1111217,7.65,-3.88,18684
T,1111237,7.64,-3.50,18696
T,1111257,7.62,-2.84,18717
T,1111277,7.63,-2.31,18731
T,1111297,7.80,-1.51,18733
T,1111317,7.79,-1.35,18744
T,1111337,7.68,-0.82,18769
T,1111357,7.79,-0.04,18772
T,1111377,7.80,0.47,18784
T,1111397,7.74,0.52,18798
T,1111417,7.81,0.75,18808
T,1111437,7.78,1.06,18822
T,1111457,7.77,1.16,18832
T,1111477,7.81,0.90,18837
T,1111497,7.82,0.84,18851
T,1111517,7.86,0.88,18853
T,1111537,7.78,0.75,18869
T,1111557,7.79,0.72,18880
T,1111577,7.86,0.93,18886
T,1111597,7.87,0.77,18886
T,1111617,7.82,0.99,18902
T,1111637,7.84,0.91,18913
T,1111657,7.92,1.42,18916
T,1111677,7.92,1.50,18920
T,1111697,7.96,1.74,18924
T,1111717,7.89,1.37,18937
T,1111737,7.85,1.35,18951
T,1111757,7.88,1.26,18950
T,1111777,7.83,1.43,18964
T,1111797,7.95,1.78,18961
T,1111817,7.95,1.78,18967
T,1111837,7.85,1.69,18977
T,1111857,8.00,1.57,18973
T,1111877,7.97,1.89,18981
T,1111897,7.96,2.00,18985
T,1111917,7.96,2.17,18991
T,1111937,7.89,2.06,19001
T,1111957,7.98,2.16,18999
T,1111977,7.96,1.84,19005
T,1111997,8.02,1.87,19009
T,1112017,7.94,1.82,19019
T,1112037,7.92,1.83,19025
T,1112057,8.01,2.15,19023
T,1112077,8.01,2.34,19025
T,1112097,7.95,2.50,19037
T,1112117,8.02,2.09,19029
T,1112137,8.10,1.48,19022
T,1112157,7.94,1.21,19047
T,1112177,8.04,1.31,19040
T,1112197,8.04,1.39,19045
T,1112217,8.00,1.25,19047
T,1112237,8.01,1.35,19051
T,1112257,7.96,1.45,19059
T,1112277,8.10,1.61,19053
T,1112297,7.98,1.49,19062
T,1112317,8.04,1.32,19059
T,1112337,8.12,0.87,19049
T,1112357,7.99,0.43,19060
T,1112377,8.03,0.24,19066
T,1112397,8.03,0.41,19067
T,1112417,8.02,0.56,19068
T,1112437,8.01,0.72,19075
T,1112457,8.09,0.67,19063
T,1112477,8.08,0.23,19069
T,1112497,8.10,0.55,19071
T,1112517,8.03,0.03,19070
T,1112537,8.14,-0.22,19063
T,1112557,8.05,-0.52,19072
T,1112577,8.05,-0.88,19068
T,1112597,8.17,-0.52,19065
T,1112617,8.07,-0.60,19070
T,1112637,8.10,-0.76,19071
T,1112657,8.09,-0.49,19073
T,1112677,8.06,0.05,19082
T,1112697,8.06,0.42,19076
T,1112717,8.01,0.87,19089
T,1112737,8.12,1.78,19081
T,1112757,8.03,1.64,19081
T,1112777,8.05,1.84,19087
T,1112797,8.05,1.32,19080
T,1112817,8.07,1.16,19082
T,1112837,8.10,1.17,19084
T,1112857,8.04,1.38,19093
T,1112877,8.09,1.05,19081
T,1112897,8.06,0.99,19088
T,1112917,8.11,0.95,19081
T,1112937,7.99,1.08,19100
T,1112957,8.03,1.36,19096
T,1112977,8.04,1.54,19095
T,1112997,8.02,1.59,19099
T,1113017,8.11,1.57,19086
T,1113037,8.06,1.68,19098
T,1113057,8.09,1.49,19095
T,1113077,8.08,1.54,19097
T,1113097,8.15,1.42,19086
T,1113117,8.03,0.74,19097
T,1113137,8.08,0.92,19097
T,1113157,8.09,0.41,19090
T,1113177,8.01,0.51,19103
T,1113197,8.06,0.73,19099
T,1113217,8.14,0.98,19097
T,1113237,8.06,0.88,19096
T,1113257,8.14,0.55,19089
T,1113277,8.13,0.20,19091
T,1113297,8.08,-0.16,19097
T,1113317,8.14,-0.26,19094
T,1113337,8.15,-0.71,19090
T,1113357,8.19,-0.22,19092
T,1113377,8.12,-0.08,19095
T,1113397,8.07,0.22,19100
T,1113417,8.13,0.48,19100
T,1113437,8.17,0.49,19086
T,1113457,8.10,0.78,19098
T,1113477,8.12,0.53,19096
T,1113497,8.04,0.54,19098
T,1113517,8.11,0.46,19094
T,1113537,8.14,0.69,19095
T,1113557,8.08,1.12,19103
T,1113577,8.06,1.31,19107
T,1113597,8.13,1.39,19099
T,1113617,8.11,0.68,19095
T,1113637,8.14,0.76,19098
T,1113657,8.10,0.81,19103
T,1113677,7.99,1.07,19112
T,1113697,8.07,0.92,19105
T,1113717,8.17,0.78,19093
T,1113737,8.06,0.68,19105
T,1113757,7.98,0.72,19117
T,1113777,8.13,1.19,19104
T,1113797,8.15,1.13,19105
T,1113817,8.11,0.96,19108
T,1113837,8.07,0.83,19109
T,1113857,8.06,0.80,19110
T,1113877,8.04,0.41,19111
T,1113897,8.00,0.25,19115
T,1113917,8.11,0.55,19112
T,1113937,8.03,0.44,19118
T,1113957,8.05,0.88,19124
T,1113977,8.11,1.04,19120
T,1113997,8.07,1.24,19123
T,1114017,7.98,1.24,19132
T,1114037,8.03,1.13,19130
T,1114057,8.06,1.26,19129
T,1114077,8.01,1.40,19139
T,1114097,8.10,1.11,19129
T,1114117,8.12,1.25,19134
T,1114137,8.12,1.52,19135
T,1114157,8.10,1.16,19128
T,1114177,8.19,1.55,19124
T,1114197,7.98,1.66,19144
T,1114217,8.09,2.12,19140
T,1114237,8.10,1.73,19136
T,1114257,8.10,1.53,19136
T,1114277,7.92,1.35,19152
T,1114297,8.06,1.57,19149
T,1114317,8.03,1.62,19153
T,1114337,8.00,1.58,19156
T,1114357,8.04,1.41,19153
T,1114377,8.10,1.18,19147
T,1114397,8.11,1.61,19157
T,1114417,8.10,1.24,19147
T,1114437,8.05,1.41,19159
T,1114457,8.09,1.47,19156
T,1114477,8.01,1.48,19159
T,1114497,8.04,1.43,19164
T,1114517,8.04,1.10,19162
T,1114537,8.05,1.29,19161
T,1114557,8.03,1.39,19166
T,1114577,8.13,1.83,19158
T,1114597,8.12,2.04,19158
T,1114617,8.03,2.30,19174
T,1114637,8.09,2.32,19169
T,1114657,8.05,2.06,19173
T,1114677,8.04,1.87,19170
T,1114697,8.01,1.75,19172
T,1114717,8.09,2.13,19175
T,1114737,8.04,2.27,19188
T,1114757,7.99,2.62,19198
T,1114777,7.96,2.97,19206
T,1114797,7.97,3.20,19221
T,1114817,7.96,3.45,19244
T,1114837,7.96,3.72,19265
T,1114857,7.93,4.13,19294
T,1114877,7.90,4.33,19314
T,1114897,8.00,4.52,19325
T,1114917,8.02,4.44,19316
T,1114937,8.01,4.51,19330
T,1114957,8.03,4.56,19335
T,1114977,7.98,4.60,19342
T,1114997,8.08,4.72,19345
T,1115017,7.94,4.64,19357
T,1115037,8.01,4.65,19364
T,1115057,7.84,4.39,19367
T,1115077,7.85,4.81,19405
T,1115097,7.79,5.07,19439
T,1115117,7.73,5.72,19509
T,1115137,7.70,6.40,19564
T,1115157,7.73,7.00,19611
T,1115177,7.73,8.07,19698
T,1115197,7.67,8.71,19758
T,1115217,7.59,9.29,19823
T,1115237,7.58,9.96,19884
T,1115257,7.54,10.79,19968
T,1115277,7.58,11.61,20036
T,1115297,7.64,12.33,20096
T,1115317,7.52,13.15,20179
T,1115337,7.55,14.14,20269
T,1115357,7.49,14.85,20343
T,1115377,7.52,15.36,20391
T,1115397,7.59,16.11,20463
T,1115417,7.61,16.70,20520
T,1115437,7.44,17.19,20593
T,1115457,7.56,17.77,20643
T,1115477,7.60,18.30,20700
T,1115497,7.65,18.88,20757
T,1115517,7.65,19.45,20814
T,1115537,7.64,20.06,20877
T,1115557,7.61,20.55,20932
T,1115577,7.72,21.09,20982
T,1115597,7.72,21.51,21026
T,1115617,7.71,21.71,21063
T,1115637,7.76,21.82,21083
T,1115657,7.83,22.08,21117
T,1115677,7.86,22.29,21137
T,1115697,7.88,22.28,21148
T,1115717,7.94,22.58,21180
T,1115737,7.98,22.55,21175
T,1115757,8.00,22.49,21187
T,1115777,8.10,22.46,21179
T,1115797,8.35,22.03,21129
T,1115817,8.29,21.58,21103
T,1115837,8.27,21.19,21075
T,1115857,8.45,21.12,21054
T,1115877,8.56,20.68,21003
T,1115897,8.59,20.15,20953
T,1115917,8.76,19.32,20874
T,1115937,8.95,18.39,20772
T,1115957,8.99,17.00,20654
T,1115977,9.10,15.77,20539
T,1115997,9.30,14.42,20400
T,1116017,9.50,12.78,20238
T,1116037,9.58,10.95,20079
T,1116057,9.70,8.76,19917
T,1116077,9.73,5.91,19765
T,1116097,9.61,2.94,19625
T,1116117,9.60,0.01,19480
T,1116137,9.46,-2.65,19352
T,1116157,9.40,-4.73,19276
T,1116177,9.35,-7.15,19234
T,1116197,9.43,-8.42,19186
T,1116217,9.28,-10.26,19149
T,1116237,9.26,-11.96,19107
T,1116257,9.14,-13.79,19072
T,1116277,9.09,-15.01,19045
T,1116297,9.13,-15.99,19002
T,1116317,9.12,-16.88,18964
T,1116337,9.09,-17.64,18922
T,1116357,9.11,-18.49,18891
T,1116377,8.97,-19.31,18867
T,1116397,8.84,-19.60,18845
T,1116417,8.94,-19.21,18813
T,1116437,8.94,-19.30,18780
T,1116457,8.80,-19.64,18761
T,1116477,8.79,-20.05,18734
T,1116497,8.77,-20.09,18708
T,1116517,8.72,-20.43,18690
T,1116537,8.69,-20.28,18670
T,1116557,8.76,-20.15,18638
T,1116577,8.64,-20.43,18624
T,1116597,8.67,-19.83,18605
T,1116617,8.61,-19.63,18587
T,1116637,8.57,-19.63,18570
T,1116657,8.54,-19.87,18554
T,1116677,8.56,-20.15,18536
T,1116697,8.51,-19.63,18523
T,1116717,8.47,-19.71,18505
T,1116737,8.41,-19.38,18503
T,1116757,8.50,-19.53,18483
T,1116777,8.40,-19.32,18479
T,1116797,8.33,-19.33,18468
T,1116817,8.33,-19.08,18456
T,1116837,8.37,-18.90,18444
T,1116857,8.30,-18.78,18439
T,1116877,8.29,-18.53,18433
T,1116897,8.27,-18.10,18426
T,1116917,8.28,-17.46,18418
T,1116937,8.29,-17.40,18404
T,1116957,8.25,-16.83,18405
T,1116977,8.19,-16.91,18401
T,1116997,8.13,-16.69,18404
T,1117017,8.11,-16.33,18401
T,1117037,8.11,-15.75,18402
T,1117057,8.16,-14.86,18396
T,1117077,8.02,-14.56,18408
T,1117097,8.04,-13.55,18407
T,1117117,8.00,-13.39,18411
T,1117137,8.03,-13.13,18411
T,1117157,8.05,-12.68,18410
T,1117177,7.97,-12.72,18418
T,1117197,7.94,-12.82,18423
T,1117217,8.01,-12.88,18425
T,1117237,7.94,-12.80,18434
T,1117257,7.82,-12.23,18448
T,1117277,7.86,-11.16,18454
T,1117297,7.91,-10.72,18455
T,1117317,7.88,-10.31,18466
T,1117337,7.81,-10.24,18473
T,1117357,7.86,-9.73,18480
T,1117377,7.77,-9.49,18498
T,1117397,7.79,-8.97,18507
T,1117417,7.78,-8.30,18517
T,1117437,7.79,-7.96,18529
T,1117457,7.76,-7.57,18541
T,1117477,7.75,-6.99,18552
T,1117497,7.84,-6.22,18558
T,1117517,7.70,-6.21,18575
T,1117537,7.69,-5.91,18593
T,1117557,7.73,-5.65,18603
T,1117577,7.79,-5.17,18611
T,1117597,7.64,-5.02,18633
T,1117617,7.72,-4.54,18647
T,1117637,7.73,-3.78,18660
T,1117657,7.66,-3.14,18679
T,1117677,7.70,-2.03,18696
T,1117697,7.67,-1.90,18710
T,1117717,7.70,-1.58,18720
T,1117737,7.65,-1.40,18740
T,1117757,7.64,-0.89,18761
T,1117777,7.72,-0.38,18768
T,1117797,7.65,0.08,18789
T,1117817,7.74,0.30,18793
T,1117837,7.81,0.55,18802
T,1117857,7.76,1.00,18821
T,1117877,7.75,1.37,18838
T,1117897,7.76,1.49,18847
T,1117917,7.79,1.28,18855
T,1117937,7.74,1.53,18873
T,1117957,7.76,1.73,18884
T,1117977,7.76,2.16,18902
T,1117997,7.81,1.94,18901
T,1118017,7.80,2.07,18913
T,1118037,7.86,2.26,18919
T,1118057,7.93,1.82,18921
T,1118077,7.88,1.55,18932
T,1118097,7.96,1.66,18938
T,1118117,7.93,1.84,18949
T,1118137,7.91,1.56,18952
T,1118157,7.95,1.76,18957
T,1118177,7.90,1.94,18964
T,1118197,7.91,2.10,18978
T,1118217,8.02,2.39,18971
T,1118237,7.95,1.98,18978
T,1118257,7.98,1.91,18983
T,1118277,7.96,1.40,18988
T,1118297,7.95,1.18,18996
T,1118317,8.01,1.49,18996
T,1118337,7.98,1.33,19001
T,1118357,7.97,1.41,19008
T,1118377,7.93,1.45,19011
T,1118397,7.96,1.47,19016
T,1118417,7.95,1.04,19017
T,1118437,7.90,0.60,19029
T,1118457,7.96,0.54,19027
T,1118477,8.02,0.43,19025
T,1118497,7.94,0.70,19036
T,1118517,7.90,0.49,19044
T,1118537,7.96,0.53,19042
T,1118557,8.00,0.75,19038
T,1118577,8.11,0.71,19030
T,1118597,8.05,0.99,19041
T,1118617,8.01,0.92,19049
T,1118637,8.05,1.27,19045
T,1118657,8.01,1.30,19053
T,1118677,8.02,1.58,19055
T,1118697,8.06,1.51,19050
T,1118717,8.08,1.80,19060
T,1118737,8.10,2.45,19062
T,1118757,8.09,2.37,19061
T,1118777,8.08,2.36,19065
T,1118797,8.02,2.51,19071
T,1118817,8.06,2.48,19076
T,1118837,8.05,2.30,19077
T,1118857,8.06,2.49,19086
T,1118877,8.04,2.85,19088
T,1118897,7.98,3.12,19106
T,1118917,8.01,3.04,19101
T,1118937,8.06,2.68,19094
T,1118957,8.06,2.92,19097
T,1118977,7.98,2.90,19104
T,1118997,8.02,2.77,19107
T,1119017,8.07,2.18,19100
T,1119037,8.03,2.37,19110
T,1119057,8.10,2.35,19108
T,1119077,8.01,2.19,19117
T,1119097,8.09,2.32,19111
T,1119117,8.03,2.33,19119
T,1119137,8.04,2.42,19120
T,1119157,8.10,2.11,19112
T,1119177,8.07,2.13,19118
T,1119197,8.02,1.77,19123
T,1119217,8.02,2.14,19132
T,1119237,8.06,1.96,19126
T,1119257,8.06,2.23,19125
T,1119277,8.12,2.28,19120
T,1119297,8.09,2.02,19119
T,1119317,8.06,1.86,19131
T,1119337,8.11,1.76,19125
T,1119357,8.07,2.22,19127
T,1119377,8.15,2.29,19128
T,1119397,8.02,2.75,19140
T,1119417,8.05,2.62,19131
T,1119437,8.13,2.47,19125
T,1119457,8.07,2.08,19131
T,1119477,8.11,1.60,19127
T,1119497,8.09,1.54,19126
T,1119517,8.12,0.94,19119
T,1119537,8.26,1.06,19110
T,1119557,8.06,0.88,19131
T,1119577,8.10,1.31,19127
T,1119597,8.14,1.56,19125
T,1119617,8.11,1.26,19122
T,1119637,8.14,1.03,19116
T,1119657,8.16,0.50,19114
T,1119677,8.12,0.83,19121
T,1119697,8.10,0.21,19121
T,1119717,8.03,0.80,19129
T,1119737,8.14,1.03,19122
T,1119757,8.08,1.33,19129
T,1119777,8.12,1.64,19130
T,1119797,8.10,1.87,19132
T,1119817,8.08,1.51,19128
T,1119837,8.09,1.54,19134
T,1119857,8.01,1.86,19146
T,1119877,8.06,1.93,19140
T,1119897,8.06,2.43,19149
T,1119917,8.09,2.49,19144
T,1119937,8.09,2.96,19145
T,1119957,8.11,3.02,19143
T,1119977,8.10,3.07,19148
T,1119997,8.09,2.77,19145
T,1120017,8.09,2.91,19148
T,1120037,8.02,2.88,19150
T,1120057,8.19,2.94,19145
T,1120077,8.10,2.77,19146
T,1120097,8.08,2.20,19145
T,1120117,8.13,1.74,19145
T,1120137,8.02,1.14,19148
T,1120157,8.05,1.40,19150
T,1120177,8.04,1.07,19146
T,1120197,8.10,1.26,19146
T,1120217,8.19,0.96,19133
T,1120237,8.09,0.91,19149
T,1120257,8.07,0.55,19152
T,1120277,8.12,0.48,19149
T,1120297,8.13,0.53,19141
T,1120317,8.17,0.49,19139
T,1120337,8.12,0.65,19143
T,1120357,8.04,0.77,19150
T,1120377,8.09,1.41,19148
T,1120397,8.22,1.30,19127
T,1120417,8.08,1.80,19146
T,1120437,8.18,1.44,19124
T,1120457,8.09,1.51,19145
T,1120477,8.10,1.60,19142
T,1120497,8.08,1.52,19144
T,1120517,8.09,1.52,19140
T,1120537,8.19,1.42,19129
T,1120557,8.11,1.50,19140
T,1120577,8.04,1.32,19147
T,1120597,8.13,1.28,19139
T,1120617,8.10,0.95,19136
T,1120637,8.12,1.29,19139
T,1120657,8.13,1.48,19137
T,1120677,8.13,1.65,19139
T,1120697,8.09,1.70,19145
T,1120717,8.10,1.60,19145
T,1120737,8.13,1.62,19134
T,1120757,8.09,1.57,19141
T,1120777,8.17,2.16,19139
T,1120797,7.99,2.39,19156
T,1120817,8.02,2.72,19157
T,1120837,8.14,2.46,19146
T,1120857,7.98,2.66,19165
T,1120877,7.98,2.78,19174
T,1120897,7.99,3.09,19189
T,1120917,7.93,2.96,19185
T,1120937,7.95,3.12,19207
T,1120957,7.94,3.36,19228
T,1120977,7.84,3.74,19270
T,1120997,7.83,4.29,19319
T,1121017,7.84,4.60,19350
T,1121037,7.83,5.15,19391
T,1121057,7.81,5.46,19422
T,1121077,7.79,5.72,19455
T,1121097,7.76,6.12,19494
T,1121117,7.86,6.47,19520
T,1121137,7.90,6.75,19543
T,1121157,7.85,7.16,19586
T,1121177,7.84,7.83,19640
T,1121197,7.85,7.98,19654
T,1121217,7.79,8.24,19693
T,1121237,7.83,8.59,19725
T,1121257,7.91,9.07,19762
T,1121277,7.84,9.50,19803
T,1121297,7.87,9.91,19841
T,1121317,7.79,10.11,19867
T,1121337,7.87,10.03,19860
T,1121357,8.00,10.33,19882
T,1121377,7.88,10.40,19903
T,1121397,7.99,11.06,19943
T,1121417,7.98,11.20,19962
T,1121437,7.95,11.29,19979
T,1121457,8.04,11.48,19995
T,1121477,8.04,11.49,19998
T,1121497,7.90,11.71,20034
T,1121517,7.86,11.64,20047
T,1121537,7.99,11.92,20063
T,1121557,7.89,12.32,20106
T,1121577,8.03,12.90,20138
T,1121597,8.07,13.16,20157
T,1121617,8.00,13.37,20181
T,1121637,8.05,13.56,20194
T,1121657,8.10,13.52,20192
T,1121677,8.05,13.43,20197
T,1121697,7.97,13.43,20215
T,1121717,7.99,13.66,20236
T,1121737,8.06,13.89,20253
T,1121757,7.98,13.64,20251
T,1121777,7.99,13.48,20248
T,1121797,7.98,13.42,20253
T,1121817,8.03,13.82,20280
T,1121837,7.99,13.80,20292
T,1121857,8.13,13.96,20299
T,1121877,8.06,13.99,20316
T,1121897,8.07,14.09,20328
T,1121917,8.18,14.29,20327
T,1121937,8.09,14.16,20328
T,1121957,8.24,14.19,20319
T,1121977,8.20,14.05,20321
T,1121997,8.33,13.98,20304
T,1122017,8.21,13.63,20283
T,1122037,8.29,13.46,20263
T,1122057,8.26,13.51,20266
T,1122077,8.42,13.02,20223
T,1122097,8.31,12.71,20200
T,1122117,8.35,12.15,20158
T,1122137,8.45,12.09,20142
T,1122157,8.42,11.67,20107
T,1122177,8.46,11.34,20074
T,1122197,8.63,10.50,19995
T,1122217,8.53,9.98,19960
T,1122237,8.67,9.43,19896
T,1122257,8.64,8.58,19827
T,1122277,8.70,7.80,19755
T,1122297,8.77,6.76,19661
T,1122317,8.74,5.66,19569
T,1122337,8.88,4.11,19445
T,1122357,8.87,2.66,19344
T,1122377,9.13,1.38,19288
T,1122397,9.00,0.02,19268
T,1122417,8.93,-1.65,19239
T,1122437,8.85,-3.50,19218
T,1122457,8.99,-4.66,19176
T,1122477,8.83,-6.17,19156
T,1122497,8.88,-6.87,19130
T,1122517,8.84,-7.96,19100
T,1122537,8.77,-8.47,19083
T,1122557,8.85,-9.20,19047
T,1122577,8.84,-10.03,19020
T,1122597,8.80,-10.28,18992
T,1122617,8.84,-11.38,18963
T,1122637,8.78,-12.13,18944
T,1122657,8.73,-12.49,18921
T,1122677,8.66,-13.37,18903
T,1122697,8.83,-13.46,18859
T,1122717,8.76,-14.54,18840
T,1122737,8.68,-14.83,18823
T,1122757,8.75,-15.09,18793
T,1122777,8.68,-15.33,18773
T,1122797,8.61,-15.90,18754
T,1122817,8.61,-16.40,18731
T,1122837,8.67,-16.26,18714
T,1122857,8.61,-16.08,18702
T,1122877,8.50,-15.51,18686
T,1122897,8.59,-15.50,18663
T,1122917,8.55,-15.25,18648
T,1122937,8.53,-15.78,18629
T,1122957,8.40,-15.82,18625
T,1122977,8.46,-15.86,18609
T,1122997,8.43,-15.78,18598
T,1123017,8.47,-16.14,18578
T,1123037,8.48,-16.08,18564
T,1123057,8.38,-15.76,18560
T,1123077,8.37,-15.58,18548
T,1123097,8.34,-15.42,18539
T,1123117,8.39,-15.67,18523
T,1123137,8.23,-15.37,18526
T,1123157,8.28,-15.45,18515
T,1123177,8.26,-15.01,18507
T,1123197,8.28,-14.76,18501
T,1123217,8.22,-14.72,18496
T,1123237,8.15,-14.17,18501
T,1123257,8.16,-14.39,18489
T,1123277,8.20,-14.04,18484
T,1123297,8.15,-14.03,18483
T,1123317,8.12,-13.30,18489
T,1123337,8.08,-12.63,18490
T,1123357,8.16,-12.74,18475
T,1123377,8.06,-12.42,18485
T,1123397,7.99,-12.50,18488
T,1123417,8.02,-12.00,18489
T,1123437,8.01,-11.89,18490
T,1123457,8.07,-11.04,18490
T,1123477,7.96,-10.54,18507
T,1123497,8.02,-9.93,18508
T,1123517,7.86,-9.43,18518
T,1123537,7.90,-9.44,18518
T,1123557,7.90,-9.11,18522
T,1123577,7.96,-9.08,18520
T,1123597,7.90,-8.54,18534
T,1123617,7.89,-8.63,18537
T,1123637,7.83,-7.94,18554
T,1123657,7.84,-7.62,18559
T,1123677,7.88,-7.39,18559
T,1123697,7.85,-7.37,18567
T,1123717,7.98,-7.05,18569
T,1123737,7.84,-6.40,18588
T,1123757,7.86,-6.16,18592
T,1123777,7.88,-5.27,18604
T,1123797,7.86,-4.80,18611
T,1123817,7.86,-4.62,18623
T,1123837,7.80,-4.55,18630
T,1123857,7.74,-4.39,18649
T,1123877,7.82,-3.69,18655
T,1123897,7.78,-3.57,18668
T,1123917,7.71,-3.03,18687
T,1123937,7.70,-2.93,18700
T,1123957,7.71,-2.47,18712
T,1123977,7.71,-2.35,18723
T,1123997,7.80,-2.43,18731
T,1124017,7.73,-2.21,18747
T,1124037,7.75,-2.04,18759
T,1124057,7.75,-1.19,18773
T,1124077,7.69,-0.50,18797
T,1124097,7.69,0.02,18815
T,1124117,7.68,0.54,18827
T,1124137,7.65,1.15,18848
T,1124157,7.83,1.40,18844
T,1124177,7.68,1.66,18872
T,1124197,7.77,1.85,18871
T,1124217,7.69,2.18,18890
T,1124237,7.78,2.19,18896
T,1124257,7.76,1.88,18903
T,1124277,7.79,1.61,18909
T,1124297,7.91,1.14,18910
T,1124317,7.87,1.33,18923
T,1124337,7.80,1.24,18939
T,1124357,7.78,1.93,18956
T,1124377,7.85,2.12,18956
T,1124397,7.95,2.40,18959
T,1124417,7.94,2.89,18967
T,1124437,7.91,2.91,18974
T,1124457,7.87,3.15,18997
T,1124477,7.86,2.91,18992
T,1124497,8.01,2.92,18989
T,1124517,7.94,2.89,18996
T,1124537,7.96,2.67,19001
T,1124557,7.89,2.52,19010
T,1124577,7.95,1.98,19010
T,1124597,7.97,2.17,19014
T,1124617,7.98,2.14,19021
T,1124637,7.98,2.52,19030
T,1124657,8.01,2.92,19031
T,1124677,7.92,2.78,19042
T,1124697,8.03,2.79,19035
T,1124717,7.98,2.27,19041
T,1124737,8.09,2.30,19040
T,1124757,8.05,2.22,19047
T,1124777,8.02,2.50,19057
T,1124797,8.06,2.42,19051
T,1124817,7.98,1.77,19057
T,1124837,7.99,1.94,19067
T,1124857,8.05,1.69,19062
T,1124877,8.03,2.32,19072
T,1124897,8.06,2.24,19071
T,1124917,8.00,2.58,19084
T,1124937,7.91,2.10,19086
T,1124957,8.06,2.33,19080
T,1124977,8.00,2.26,19092
T,1124997,8.14,2.21,19075
T,1125017,7.99,2.13,19091
T,1125037,7.98,1.91,19094
T,1125057,8.05,1.60,19084
T,1125077,8.07,1.41,19086
T,1125097,8.00,1.91,19098
T,1125117,7.99,2.12,19102
T,1125137,7.96,1.90,19108
T,1125157,8.08,1.81,19093
T,1125177,8.13,1.25,19090
T,1125197,8.00,1.61,19103
T,1125217,8.04,1.29,19103
T,1125237,8.06,1.25,19102
T,1125257,8.05,0.97,19103
T,1125277,7.98,0.77,19111
T,1125297,8.15,0.76,19095
T,1125317,8.12,0.64,19095
T,1125337,8.09,0.93,19104
T,1125357,8.09,0.80,19106
T,1125377,8.07,1.02,19109
T,1125397,8.12,0.92,19106
T,1125417,8.11,1.02,19108
T,1125437,7.98,1.20,19118
T,1125457,8.02,1.17,19118
T,1125477,8.01,1.28,19120
T,1125497,8.09,1.37,19115
T,1125517,8.08,1.57,19116
T,1125537,8.22,1.41,19100
T,1125557,8.12,1.56,19111
T,1125577,8.17,1.04,19103
T,1125597,8.10,0.91,19111
T,1125617,8.20,0.80,19103
T,1125637,8.06,0.78,19116
T,1125657,8.07,0.91,19115
T,1125677,8.07,0.49,19114
T,1125697,8.08,0.59,19114
T,1125717,7.96,0.39,19127
T,1125737,8.07,0.77,19119
T,1125757,8.04,0.68,19118
T,1125777,8.08,0.69,19121
T,1125797,8.02,0.30,19122
T,1125817,8.00,0.59,19129
T,1125837,8.01,1.03,19132
T,1125857,8.10,1.37,19129
T,1125877,8.00,1.72,19141
T,1125897,7.93,1.56,19148
T,1125917,8.08,1.75,19139
T,1125937,8.02,1.44,19144
T,1125957,8.05,1.62,19148
T,1125977,7.98,1.59,19154
T,1125997,7.94,1.92,19166
T,1126017,8.01,2.25,19166
T,1126037,8.09,2.33,19161
T,1126057,8.00,2.34,19172
T,1126077,8.02,2.23,19175
T,1126097,7.99,2.61,19182
T,1126117,7.93,2.55,19189
T,1126137,7.96,2.60,19196
T,1126157,8.04,2.71,19192
T,1126177,7.98,2.84,19207
T,1126197,8.00,2.98,19205
T,1126217,7.98,2.84,19206
T,1126237,7.98,3.01,19212
T,1126257,7.99,2.92,19216
T,1126277,7.98,3.38,19242
T,1126297,8.02,3.44,19248
T,1126317,7.98,3.44,19257
T,1126337,8.09,3.47,19253
T,1126357,8.04,3.22,19243
T,1126377,8.04,3.65,19279
T,1126397,8.03,3.79,19292
T,1126417,7.88,3.91,19316
T,1126437,7.99,4.00,19317
T,1126457,7.95,4.32,19354
T,1126477,7.95,4.60,19370
T,1126497,7.91,4.95,19410
T,1126517,7.87,5.51,19451
T,1126537,7.86,5.79,19480
T,1126557,7.86,6.19,19517
T,1126577,7.83,6.41,19544
T,1126597,7.79,7.01,19600
T,1126617,7.86,7.30,19622
T,1126637,7.78,7.67,19664
T,1126657,7.79,7.88,19690
T,1126677,7.83,8.36,19731
T,1126697,7.92,8.53,19742
T,1126717,7.90,8.80,19769
T,1126737,7.90,9.05,19798
T,1126757,7.83,9.42,19841
T,1126777,7.81,9.82,19876
T,1126797,7.83,9.95,19892
T,1126817,7.93,10.42,19922
T,1126837,7.87,10.59,19952
T,1126857,7.85,11.13,19999
T,1126877,7.83,11.29,20024
T,1126897,7.92,11.73,20054
T,1126917,7.93,11.88,20074
T,1126937,7.96,12.00,20087
T,1126957,7.95,12.21,20109
T,1126977,8.00,12.52,20138
T,1126997,7.96,12.89,20169
T,1127017,8.04,12.95,20171
T,1127037,7.97,13.38,20215
T,1127057,8.03,13.35,20212
T,1127077,8.14,13.45,20216
T,1127097,8.09,13.32,20214
T,1127117,8.07,13.24,20220
T,1127137,8.00,13.40,20242
T,1127157,8.12,13.40,20234
T,1127177,8.08,13.56,20255
T,1127197,8.13,13.40,20238
T,1127217,8.06,13.19,20238
T,1127237,8.11,12.87,20209
T,1127257,8.24,12.79,20200
T,1127277,8.16,12.64,20203
T,1127297,8.20,12.89,20213
T,1127317,8.29,12.88,20200
T,1127337,8.19,12.92,20216
T,1127357,8.25,12.72,20197
T,1127377,8.18,12.35,20176
T,1127397,8.29,12.07,20149
T,1127417,8.26,11.77,20132
T,1127437,8.33,11.62,20111
T,1127457,8.27,11.28,20091
T,1127477,8.34,11.22,20087
T,1127497,8.35,10.91,20056
T,1127517,8.31,10.74,20045
T,1127537,8.33,10.30,20013
T,1127557,8.25,10.02,20000
T,1127577,8.33,9.73,19971
T,1127597,8.34,9.14,19926
T,1127617,8.43,8.80,19897
T,1127637,8.42,8.54,19872
T,1127657,8.41,8.23,19848
T,1127677,8.45,7.93,19815
T,1127697,8.55,7.62,19775
T,1127717,8.60,6.91,19708
T,1127737,8.83,6.40,19632
T,1127757,8.88,5.52,19543
T,1127777,8.93,4.12,19426
T,1127797,9.06,2.61,19310
T,1127817,8.93,0.34,19286
T,1127837,9.00,-1.36,19245
T,1127857,8.92,-3.19,19220
T,1127877,8.97,-4.56,19185
T,1127897,8.94,-5.91,19155
T,1127917,8.83,-7.09,19136
T,1127937,8.86,-7.95,19105
T,1127957,8.89,-9.03,19076
T,1127977,8.87,-9.15,19051
T,1127997,8.87,-10.13,19021
T,1128017,8.73,-10.15,19013
T,1128037,8.68,-10.87,18993
T,1128057,8.80,-10.84,18960
T,1128077,8.73,-10.99,18939
T,1128097,8.67,-12.29,18915
T,1128117,8.61,-12.40,18903
T,1128137,8.63,-12.89,18881
T,1128157,8.65,-12.77,18858
T,1128177,8.70,-12.85,18832
T,1128197,8.61,-12.74,18823
T,1128217,8.54,-13.08,18806
T,1128237,8.68,-13.12,18771
T,1128257,8.62,-13.04,18754
T,1128277,8.62,-13.84,18732
T,1128297,8.61,-14.37,18719
T,1128317,8.50,-14.92,18705
T,1128337,8.49,-14.18,18689
T,1128357,8.55,-14.08,18666
T,1128377,8.53,-14.07,18653
T,1128397,8.43,-13.99,18646
T,1128417,8.51,-14.12,18618
T,1128437,8.47,-13.90,18612
T,1128457,8.45,-14.65,18597
T,1128477,8.46,-14.96,18581
T,1128497,8.35,-15.15,18576
T,1128517,8.42,-15.67,18561
T,1128537,8.40,-15.27,18551
T,1128557,8.33,-15.68,18542
T,1128577,8.33,-15.04,18534
T,1128597,8.22,-15.39,18535
T,1128617,8.25,-15.34,18526
T,1128637,8.21,-15.01,18522
T,1128657,8.20,-15.29,18511
T,1128677,8.14,-14.43,18515
T,1128697,8.16,-14.00,18505
T,1128717,8.09,-13.62,18514
T,1128737,8.13,-13.24,18508
T,1128757,8.20,-13.64,18492
T,1128777,8.23,-13.12,18490
T,1128797,8.12,-13.25,18496
T,1128817,8.13,-12.29,18500
T,1128837,8.07,-11.90,18502
T,1128857,8.06,-11.54,18504
T,1128877,8.00,-10.88,18507
T,1128897,8.04,-10.39,18510
T,1128917,7.93,-9.91,18521
T,1128937,7.92,-9.86,18524
T,1128957,8.03,-9.70,18517
T,1128977,7.96,-9.94,18525
T,1128997,7.97,-9.46,18534
T,1129017,7.98,-9.26,18532
T,1129037,7.91,-8.96,18540
T,1129057,7.87,-9.24,18546
T,1129077,7.95,-8.66,18552
T,1129097,7.89,-8.24,18562
T,1129117,7.97,-7.88,18564
T,1129137,7.84,-7.40,18579
T,1129157,7.84,-7.04,18586
T,1129177,7.91,-6.08,18590
T,1129197,7.85,-6.24,18600
T,1129217,7.83,-5.84,18616
T,1129237,7.86,-5.99,18618
T,1129257,7.82,-5.32,18638
T,1129277,7.77,-4.62,18652
T,1129297,7.84,-4.13,18660
T,1129317,7.73,-4.05,18672
T,1129337,7.81,-3.68,18684
T,1129357,7.76,-2.95,18697
T,1129377,7.76,-3.11,18706
T,1129397,7.72,-2.55,18724
T,1129417,7.74,-2.02,18737
T,1129437,7.78,-1.61,18748
T,1129457,7.75,-1.63,18757
T,1129477,7.76,-1.08,18775
T,1129497,7.89,-0.93,18771
T,1129517,7.77,-1.03,18788
T,1129537,7.74,-0.42,18802
T,1129557,7.80,-0.03,18810
T,1129577,7.79,0.29,18820
T,1129597,7.79,-0.00,18831
T,1129617,7.80,0.06,18838
T,1129637,7.88,0.25,18842
T,1129657,7.80,0.08,18864
T,1129677,7.79,0.15,18873
T,1129697,7.82,0.21,18882
T,1129717,7.81,0.62,18892
T,1129737,7.80,0.62,18895
T,1129757,7.81,1.33,18916
T,1129777,7.91,1.63,18912
T,1129797,7.85,2.18,18936
T,1129817,7.82,2.12,18937
T,1129837,7.92,2.23,18944
T,1129857,7.94,1.87,18942
T,1129877,7.98,2.00,18951
T,1129897,7.90,2.04,18966
T,1129917,7.94,1.72,18968
T,1129937,7.86,1.51,18981
T,1129957,7.94,1.05,18978
T,1129977,7.98,1.65,18985
T,1129997,7.93,1.90,18998
T,1130017,7.90,2.45,19004
T,1130037,8.03,2.31,19003
T,1130057,7.91,1.99,19017
T,1130077,7.86,2.29,19025
T,1130097,7.97,2.21,19027
T,1130117,7.90,2.73,19044
T,1130137,7.87,2.64,19049
T,1130157,7.87,2.90,19058
T,1130177,8.08,2.77,19039
T,1130197,7.95,2.63,19058
T,1130217,7.91,2.96,19071
T,1130237,7.95,2.71,19071
T,1130257,8.04,2.94,19068
T,1130277,8.05,2.60,19069
T,1130297,7.90,2.47,19085
T,1130317,8.01,2.36,19083
T,1130337,8.07,2.18,19081
T,1130357,8.04,2.16,19084
T,1130377,8.05,2.28,19090
T,1130397,8.01,2.37,19091
T,1130417,8.00,2.28,19101
T,1130437,8.09,2.45,19097
T,1130457,7.99,2.38,19102
T,1130477,8.10,2.51,19092
T,1130497,8.12,2.08,19096
T,1130517,8.05,2.25,19099
T,1130537,8.05,2.27,19102
T,1130557,8.06,2.40,19103
T,1130577,8.00,2.71,19111
T,1130597,8.11,2.52,19104
T,1130617,8.08,2.98,19108
T,1130637,8.04,2.58,19112
T,1130657,8.07,2.60,19116
T,1130677,8.02,2.01,19114
T,1130697,8.14,1.82,19106
T,1130717,8.09,2.16,19116
T,1130737,8.06,1.61,19111
T,1130757,8.01,1.58,19117
T,1130777,8.16,1.06,19101
T,1130797,8.14,1.02,19104
T,1130817,8.10,0.76,19103
T,1130837,8.02,0.77,19116
T,1130857,8.03,0.97,19118
T,1130877,8.10,1.31,19115
T,1130897,8.05,1.31,19116
T,1130917,8.08,0.90,19115
T,1130937,8.10,0.95,19109
T,1130957,8.06,0.49,19112
T,1130977,8.11,1.02,19110
T,1130997,8.10,0.95,19109
T,1131017,8.11,1.30,19112
T,1131037,8.06,1.29,19120
T,1131057,8.08,1.55,19117
T,1131077,8.10,1.69,19113
T,1131097,8.03,1.32,19118
T,1131117,8.07,1.83,19122
T,1131137,8.05,1.99,19124
T,1131157,8.05,2.02,19128
T,1131177,8.09,1.84,19123
T,1131197,8.24,1.97,19110
T,1131217,8.08,2.25,19123
T,1131237,8.17,2.03,19118
T,1131257,8.14,1.88,19117
T,1131277,8.05,1.34,19125
T,1131297,8.16,1.57,19120
T,1131317,8.09,1.30,19120
T,1131337,8.13,1.84,19123
T,1131357,8.18,1.76,19114
T,1131377,8.10,1.48,19124
T,1131397,8.20,1.68,19115
T,1131417,8.07,1.50,19128
T,1131437,8.09,1.43,19123
T,1131457,8.13,1.23,19123
T,1131477,8.14,1.41,19116
T,1131497,8.08,1.18,19126
T,1131517,8.13,1.27,19125
T,1131537,8.07,1.24,19128
T,1131557,8.07,1.34,19133
T,1131577,8.14,1.51,19126
T,1131597,8.04,1.17,19130
T,1131617,8.13,1.39,19133
T,1131637,8.12,1.36,19131
T,1131657,8.18,1.71,19129
T,1131677,8.12,1.35,19132
T,1131697,8.01,1.10,19139
T,1131717,8.16,0.92,19129
T,1131737,8.08,0.98,19138
T,1131757,8.05,1.52,19147
T,1131777,8.07,1.81,19148
T,1131797,7.97,1.99,19150
T,1131817,8.05,2.29,19151
T,1131837,8.06,2.42,19152
T,1131857,8.13,2.36,19143
T,1131877,8.16,2.88,19151
T,1131897,8.04,2.60,19156
T,1131917,8.10,2.57,19154
T,1131937,8.04,2.17,19161
T,1131957,8.08,2.22,19161
T,1131977,8.06,2.16,19154
T,1131997,8.11,2.16,19160
T,1132017,8.11,2.24,19158
T,1132037,8.04,1.69,19157
T,1132057,8.03,1.63,19162
T,1132077,8.05,1.46,19160
T,1132097,8.03,1.69,19167
T,1132117,8.08,1.64,19162
T,1132137,8.07,2.02,19166
T,1132157,8.19,2.08,19157
T,1132177,8.09,2.43,19169
T,1132197,8.13,2.33,19159
T,1132217,8.04,2.15,19171
T,1132237,8.16,2.66,19164
T,1132257,8.14,2.55,19166
T,1132277,8.01,2.58,19177
T,1132297,8.14,2.40,19173
T,1132317,7.99,2.52,19188
T,1132337,7.96,2.62,19193
T,1132357,7.96,3.04,19206
T,1132377,8.05,3.37,19220
T,1132397,7.96,3.53,19246
T,1132417,7.94,3.67,19257
T,1132437,7.92,3.67,19273
T,1132457,8.02,4.01,19291
T,1132477,7.89,4.28,19325
T,1132497,7.90,4.71,19362
T,1132517,7.90,5.19,19400
T,1132537,7.94,5.42,19418
T,1132557,7.90,5.50,19431
T,1132577,7.83,5.62,19456
T,1132597,7.89,6.06,19490
T,1132617,7.92,6.13,19498
T,1132637,7.91,6.41,19527
T,1132657,7.93,6.39,19527
T,1132677,7.79,6.64,19567
T,1132697,7.86,6.82,19590
T,1132717,7.89,6.91,19600
T,1132737,7.84,7.46,19651
T,1132757,7.86,7.65,19673
T,1132777,7.93,8.07,19707
T,1132797,7.82,8.09,19722
T,1132817,7.93,8.19,19729
T,1132837,7.89,8.70,19772
T,1132857,7.94,8.85,19787
T,1132877,7.92,9.08,19814
T,1132897,7.96,9.13,19819
T,1132917,7.91,9.41,19849
T,1132937,7.91,9.49,19861
T,1132957,8.04,9.36,19852
T,1132977,7.99,9.99,19908
T,1132997,7.97,10.31,19933
T,1133017,7.94,10.76,19974
T,1133037,7.88,10.90,19995
T,1133057,7.90,11.30,20029
T,1133077,7.94,11.60,20060
T,1133097,7.93,12.10,20103
T,1133117,7.96,12.14,20107
T,1133137,8.00,12.21,20117
T,1133157,7.93,12.37,20140
T,1133177,7.94,12.16,20129
T,1133197,8.00,12.13,20136
T,1133217,8.04,12.17,20144
T,1133237,8.00,12.76,20194
T,1133257,7.86,13.02,20234
T,1133277,7.95,13.73,20283
T,1133297,7.88,14.04,20315
T,1133317,7.92,14.17,20336
T,1133337,8.02,14.50,20352
T,1133357,7.97,14.59,20365
T,1133377,8.03,14.91,20395
T,1133397,8.01,14.97,20417
T,1133417,8.04,15.08,20422
T,1133437,8.15,14.91,20408
T,1133457,8.08,15.03,20428
T,1133477,8.06,15.05,20439
T,1133497,8.06,15.19,20458
T,1133517,8.06,15.18,20459
T,1133537,8.08,14.94,20454
T,1133557,8.08,15.06,20472
T,1133577,7.98,15.14,20487
T,1133597,8.05,15.43,20509
T,1133617,8.19,15.46,20502
T,1133637,8.08,15.53,20523
T,1133657,8.14,15.55,20523
T,1133677,8.11,15.47,20526
T,1133697,8.05,15.58,20539
T,1133717,8.22,15.60,20531
T,1133737,8.11,15.66,20548
T,1133757,8.30,15.66,20537
T,1133777,8.26,15.70,20541
T,1133797,8.26,15.67,20535
T,1133817,8.21,15.73,20544
T,1133837,8.27,15.56,20536
T,1133857,8.19,15.47,20542
T,1133877,8.27,15.28,20520
T,1133897,8.38,14.88,20484
T,1133917,8.30,14.81,20477
T,1133937,8.24,14.53,20474
T,1133957,8.26,14.58,20475
T,1133977,8.27,14.32,20453
T,1133997,8.33,14.31,20449
T,1134017,8.39,14.11,20423
T,1134037,8.40,13.76,20392
T,1134057,8.48,13.17,20340
T,1134077,8.44,12.89,20325
T,1134097,8.37,12.59,20306
T,1134117,8.45,12.10,20257
T,1134137,8.49,12.02,20244
T,1134157,8.58,11.51,20191
T,1134177,8.61,10.93,20132
T,1134197,8.70,10.01,20051
T,1134217,8.85,9.20,19962
T,1134237,8.98,8.10,19853
T,1134257,8.94,6.68,19739
T,1134277,9.16,5.28,19600
T,1134297,9.27,3.57,19457
T,1134317,9.17,1.84,19377
T,1134337,9.18,-0.21,19338
T,1134357,9.04,-1.57,19311
T,1134377,9.08,-3.43,19275
T,1134397,9.03,-5.89,19239
T,1134417,9.00,-7.66,19215
T,1134437,8.86,-9.52,19192
T,1134457,8.86,-9.80,19169
T,1134477,8.93,-11.01,19125
T,1134497,8.93,-12.13,19099
T,1134517,8.78,-13.00,19081
T,1134537,8.85,-12.81,19047
T,1134557,8.86,-12.79,19018
T,1134577,8.84,-13.42,18990
T,1134597,8.89,-13.70,18957
T,1134617,8.81,-14.51,18929
T,1134637,8.83,-14.03,18905
T,1134657,8.75,-14.68,18885
T,1134677,8.79,-15.52,18849
T,1134697,8.81,-16.67,18815
T,1134717,8.74,-17.34,18798
T,1134737,8.75,-17.54,18771
T,1134757,8.77,-17.77,18746
T,1134777,8.68,-17.67,18728
T,1134797,8.71,-18.09,18703
T,1134817,8.64,-18.56,18684
T,1134837,8.60,-19.24,18661
T,1134857,8.67,-19.02,18639
T,1134877,8.72,-19.15,18613
T,1134897,8.54,-19.35,18608
T,1134917,8.53,-19.64,18590
T,1134937,8.50,-19.40,18575
T,1134957,8.56,-18.87,18554
T,1134977,8.53,-19.43,18538
T,1134997,8.59,-19.59,18512
T,1135017,8.53,-20.17,18500
T,1135037,8.49,-19.65,18489
T,1135057,8.44,-19.90,18476
T,1135077,8.41,-19.73,18470
T,1135097,8.45,-19.91,18449
T,1135117,8.39,-19.43,18440
T,1135137,8.39,-19.21,18426
T,1135157,8.37,-19.03,18416
T,1135177,8.38,-19.02,18403
T,1135197,8.37,-19.29,18392
T,1135217,8.35,-18.54,18383
T,1135237,8.32,-18.65,18374
T,1135257,8.21,-18.19,18374
T,1135277,8.29,-18.31,18359
T,1135297,8.29,-17.77,18354
T,1135317,8.19,-17.74,18355
T,1135337,8.31,-17.44,18341
T,1135357,8.32,-17.76,18329
T,1135377,8.16,-18.30,18333
T,1135397,8.15,-17.54,18332
T,1135417,8.12,-17.65,18328
T,1135437,8.09,-16.43,18334
T,1135457,8.08,-16.28,18327
T,1135477,8.09,-16.38,18326
T,1135497,8.11,-16.46,18321
T,1135517,8.01,-15.94,18332
T,1135537,8.01,-15.86,18329
T,1135557,8.01,-15.70,18329
T,1135577,8.01,-14.79,18330
T,1135597,8.00,-14.88,18333
T,1135617,7.95,-14.08,18347
T,1135637,7.87,-13.93,18351
T,1135657,7.97,-13.41,18353
T,1135677,7.92,-13.12,18361
T,1135697,7.85,-12.40,18374
T,1135717,7.84,-12.02,18380
T,1135737,7.81,-11.58,18394
T,1135757,7.89,-10.99,18390
T,1135777,7.84,-10.75,18403
T,1135797,7.80,-10.38,18415
T,1135817,7.88,-9.91,18416
T,1135837,7.81,-9.85,18428
T,1135857,7.85,-9.91,18434
T,1135877,7.86,-9.44,18444
T,1135897,7.78,-8.64,18456
T,1135917,7.82,-8.57,18462
T,1135937,7.68,-7.58,18488
T,1135957,7.74,-7.31,18496
T,1135977,7.76,-6.45,18510
T,1135997,7.66,-6.16,18529
T,1136017,7.68,-5.52,18543
T,1136037,7.71,-4.95,18554
T,1136057,7.75,-4.67,18564
T,1136077,7.65,-4.02,18587
T,1136097,7.70,-3.98,18597
T,1136117,7.72,-3.36,18610
T,1136137,7.62,-3.29,18631
T,1136157,7.67,-2.21,18644
T,1136177,7.63,-1.66,18663
T,1136197,7.69,-0.66,18681
T,1136217,7.61,-0.28,18701
T,1136237,7.65,-0.08,18710
T,1136257,7.65,0.13,18723
T,1136277,7.67,0.49,18744
T,1136297,7.72,0.80,18750
T,1136317,7.71,0.56,18763
T,1136337,7.66,1.21,18789
T,1136357,7.69,1.33,18800
T,1136377,7.65,2.02,18823
T,1136397,7.76,2.04,18823
T,1136417,7.71,2.07,18843
T,1136437,7.65,2.12,18863
T,1136457,7.76,1.95,18866
T,1136477,7.78,1.68,18875
T,1136497,7.70,1.37,18897
T,1136517,7.76,2.04,18907
T,1136537,7.81,1.99,18910
T,1136557,7.79,2.52,18929
T,1136577,7.83,2.74,18933
T,1136597,7.84,3.02,18945
T,1136617,7.80,3.32,18979
T,1136637,7.87,3.35,18980
T,1136657,7.92,3.44,18988
T,1136677,7.99,2.99,18961
T,1136697,7.80,3.33,19007
T,1136717,7.83,3.23,19010
T,1136737,7.95,3.46,19019
T,1136757,7.91,3.14,19007
T,1136777,8.06,3.16,19000
T,1136797,8.03,3.10,19004
T,1136817,7.99,2.92,19007
T,1136837,7.94,3.06,19024
T,1136857,7.93,3.00,19024
T,1136877,7.99,3.24,19039
T,1136897,8.05,3.27,19040
T,1136917,8.03,2.79,19025
T,1136937,8.05,2.52,19028
T,1136957,8.02,2.35,19034
T,1136977,7.98,2.44,19039
T,1136997,8.00,2.47,19042
T,1137017,7.99,2.50,19043
T,1137037,8.07,1.92,19039
T,1137057,7.91,2.03,19056
T,1137077,8.09,1.52,19042
T,1137097,8.10,1.74,19048
T,1137117,8.02,1.35,19050
T,1137137,8.05,1.40,19059
T,1137157,8.14,1.14,19049
T,1137177,8.03,1.62,19066
T,1137197,7.97,2.10,19075
T,1137217,8.16,2.30,19059
T,1137237,8.08,2.35,19069
T,1137257,8.07,2.54,19074
T,1137277,8.13,2.53,19068
T,1137297,8.13,2.21,19072
T,1137317,8.04,2.68,19083
T,1137337,7.98,2.53,19087
T,1137357,7.99,3.04,19092
T,1137377,8.08,2.87,19084
T,1137397,8.05,2.67,19086
T,1137417,8.05,2.32,19088
T,1137437,8.13,2.18,19090
T,1137457,8.10,2.15,19090
T,1137477,8.11,1.87,19083
T,1137497,8.09,2.14,19094
T,1137517,8.08,1.73,19089
T,1137537,8.11,1.90,19095
T,1137557,8.07,1.48,19098
T,1137577,8.16,1.69,19093
T,1137597,8.16,1.46,19087
T,1137617,8.15,1.05,19089
T,1137637,8.13,1.10,19093
T,1137657,8.05,1.07,19104
T,1137677,8.13,1.44,19095
T,1137697,8.15,1.23,19090
T,1137717,8.06,1.18,19099
T,1137737,8.00,1.09,19103
T,1137757,8.12,0.75,19093
T,1137777,8.05,0.33,19098
T,1137797,8.17,0.76,19096
T,1137817,8.08,0.92,19101
T,1137837,8.09,0.93,19102
T,1137857,8.03,1.26,19106
T,1137877,8.04,1.02,19101
T,1137897,8.07,1.65,19108
T,1137917,8.07,1.33,19108
T,1137937,8.05,1.50,19119
T,1137957,8.02,1.49,19117
T,1137977,8.07,1.29,19113
T,1137997,8.10,1.48,19114
T,1138017,8.16,1.14,19108
T,1138037,8.04,1.44,19125
T,1138057,8.14,1.62,19114
T,1138077,8.05,2.04,19129
T,1138097,8.02,1.99,19127
T,1138117,8.10,1.79,19125
T,1138137,8.04,1.77,19130
T,1138157,8.16,1.48,19118
T,1138177,8.14,1.62,19121
T,1138197,8.23,0.88,19106
T,1138217,8.25,0.21,19099
T,1138237,8.15,-0.27,19104
T,1138257,8.08,-0.13,19114
T,1138277,8.14,-0.39,19105
